Component: ARM Compiler 5.06 update 7 (build 960) Tool: armlink [4d3601]

==============================================================================

Section Cross References

    startup_stm32f413xx.o(STACK) refers (Special) to heapauxi.o(.text) for __use_two_region_memory
    startup_stm32f413xx.o(HEAP) refers (Special) to heapauxi.o(.text) for __use_two_region_memory
    startup_stm32f413xx.o(RESET) refers (Special) to heapauxi.o(.text) for __use_two_region_memory
    startup_stm32f413xx.o(RESET) refers to startup_stm32f413xx.o(STACK) for __initial_sp
    startup_stm32f413xx.o(RESET) refers to startup_stm32f413xx.o(.text) for Reset_Handler
    startup_stm32f413xx.o(RESET) refers to stm32f4xx_it.o(i.NMI_Handler) for NMI_Handler
    startup_stm32f413xx.o(RESET) refers to stm32f4xx_it.o(i.HardFault_Handler) for HardFault_Handler
    startup_stm32f413xx.o(RESET) refers to stm32f4xx_it.o(i.MemManage_Handler) for MemManage_Handler
    startup_stm32f413xx.o(RESET) refers to stm32f4xx_it.o(i.BusFault_Handler) for BusFault_Handler
    startup_stm32f413xx.o(RESET) refers to stm32f4xx_it.o(i.UsageFault_Handler) for UsageFault_Handler
    startup_stm32f413xx.o(RESET) refers to stm32f4xx_it.o(i.SVC_Handler) for SVC_Handler
    startup_stm32f413xx.o(RESET) refers to stm32f4xx_it.o(i.DebugMon_Handler) for DebugMon_Handler
    startup_stm32f413xx.o(RESET) refers to stm32f4xx_it.o(i.PendSV_Handler) for PendSV_Handler
    startup_stm32f413xx.o(RESET) refers to stm32f4xx_it.o(i.SysTick_Handler) for SysTick_Handler
    startup_stm32f413xx.o(RESET) refers to stm32f4xx_it.o(i.DMA1_Stream3_IRQHandler) for DMA1_Stream3_IRQHandler
    startup_stm32f413xx.o(RESET) refers to stm32f4xx_it.o(i.UART4_IRQHandler) for UART4_IRQHandler
    startup_stm32f413xx.o(RESET) refers to stm32f4xx_it.o(i.UART7_IRQHandler) for UART7_IRQHandler
    startup_stm32f413xx.o(.text) refers (Special) to heapauxi.o(.text) for __use_two_region_memory
    startup_stm32f413xx.o(.text) refers to system_stm32f4xx.o(i.SystemInit) for SystemInit
    startup_stm32f413xx.o(.text) refers to __main.o(!!!main) for __main
    startup_stm32f413xx.o(.text) refers to startup_stm32f413xx.o(HEAP) for Heap_Mem
    startup_stm32f413xx.o(.text) refers to startup_stm32f413xx.o(STACK) for Stack_Mem
    main.o(i.HAL_UART_RxCpltCallback) refers to stm32f4xx_hal_uart.o(i.HAL_UART_Receive_DMA) for HAL_UART_Receive_DMA
    main.o(i.HAL_UART_RxCpltCallback) refers to main.o(.bss) for .bss
    main.o(i.HAL_UART_RxCpltCallback) refers to main.o(.data) for .data
    main.o(i.MAGN_init) refers to stm32f4xx_hal_i2c.o(i.HAL_I2C_Mem_Write) for HAL_I2C_Mem_Write
    main.o(i.MAGN_init) refers to stm32f4xx_hal.o(i.HAL_Delay) for HAL_Delay
    main.o(i.MAGN_init) refers to stm32f4xx_hal_i2c.o(i.HAL_I2C_Mem_Read) for HAL_I2C_Mem_Read
    main.o(i.MAGN_init) refers to main.o(.bss) for .bss
    main.o(i.MPU_filter) refers to main.o(i.Med) for Med
    main.o(i.MPU_filter) refers to dfix.o(x$fpl$dfix) for __aeabi_d2iz
    main.o(i.MPU_get_accel) refers to stm32f4xx_hal_i2c.o(i.HAL_I2C_Mem_Read) for HAL_I2C_Mem_Read
    main.o(i.MPU_get_accel) refers to main.o(.bss) for .bss
    main.o(i.MPU_get_gyro) refers to stm32f4xx_hal_i2c.o(i.HAL_I2C_Mem_Read) for HAL_I2C_Mem_Read
    main.o(i.MPU_get_gyro) refers to main.o(.bss) for .bss
    main.o(i.MPU_get_magn) refers to stm32f4xx_hal_i2c.o(i.HAL_I2C_Mem_Read) for HAL_I2C_Mem_Read
    main.o(i.MPU_get_magn) refers to main.o(.bss) for .bss
    main.o(i.MPU_init) refers to stm32f4xx_hal_i2c.o(i.HAL_I2C_Mem_Write) for HAL_I2C_Mem_Write
    main.o(i.MPU_init) refers to stm32f4xx_hal.o(i.HAL_Delay) for HAL_Delay
    main.o(i.MPU_init) refers to stm32f4xx_hal_i2c.o(i.HAL_I2C_Mem_Read) for HAL_I2C_Mem_Read
    main.o(i.MPU_init) refers to main.o(.bss) for .bss
    main.o(i.MX_TIM1_Init) refers to rt_memclr_w.o(.text) for __aeabi_memclr4
    main.o(i.MX_TIM1_Init) refers to stm32f4xx_hal_tim.o(i.HAL_TIM_PWM_Init) for HAL_TIM_PWM_Init
    main.o(i.MX_TIM1_Init) refers to stm32f4xx_hal_tim_ex.o(i.HAL_TIMEx_MasterConfigSynchronization) for HAL_TIMEx_MasterConfigSynchronization
    main.o(i.MX_TIM1_Init) refers to stm32f4xx_hal_tim.o(i.HAL_TIM_PWM_ConfigChannel) for HAL_TIM_PWM_ConfigChannel
    main.o(i.MX_TIM1_Init) refers to stm32f4xx_hal_tim_ex.o(i.HAL_TIMEx_ConfigBreakDeadTime) for HAL_TIMEx_ConfigBreakDeadTime
    main.o(i.MX_TIM1_Init) refers to stm32f4xx_hal_msp.o(i.HAL_TIM_MspPostInit) for HAL_TIM_MspPostInit
    main.o(i.MX_TIM1_Init) refers to main.o(.bss) for .bss
    main.o(i.MX_TIM2_Init) refers to rt_memclr_w.o(.text) for __aeabi_memclr4
    main.o(i.MX_TIM2_Init) refers to stm32f4xx_hal_tim.o(i.HAL_TIM_PWM_Init) for HAL_TIM_PWM_Init
    main.o(i.MX_TIM2_Init) refers to stm32f4xx_hal_tim_ex.o(i.HAL_TIMEx_MasterConfigSynchronization) for HAL_TIMEx_MasterConfigSynchronization
    main.o(i.MX_TIM2_Init) refers to stm32f4xx_hal_tim.o(i.HAL_TIM_PWM_ConfigChannel) for HAL_TIM_PWM_ConfigChannel
[...]
    .ARM.Collect$$_printf_percent$$00000017  0x08000252   Section        4  _printf_percent_end.o(.ARM.Collect$$_printf_percent$$00000017)
    .ARM.Collect$$libinit$$00000000          0x08000256   Section        2  libinit.o(.ARM.Collect$$libinit$$00000000)
    .ARM.Collect$$libinit$$00000001          0x08000258   Section        4  libinit2.o(.ARM.Collect$$libinit$$00000001)
    .ARM.Collect$$libinit$$00000004          0x0800025c   Section        0  libinit2.o(.ARM.Collect$$libinit$$00000004)
    .ARM.Collect$$libinit$$0000000A          0x0800025c   Section        0  libinit2.o(.ARM.Collect$$libinit$$0000000A)
    .ARM.Collect$$libinit$$0000000C          0x0800025c   Section        0  libinit2.o(.ARM.Collect$$libinit$$0000000C)
    .ARM.Collect$$libinit$$0000000E          0x0800025c   Section        0  libinit2.o(.ARM.Collect$$libinit$$0000000E)
    .ARM.Collect$$libinit$$00000011          0x0800025c   Section        0  libinit2.o(.ARM.Collect$$libinit$$00000011)
    .ARM.Collect$$libinit$$00000013          0x0800025c   Section        0  libinit2.o(.ARM.Collect$$libinit$$00000013)
    .ARM.Collect$$libinit$$00000015          0x0800025c   Section        0  libinit2.o(.ARM.Collect$$libinit$$00000015)
    .ARM.Collect$$libinit$$00000017          0x0800025c   Section        0  libinit2.o(.ARM.Collect$$libinit$$00000017)
    .ARM.Collect$$libinit$$00000019          0x0800025c   Section        0  libinit2.o(.ARM.Collect$$libinit$$00000019)
    .ARM.Collect$$libinit$$0000001B          0x0800025c   Section        0  libinit2.o(.ARM.Collect$$libinit$$0000001B)
    .ARM.Collect$$libinit$$0000001D          0x0800025c   Section        0  libinit2.o(.ARM.Collect$$libinit$$0000001D)
    .ARM.Collect$$libinit$$0000001F          0x0800025c   Section        0  libinit2.o(.ARM.Collect$$libinit$$0000001F)
    .ARM.Collect$$libinit$$00000021          0x0800025c   Section        0  libinit2.o(.ARM.Collect$$libinit$$00000021)
    .ARM.Collect$$libinit$$00000023          0x0800025c   Section        0  libinit2.o(.ARM.Collect$$libinit$$00000023)
    .ARM.Collect$$libinit$$00000025          0x0800025c   Section        0  libinit2.o(.ARM.Collect$$libinit$$00000025)
    .ARM.Collect$$libinit$$0000002C          0x0800025c   Section        0  libinit2.o(.ARM.Collect$$libinit$$0000002C)
    .ARM.Collect$$libinit$$0000002E          0x0800025c   Section        0  libinit2.o(.ARM.Collect$$libinit$$0000002E)
    .ARM.Collect$$libinit$$00000030          0x0800025c   Section        0  libinit2.o(.ARM.Collect$$libinit$$00000030)
    .ARM.Collect$$libinit$$00000032          0x0800025c   Section        0  libinit2.o(.ARM.Collect$$libinit$$00000032)
    .ARM.Collect$$libinit$$00000033          0x0800025c   Section        2  libinit2.o(.ARM.Collect$$libinit$$00000033)
    .ARM.Collect$$libshutdown$$00000000      0x0800025e   Section        2  libshutdown.o(.ARM.Collect$$libshutdown$$00000000)
    .ARM.Collect$$libshutdown$$00000002      0x08000260   Section        0  libshutdown2.o(.ARM.Collect$$libshutdown$$00000002)
    .ARM.Collect$$libshutdown$$00000004      0x08000260   Section        0  libshutdown2.o(.ARM.Collect$$libshutdown$$00000004)
    .ARM.Collect$$libshutdown$$00000006      0x08000260   Section        0  libshutdown2.o(.ARM.Collect$$libshutdown$$00000006)
    .ARM.Collect$$libshutdown$$00000009      0x08000260   Section        0  libshutdown2.o(.ARM.Collect$$libshutdown$$00000009)
    .ARM.Collect$$libshutdown$$0000000C      0x08000260   Section        0  libshutdown2.o(.ARM.Collect$$libshutdown$$0000000C)
    .ARM.Collect$$libshutdown$$0000000E      0x08000260   Section        0  libshutdown2.o(.ARM.Collect$$libshutdown$$0000000E)
    .ARM.Collect$$libshutdown$$00000011      0x08000260   Section        0  libshutdown2.o(.ARM.Collect$$libshutdown$$00000011)
    .ARM.Collect$$libshutdown$$00000012      0x08000260   Section        2  libshutdown2.o(.ARM.Collect$$libshutdown$$00000012)
    .ARM.Collect$$rtentry$$00000000          0x08000262   Section        0  __rtentry.o(.ARM.Collect$$rtentry$$00000000)
    .ARM.Collect$$rtentry$$00000002          0x08000262   Section        0  __rtentry2.o(.ARM.Collect$$rtentry$$00000002)
    .ARM.Collect$$rtentry$$00000004          0x08000262   Section        6  __rtentry4.o(.ARM.Collect$$rtentry$$00000004)
    .ARM.Collect$$rtentry$$00000009          0x08000268   Section        0  __rtentry2.o(.ARM.Collect$$rtentry$$00000009)
    .ARM.Collect$$rtentry$$0000000A          0x08000268   Section        4  __rtentry2.o(.ARM.Collect$$rtentry$$0000000A)
    .ARM.Collect$$rtentry$$0000000C          0x0800026c   Section        0  __rtentry2.o(.ARM.Collect$$rtentry$$0000000C)
    .ARM.Collect$$rtentry$$0000000D          0x0800026c   Section        8  __rtentry2.o(.ARM.Collect$$rtentry$$0000000D)
    .ARM.Collect$$rtexit$$00000000           0x08000274   Section        2  rtexit.o(.ARM.Collect$$rtexit$$00000000)
    .ARM.Collect$$rtexit$$00000002           0x08000276   Section        0  rtexit2.o(.ARM.Collect$$rtexit$$00000002)
    .ARM.Collect$$rtexit$$00000003           0x08000276   Section        4  rtexit2.o(.ARM.Collect$$rtexit$$00000003)
    .ARM.Collect$$rtexit$$00000004           0x0800027a   Section        6  rtexit2.o(.ARM.Collect$$rtexit$$00000004)
    .text                                    0x08000280   Section       64  startup_stm32f413xx.o(.text)
    $v0                                      0x08000280   Number         0  startup_stm32f413xx.o(.text)
    .text                                    0x080002c0   Section      238  lludivv7m.o(.text)
    .text                                    0x080003b0   Section        0  noretval__2sprintf.o(.text)
    .text                                    0x080003d8   Section        0  __printf.o(.text)
    .text                                    0x08000440   Section        0  _printf_dec.o(.text)
    .text                                    0x080004b8   Section        0  strlen.o(.text)
    .text                                    0x080004f6   Section       78  rt_memclr_w.o(.text)
    .text                                    0x08000544   Section        0  heapauxi.o(.text)
    .text                                    0x0800054a   Section        0  _printf_intcommon.o(.text)
    .text                                    0x080005fc   Section        0  _printf_char_common.o(.text)
    _printf_input_char                       0x080005fd   Thumb Code    10  _printf_char_common.o(.text)
    .text                                    0x0800062c   Section        0  _sputc.o(.text)
    .text                                    0x08000636   Section       74  sys_stackheap_outer.o(.text)
    .text                                    0x08000680   Section        0  exit.o(.text)
    .text                                    0x08000694   Section        8  libspace.o(.text)
    .text                                    0x0800069c   Section        0  sys_exit.o(.text)
    .text                                    0x080006a8   Section        2  use_no_semi.o(.text)
    .text                                    0x080006aa   Section        0  indicate_semi.o(.text)
    i.BusFault_Handler                       0x080006aa   Section        0  stm32f4xx_it.o(i.BusFault_Handler)
    i.DMA1_Stream3_IRQHandler                0x080006ac   Section        0  stm32f4xx_it.o(i.DMA1_Stream3_IRQHandler)
    i.DMA_CalcBaseAndBitshift                0x080006b8   Section        0  stm32f4xx_hal_dma.o(i.DMA_CalcBaseAndBitshift)
    DMA_CalcBaseAndBitshift                  0x080006b9   Thumb Code    34  stm32f4xx_hal_dma.o(i.DMA_CalcBaseAndBitshift)
    i.DMA_CheckFifoParam                     0x080006e0   Section        0  stm32f4xx_hal_dma.o(i.DMA_CheckFifoParam)
    DMA_CheckFifoParam                       0x080006e1   Thumb Code    84  stm32f4xx_hal_dma.o(i.DMA_CheckFifoParam)
    i.DMA_SetConfig                          0x08000734   Section        0  stm32f4xx_hal_dma.o(i.DMA_SetConfig)
    DMA_SetConfig                            0x08000735   Thumb Code    40  stm32f4xx_hal_dma.o(i.DMA_SetConfig)
    i.DebugMon_Handler                       0x0800075c   Section        0  stm32f4xx_it.o(i.DebugMon_Handler)
    i.Error_Handler                          0x0800075e   Section        0  main.o(i.Error_Handler)
    i.HAL_DMA_Abort                          0x08000762   Section        0  stm32f4xx_hal_dma.o(i.HAL_DMA_Abort)
    i.HAL_DMA_Abort_IT                       0x080007f4   Section        0  stm32f4xx_hal_dma.o(i.HAL_DMA_Abort_IT)
    i.HAL_DMA_IRQHandler                     0x08000818   Section        0  stm32f4xx_hal_dma.o(i.HAL_DMA_IRQHandler)
    i.HAL_DMA_Init                           0x080009b8   Section        0  stm32f4xx_hal_dma.o(i.HAL_DMA_Init)
    i.HAL_DMA_Start_IT                       0x08000a8c   Section        0  stm32f4xx_hal_dma.o(i.HAL_DMA_Start_IT)
    i.HAL_GPIO_Init                          0x08000afc   Section        0  stm32f4xx_hal_gpio.o(i.HAL_GPIO_Init)
    i.HAL_GetTick                            0x08000cd8   Section        0  stm32f4xx_hal.o(i.HAL_GetTick)
    i.HAL_I2C_Init                           0x08000ce4   Section        0  stm32f4xx_hal_i2c.o(i.HAL_I2C_Init)
    i.HAL_I2C_Mem_Read                       0x08000e6c   Section        0  stm32f4xx_hal_i2c.o(i.HAL_I2C_Mem_Read)
    i.HAL_I2C_MspInit                        0x08001064   Section        0  stm32f4xx_hal_msp.o(i.HAL_I2C_MspInit)
    i.HAL_IncTick                            0x080010d0   Section        0  stm32f4xx_hal.o(i.HAL_IncTick)
    i.HAL_Init                               0x080010e0   Section        0  stm32f4xx_hal.o(i.HAL_Init)
    i.HAL_InitTick                           0x08001114   Section        0  stm32f4xx_hal.o(i.HAL_InitTick)
    i.HAL_MspInit                            0x08001154   Section        0  stm32f4xx_hal_msp.o(i.HAL_MspInit)
    i.HAL_NVIC_EnableIRQ                     0x08001184   Section        0  stm32f4xx_hal_cortex.o(i.HAL_NVIC_EnableIRQ)
    i.HAL_NVIC_SetPriority                   0x080011a0   Section        0  stm32f4xx_hal_cortex.o(i.HAL_NVIC_SetPriority)
    i.HAL_NVIC_SetPriorityGrouping           0x080011e0   Section        0  stm32f4xx_hal_cortex.o(i.HAL_NVIC_SetPriorityGrouping)
    i.HAL_RCC_ClockConfig                    0x08001204   Section        0  stm32f4xx_hal_rcc.o(i.HAL_RCC_ClockConfig)
    i.HAL_RCC_GetPCLK1Freq                   0x08001338   Section        0  stm32f4xx_hal_rcc.o(i.HAL_RCC_GetPCLK1Freq)
    i.HAL_RCC_GetPCLK2Freq                   0x08001358   Section        0  stm32f4xx_hal_rcc.o(i.HAL_RCC_GetPCLK2Freq)
    i.HAL_RCC_GetSysClockFreq                0x08001378   Section        0  stm32f4xx_hal_rcc.o(i.HAL_RCC_GetSysClockFreq)
    i.HAL_RCC_OscConfig                      0x080013dc   Section        0  stm32f4xx_hal_rcc_ex.o(i.HAL_RCC_OscConfig)
    i.HAL_SYSTICK_Config                     0x0800175c   Section        0  stm32f4xx_hal_cortex.o(i.HAL_SYSTICK_Config)
    i.HAL_TIMEx_ConfigBreakDeadTime          0x08001784   Section        0  stm32f4xx_hal_tim_ex.o(i.HAL_TIMEx_ConfigBreakDeadTime)
    i.HAL_TIMEx_MasterConfigSynchronization  0x080017d8   Section        0  stm32f4xx_hal_tim_ex.o(i.HAL_TIMEx_MasterConfigSynchronization)
    i.HAL_TIM_Base_Init                      0x08001868   Section        0  stm32f4xx_hal_tim.o(i.HAL_TIM_Base_Init)
    i.HAL_TIM_Base_MspInit                   0x080018c4   Section        0  stm32f4xx_hal_msp.o(i.HAL_TIM_Base_MspInit)
    i.HAL_TIM_ConfigClockSource              0x08001970   Section        0  stm32f4xx_hal_tim.o(i.HAL_TIM_ConfigClockSource)
    i.HAL_TIM_IC_ConfigChannel               0x08001a4c   Section        0  stm32f4xx_hal_tim.o(i.HAL_TIM_IC_ConfigChannel)
    i.HAL_TIM_IC_Init                        0x08001b6a   Section        0  stm32f4xx_hal_tim.o(i.HAL_TIM_IC_Init)
    i.HAL_TIM_IC_MspInit                     0x08001bc4   Section        0  stm32f4xx_hal_tim.o(i.HAL_TIM_IC_MspInit)
    i.HAL_TIM_MspPostInit                    0x08001bc8   Section        0  stm32f4xx_hal_msp.o(i.HAL_TIM_MspPostInit)
    i.HAL_TIM_PWM_ConfigChannel              0x08001c8c   Section        0  stm32f4xx_hal_tim.o(i.HAL_TIM_PWM_ConfigChannel)
    i.HAL_TIM_PWM_Init                       0x08001d58   Section        0  stm32f4xx_hal_tim.o(i.HAL_TIM_PWM_Init)
    i.HAL_TIM_PWM_MspInit                    0x08001db4   Section        0  stm32f4xx_hal_msp.o(i.HAL_TIM_PWM_MspInit)
    i.HAL_TIM_PWM_Start                      0x08001e1c   Section        0  stm32f4xx_hal_tim.o(i.HAL_TIM_PWM_Start)
    i.HAL_TIM_SlaveConfigSynchro             0x08001ee4   Section        0  stm32f4xx_hal_tim.o(i.HAL_TIM_SlaveConfigSynchro)
    i.HAL_UARTEx_RxEventCallback             0x08001f3a   Section        0  stm32f4xx_hal_uart.o(i.HAL_UARTEx_RxEventCallback)
    i.HAL_UART_ErrorCallback                 0x08001f3c   Section        0  stm32f4xx_hal_uart.o(i.HAL_UART_ErrorCallback)
    i.HAL_UART_IRQHandler                    0x08001f40   Section        0  stm32f4xx_hal_uart.o(i.HAL_UART_IRQHandler)
    i.HAL_UART_Init                          0x080021a8   Section        0  stm32f4xx_hal_uart.o(i.HAL_UART_Init)
    i.HAL_UART_MspInit                       0x0800220c   Section        0  stm32f4xx_hal_msp.o(i.HAL_UART_MspInit)
    i.HAL_UART_Receive_DMA                   0x0800230c   Section        0  stm32f4xx_hal_uart.o(i.HAL_UART_Receive_DMA)
    i.HAL_UART_RxCpltCallback                0x08002338   Section        0  main.o(i.HAL_UART_RxCpltCallback)
    i.HAL_UART_RxHalfCpltCallback            0x08002364   Section        0  stm32f4xx_hal_uart.o(i.HAL_UART_RxHalfCpltCallback)
    i.HAL_UART_Transmit                      0x08002368   Section        0  stm32f4xx_hal_uart.o(i.HAL_UART_Transmit)
    i.HAL_UART_TxCpltCallback                0x0800241a   Section        0  stm32f4xx_hal_uart.o(i.HAL_UART_TxCpltCallback)
    i.HardFault_Handler                      0x0800241c   Section        0  stm32f4xx_it.o(i.HardFault_Handler)
    i.I2C_IsAcknowledgeFailed                0x0800241e   Section        0  stm32f4xx_hal_i2c.o(i.I2C_IsAcknowledgeFailed)
    I2C_IsAcknowledgeFailed                  0x0800241f   Thumb Code    46  stm32f4xx_hal_i2c.o(i.I2C_IsAcknowledgeFailed)
    i.I2C_RequestMemoryRead                  0x0800244c   Section        0  stm32f4xx_hal_i2c.o(i.I2C_RequestMemoryRead)
    I2C_RequestMemoryRead                    0x0800244d   Thumb Code   246  stm32f4xx_hal_i2c.o(i.I2C_RequestMemoryRead)
    i.I2C_WaitOnFlagUntilTimeout             0x08002548   Section        0  stm32f4xx_hal_i2c.o(i.I2C_WaitOnFlagUntilTimeout)
    I2C_WaitOnFlagUntilTimeout               0x08002549   Thumb Code   104  stm32f4xx_hal_i2c.o(i.I2C_WaitOnFlagUntilTimeout)
    i.I2C_WaitOnMasterAddressFlagUntilTimeout 0x080025b0   Section        0  stm32f4xx_hal_i2c.o(i.I2C_WaitOnMasterAddressFlagUntilTimeout)
    I2C_WaitOnMasterAddressFlagUntilTimeout  0x080025b1   Thumb Code   150  stm32f4xx_hal_i2c.o(i.I2C_WaitOnMasterAddressFlagUntilTimeout)
    i.I2C_WaitOnRXNEFlagUntilTimeout         0x08002646   Section        0  stm32f4xx_hal_i2c.o(i.I2C_WaitOnRXNEFlagUntilTimeout)
    I2C_WaitOnRXNEFlagUntilTimeout           0x08002647   Thumb Code   102  stm32f4xx_hal_i2c.o(i.I2C_WaitOnRXNEFlagUntilTimeout)
    i.I2C_WaitOnTXEFlagUntilTimeout          0x080026ac   Section        0  stm32f4xx_hal_i2c.o(i.I2C_WaitOnTXEFlagUntilTimeout)
    I2C_WaitOnTXEFlagUntilTimeout            0x080026ad   Thumb Code    76  stm32f4xx_hal_i2c.o(i.I2C_WaitOnTXEFlagUntilTimeout)
    i.MPU_filter                             0x080026f8   Section        0  main.o(i.MPU_filter)
    i.MPU_get_accel                          0x08002828   Section        0  main.o(i.MPU_get_accel)
    i.MPU_get_gyro                           0x08002864   Section        0  main.o(i.MPU_get_gyro)
    i.MPU_get_magn                           0x080028a0   Section        0  main.o(i.MPU_get_magn)
    i.MX_GPIO_Init                           0x08002904   Section        0  main.o(i.MX_GPIO_Init)
    MX_GPIO_Init                             0x08002905   Thumb Code    86  main.o(i.MX_GPIO_Init)
    i.MX_TIM1_Init                           0x08002960   Section        0  main.o(i.MX_TIM1_Init)
    MX_TIM1_Init                             0x08002961   Thumb Code   156  main.o(i.MX_TIM1_Init)
    i.MX_TIM2_Init                           0x08002a04   Section        0  main.o(i.MX_TIM2_Init)
    MX_TIM2_Init                             0x08002a05   Thumb Code   110  main.o(i.MX_TIM2_Init)
    i.MX_TIM3_Init                           0x08002a78   Section        0  main.o(i.MX_TIM3_Init)
    MX_TIM3_Init                             0x08002a79   Thumb Code   108  main.o(i.MX_TIM3_Init)
    i.MX_TIM4_Init                           0x08002aec   Section        0  main.o(i.MX_TIM4_Init)
    MX_TIM4_Init                             0x08002aed   Thumb Code   108  main.o(i.MX_TIM4_Init)
    i.MX_TIM5_Init                           0x08002b60   Section        0  main.o(i.MX_TIM5_Init)
    MX_TIM5_Init                             0x08002b61   Thumb Code   228  main.o(i.MX_TIM5_Init)
    i.MX_TIM8_Init                           0x08002c4c   Section        0  main.o(i.MX_TIM8_Init)
    MX_TIM8_Init                             0x08002c4d   Thumb Code   198  main.o(i.MX_TIM8_Init)
    i.Med                                    0x08002d1c   Section        0  main.o(i.Med)
    i.MemManage_Handler                      0x08002d9c   Section        0  stm32f4xx_it.o(i.MemManage_Handler)
    i.NMI_Handler                            0x08002d9e   Section        0  stm32f4xx_it.o(i.NMI_Handler)
    i.PendSV_Handler                         0x08002da0   Section        0  stm32f4xx_it.o(i.PendSV_Handler)
    i.SVC_Handler                            0x08002da2   Section        0  stm32f4xx_it.o(i.SVC_Handler)
    i.SysTick_Handler                        0x08002da4   Section        0  stm32f4xx_it.o(i.SysTick_Handler)
    i.SystemClock_Config                     0x08002da8   Section        0  main.o(i.SystemClock_Config)
    i.SystemInit                             0x08002e28   Section        0  system_stm32f4xx.o(i.SystemInit)
    i.TIM_Base_SetConfig                     0x08002e38   Section        0  stm32f4xx_hal_tim.o(i.TIM_Base_SetConfig)
    i.TIM_CCxChannelCmd                      0x08002f00   Section        0  stm32f4xx_hal_tim.o(i.TIM_CCxChannelCmd)
    i.TIM_ETR_SetConfig                      0x08002f1a   Section        0  stm32f4xx_hal_tim.o(i.TIM_ETR_SetConfig)
    i.TIM_ITRx_SetConfig                     0x08002f2e   Section        0  stm32f4xx_hal_tim.o(i.TIM_ITRx_SetConfig)
    TIM_ITRx_SetConfig                       0x08002f2f   Thumb Code    16  stm32f4xx_hal_tim.o(i.TIM_ITRx_SetConfig)
    i.TIM_OC1_SetConfig                      0x08002f40   Section        0  stm32f4xx_hal_tim.o(i.TIM_OC1_SetConfig)
    TIM_OC1_SetConfig                        0x08002f41   Thumb Code    88  stm32f4xx_hal_tim.o(i.TIM_OC1_SetConfig)
    i.TIM_OC2_SetConfig                      0x08002fa0   Section        0  stm32f4xx_hal_tim.o(i.TIM_OC2_SetConfig)
    i.TIM_OC3_SetConfig                      0x0800300c   Section        0  stm32f4xx_hal_tim.o(i.TIM_OC3_SetConfig)
    TIM_OC3_SetConfig                        0x0800300d   Thumb Code    96  stm32f4xx_hal_tim.o(i.TIM_OC3_SetConfig)
    i.TIM_OC4_SetConfig                      0x08003074   Section        0  stm32f4xx_hal_tim.o(i.TIM_OC4_SetConfig)
    TIM_OC4_SetConfig                        0x08003075   Thumb Code    70  stm32f4xx_hal_tim.o(i.TIM_OC4_SetConfig)
    i.TIM_SlaveTimer_SetConfig               0x080030c4   Section        0  stm32f4xx_hal_tim.o(i.TIM_SlaveTimer_SetConfig)
    TIM_SlaveTimer_SetConfig                 0x080030c5   Thumb Code   140  stm32f4xx_hal_tim.o(i.TIM_SlaveTimer_SetConfig)
    i.TIM_TI1_ConfigInputStage               0x08003150   Section        0  stm32f4xx_hal_tim.o(i.TIM_TI1_ConfigInputStage)
    TIM_TI1_ConfigInputStage                 0x08003151   Thumb Code    34  stm32f4xx_hal_tim.o(i.TIM_TI1_ConfigInputStage)
    i.TIM_TI1_SetConfig                      0x08003174   Section        0  stm32f4xx_hal_tim.o(i.TIM_TI1_SetConfig)
    i.TIM_TI2_ConfigInputStage               0x080031f4   Section        0  stm32f4xx_hal_tim.o(i.TIM_TI2_ConfigInputStage)
    TIM_TI2_ConfigInputStage                 0x080031f5   Thumb Code    36  stm32f4xx_hal_tim.o(i.TIM_TI2_ConfigInputStage)
    i.TIM_TI2_SetConfig                      0x08003218   Section        0  stm32f4xx_hal_tim.o(i.TIM_TI2_SetConfig)
    TIM_TI2_SetConfig                        0x08003219   Thumb Code    54  stm32f4xx_hal_tim.o(i.TIM_TI2_SetConfig)
    i.UART4_IRQHandler                       0x08003250   Section        0  stm32f4xx_it.o(i.UART4_IRQHandler)
    i.UART7_IRQHandler                       0x0800325c   Section        0  stm32f4xx_it.o(i.UART7_IRQHandler)
    i.UART_DMAAbortOnError                   0x08003268   Section        0  stm32f4xx_hal_uart.o(i.UART_DMAAbortOnError)
    UART_DMAAbortOnError                     0x08003269   Thumb Code    16  stm32f4xx_hal_uart.o(i.UART_DMAAbortOnError)
    i.UART_DMAError                          0x08003278   Section        0  stm32f4xx_hal_uart.o(i.UART_DMAError)
    UART_DMAError                            0x08003279   Thumb Code    74  stm32f4xx_hal_uart.o(i.UART_DMAError)
    i.UART_DMAReceiveCplt                    0x080032c2   Section        0  stm32f4xx_hal_uart.o(i.UART_DMAReceiveCplt)
    UART_DMAReceiveCplt                      0x080032c3   Thumb Code   130  stm32f4xx_hal_uart.o(i.UART_DMAReceiveCplt)
    i.UART_DMARxHalfCplt                     0x08003344   Section        0  stm32f4xx_hal_uart.o(i.UART_DMARxHalfCplt)
    UART_DMARxHalfCplt                       0x08003345   Thumb Code    26  stm32f4xx_hal_uart.o(i.UART_DMARxHalfCplt)
    i.UART_EndRxTransfer                     0x0800335e   Section        0  stm32f4xx_hal_uart.o(i.UART_EndRxTransfer)
    UART_EndRxTransfer                       0x0800335f   Thumb Code    78  stm32f4xx_hal_uart.o(i.UART_EndRxTransfer)
    i.UART_EndTxTransfer                     0x080033ac   Section        0  stm32f4xx_hal_uart.o(i.UART_EndTxTransfer)
    UART_EndTxTransfer                       0x080033ad   Thumb Code    28  stm32f4xx_hal_uart.o(i.UART_EndTxTransfer)
    i.UART_Receive_IT                        0x080033c8   Section        0  stm32f4xx_hal_uart.o(i.UART_Receive_IT)
    UART_Receive_IT                          0x080033c9   Thumb Code   192  stm32f4xx_hal_uart.o(i.UART_Receive_IT)
    i.UART_SetConfig                         0x08003488   Section        0  stm32f4xx_hal_uart.o(i.UART_SetConfig)
    UART_SetConfig                           0x08003489   Thumb Code   270  stm32f4xx_hal_uart.o(i.UART_SetConfig)
    i.UART_Start_Receive_DMA                 0x080035a8   Section        0  stm32f4xx_hal_uart.o(i.UART_Start_Receive_DMA)
    i.UART_WaitOnFlagUntilTimeout            0x08003638   Section        0  stm32f4xx_hal_uart.o(i.UART_WaitOnFlagUntilTimeout)
    UART_WaitOnFlagUntilTimeout              0x08003639   Thumb Code   120  stm32f4xx_hal_uart.o(i.UART_WaitOnFlagUntilTimeout)
    i.UsageFault_Handler                     0x080036b0   Section        0  stm32f4xx_it.o(i.UsageFault_Handler)
    i.__NVIC_SetPriority                     0x080036b2   Section        0  stm32f4xx_hal_cortex.o(i.__NVIC_SetPriority)
    __NVIC_SetPriority                       0x080036b3   Thumb Code    32  stm32f4xx_hal_cortex.o(i.__NVIC_SetPriority)
    i.emergency_shutdown                     0x080036d2   Section        0  main.o(i.emergency_shutdown)
    i.frsky_board                            0x0800371c   Section        0  main.o(i.frsky_board)
    i.linear_transformations_board           0x0800379c   Section        0  main.o(i.linear_transformations_board)
    i.main                                   0x080037a8   Section        0  main.o(i.main)
    i.package_came_2                         0x08003c88   Section        0  main.o(i.package_came_2)
    i.package_came_board                     0x08003d88   Section        0  main.o(i.package_came_board)
    i.send_k_float                           0x08003dc0   Section        0  main.o(i.send_k_float)
    i.trace_float                            0x08003dea   Section        0  main.o(i.trace_float)
    i.trace_int16_t                          0x08003e00   Section        0  main.o(i.trace_int16_t)
    x$fpl$dfix                               0x08003e28   Section       94  dfix.o(x$fpl$dfix)
    $v0                                      0x08003e28   Number         0  dfix.o(x$fpl$dfix)
    x$fpl$dflt                               0x08003e86   Section       46  dflt_clz.o(x$fpl$dflt)
    $v0                                      0x08003e86   Number         0  dflt_clz.o(x$fpl$dflt)
    x$fpl$dmul                               0x08003eb4   Section      340  dmul.o(x$fpl$dmul)
    $v0                                      0x08003eb4   Number         0  dmul.o(x$fpl$dmul)
    x$fpl$dnaninf                            0x08004008   Section      156  dnaninf.o(x$fpl$dnaninf)
    $v0                                      0x08004008   Number         0  dnaninf.o(x$fpl$dnaninf)
    x$fpl$dretinf                            0x080040a4   Section       12  dretinf.o(x$fpl$dretinf)
    $v0                                      0x080040a4   Number         0  dretinf.o(x$fpl$dretinf)
    x$fpl$fpinit                             0x080040b0   Section       10  fpinit.o(x$fpl$fpinit)
    $v0                                      0x080040b0   Number         0  fpinit.o(x$fpl$fpinit)
    .constdata                               0x080040ba   Section        8  stm32f4xx_hal_dma.o(.constdata)
    x$fpl$usenofp                            0x080040ba   Section        0  usenofp.o(x$fpl$usenofp)
    flagBitshiftOffset                       0x080040ba   Data           8  stm32f4xx_hal_dma.o(.constdata)
    .constdata                               0x080040c2   Section       16  system_stm32f4xx.o(.constdata)
    .constdata                               0x080040d2   Section        8  system_stm32f4xx.o(.constdata)
    .data                                    0x20000000   Section      104  main.o(.data)
    .data                                    0x20000068   Section       12  stm32f4xx_hal.o(.data)
    .data                                    0x20000074   Section        4  system_stm32f4xx.o(.data)
    .bss                                     0x20000078   Section      722  main.o(.bss)
    .bss                                     0x2000034c   Section       96  main.o(.bss)
    .bss                                     0x200003ac   Section       96  libspace.o(.bss)
    HEAP                                     0x20000410   Section      512  startup_stm32f413xx.o(HEAP)
    Heap_Mem                                 0x20000410   Data         512  startup_stm32f413xx.o(HEAP)
    STACK                                    0x20000610   Section     1024  startup_stm32f413xx.o(STACK)
    Stack_Mem                                0x20000610   Data        1024  startup_stm32f413xx.o(STACK)
    __initial_sp                             0x20000a10   Data           0  startup_stm32f413xx.o(STACK)

    Global Symbols

    Symbol Name                              Value     Ov Type        Size  Object(Section)

    BuildAttributes$$THM_ISAv4$E$P$D$K$B$S$7EM$VFPi3$EXTD16$VFPS$VFMA$PE$A:L22UL41UL21$X:L11$S22US41US21$IEEE1$IW$USESV6$~STKCKD$USESV7$~SHL$OSPACE$ROPI$EBA8$UX$STANDARDLIB$REQ8$PRES8$EABIv2 0x00000000   Number         0  anon$$obj.o ABSOLUTE
    __ARM_use_no_argv                        0x00000000   Number         0  main.o ABSOLUTE
    __ARM_exceptions_init                     - Undefined Weak Reference
    __alloca_initialize                       - Undefined Weak Reference
    __arm_fini_                               - Undefined Weak Reference
    __arm_preinit_                            - Undefined Weak Reference
    __cpp_initialize__aeabi_                  - Undefined Weak Reference
    __cxa_finalize                            - Undefined Weak Reference
    __rt_locale                               - Undefined Weak Reference
    __sigvec_lookup                           - Undefined Weak Reference
    _atexit_init                              - Undefined Weak Reference
    _call_atexit_fns                          - Undefined Weak Reference
    _clock_init                               - Undefined Weak Reference
    _fp_trap_init                             - Undefined Weak Reference
    _fp_trap_shutdown                         - Undefined Weak Reference
    _get_lc_collate                           - Undefined Weak Reference
    _get_lc_ctype                             - Undefined Weak Reference
    _get_lc_monetary                          - Undefined Weak Reference
    _get_lc_numeric                           - Undefined Weak Reference
    _get_lc_time                              - Undefined Weak Reference
    _getenv_init                              - Undefined Weak Reference
    _handle_redirection                       - Undefined Weak Reference
    _init_alloc                               - Undefined Weak Reference
    _init_user_alloc                          - Undefined Weak Reference
    _initio                                   - Undefined Weak Reference
    _printf_post_padding                      - Undefined Weak Reference
    _printf_pre_padding                       - Undefined Weak Reference
    _printf_truncate_signed                   - Undefined Weak Reference
    _printf_truncate_unsigned                 - Undefined Weak Reference
    _rand_init                                - Undefined Weak Reference
    _signal_finish                            - Undefined Weak Reference
    _signal_init                              - Undefined Weak Reference
    _terminate_alloc                          - Undefined Weak Reference
    _terminate_user_alloc                     - Undefined Weak Reference
    _terminateio                              - Undefined Weak Reference
    __Vectors_Size                           0x000001d8   Number         0  startup_stm32f413xx.o ABSOLUTE
    __Vectors                                0x08000000   Data           4  startup_stm32f413xx.o(RESET)
    __Vectors_End                            0x080001d8   Data           0  startup_stm32f413xx.o(RESET)
    __main                                   0x080001d9   Thumb Code     8  __main.o(!!!main)
    __scatterload                            0x080001e1   Thumb Code     0  __scatter.o(!!!scatter)
    __scatterload_rt2                        0x080001e1   Thumb Code    44  __scatter.o(!!!scatter)
    __scatterload_rt2_thumb_only             0x080001e1   Thumb Code     0  __scatter.o(!!!scatter)
    __scatterload_null                       0x080001ef   Thumb Code     0  __scatter.o(!!!scatter)
    __scatterload_copy                       0x08000215   Thumb Code    26  __scatter_copy.o(!!handler_copy)
    __scatterload_zeroinit                   0x08000231   Thumb Code    28  __scatter_zi.o(!!handler_zi)
    _printf_d                                0x0800024d   Thumb Code     0  _printf_d.o(.ARM.Collect$$_printf_percent$$00000009)
    _printf_percent                          0x0800024d   Thumb Code     0  _printf_percent.o(.ARM.Collect$$_printf_percent$$00000000)
    _printf_percent_end                      0x08000253   Thumb Code     0  _printf_percent_end.o(.ARM.Collect$$_printf_percent$$00000017)
    __rt_lib_init                            0x08000257   Thumb Code     0  libinit.o(.ARM.Collect$$libinit$$00000000)
    __rt_lib_init_fp_1                       0x08000259   Thumb Code     0  libinit2.o(.ARM.Collect$$libinit$$00000001)
    __rt_lib_init_alloca_1                   0x0800025d   Thumb Code     0  libinit2.o(.ARM.Collect$$libinit$$0000002E)
    __rt_lib_init_argv_1                     0x0800025d   Thumb Code     0  libinit2.o(.ARM.Collect$$libinit$$0000002C)
    __rt_lib_init_atexit_1                   0x0800025d   Thumb Code     0  libinit2.o(.ARM.Collect$$libinit$$0000001B)
    __rt_lib_init_clock_1                    0x0800025d   Thumb Code     0  libinit2.o(.ARM.Collect$$libinit$$00000021)
    __rt_lib_init_cpp_1                      0x0800025d   Thumb Code     0  libinit2.o(.ARM.Collect$$libinit$$00000032)
    __rt_lib_init_exceptions_1               0x0800025d   Thumb Code     0  libinit2.o(.ARM.Collect$$libinit$$00000030)
    __rt_lib_init_fp_trap_1                  0x0800025d   Thumb Code     0  libinit2.o(.ARM.Collect$$libinit$$0000001F)
    __rt_lib_init_getenv_1                   0x0800025d   Thumb Code     0  libinit2.o(.ARM.Collect$$libinit$$00000023)
    __rt_lib_init_heap_1                     0x0800025d   Thumb Code     0  libinit2.o(.ARM.Collect$$libinit$$0000000A)
    __rt_lib_init_lc_collate_1               0x0800025d   Thumb Code     0  libinit2.o(.ARM.Collect$$libinit$$00000011)
    __rt_lib_init_lc_ctype_1                 0x0800025d   Thumb Code     0  libinit2.o(.ARM.Collect$$libinit$$00000013)
    __rt_lib_init_lc_monetary_1              0x0800025d   Thumb Code     0  libinit2.o(.ARM.Collect$$libinit$$00000015)
    __rt_lib_init_lc_numeric_1               0x0800025d   Thumb Code     0  libinit2.o(.ARM.Collect$$libinit$$00000017)
    __rt_lib_init_lc_time_1                  0x0800025d   Thumb Code     0  libinit2.o(.ARM.Collect$$libinit$$00000019)
    __rt_lib_init_preinit_1                  0x0800025d   Thumb Code     0  libinit2.o(.ARM.Collect$$libinit$$00000004)
    __rt_lib_init_rand_1                     0x0800025d   Thumb Code     0  libinit2.o(.ARM.Collect$$libinit$$0000000E)
    __rt_lib_init_return                     0x0800025d   Thumb Code     0  libinit2.o(.ARM.Collect$$libinit$$00000033)
    __rt_lib_init_signal_1                   0x0800025d   Thumb Code     0  libinit2.o(.ARM.Collect$$libinit$$0000001D)
    __rt_lib_init_stdio_1                    0x0800025d   Thumb Code     0  libinit2.o(.ARM.Collect$$libinit$$00000025)
    __rt_lib_init_user_alloc_1               0x0800025d   Thumb Code     0  libinit2.o(.ARM.Collect$$libinit$$0000000C)
    __rt_lib_shutdown                        0x0800025f   Thumb Code     0  libshutdown.o(.ARM.Collect$$libshutdown$$00000000)
    __rt_lib_shutdown_cpp_1                  0x08000261   Thumb Code     0  libshutdown2.o(.ARM.Collect$$libshutdown$$00000004)
    __rt_lib_shutdown_fini_1                 0x08000261   Thumb Code     0  libshutdown2.o(.ARM.Collect$$libshutdown$$00000002)
    __rt_lib_shutdown_fp_trap_1              0x08000261   Thumb Code     0  libshutdown2.o(.ARM.Collect$$libshutdown$$00000009)
    __rt_lib_shutdown_heap_1                 0x08000261   Thumb Code     0  libshutdown2.o(.ARM.Collect$$libshutdown$$00000011)
    __rt_lib_shutdown_return                 0x08000261   Thumb Code     0  libshutdown2.o(.ARM.Collect$$libshutdown$$00000012)
    __rt_lib_shutdown_signal_1               0x08000261   Thumb Code     0  libshutdown2.o(.ARM.Collect$$libshutdown$$0000000C)
    __rt_lib_shutdown_stdio_1                0x08000261   Thumb Code     0  libshutdown2.o(.ARM.Collect$$libshutdown$$00000006)
    __rt_lib_shutdown_user_alloc_1           0x08000261   Thumb Code     0  libshutdown2.o(.ARM.Collect$$libshutdown$$0000000E)
    __rt_entry                               0x08000263   Thumb Code     0  __rtentry.o(.ARM.Collect$$rtentry$$00000000)
    __rt_entry_presh_1                       0x08000263   Thumb Code     0  __rtentry2.o(.ARM.Collect$$rtentry$$00000002)
    __rt_entry_sh                            0x08000263   Thumb Code     0  __rtentry4.o(.ARM.Collect$$rtentry$$00000004)
    __rt_entry_li                            0x08000269   Thumb Code     0  __rtentry2.o(.ARM.Collect$$rtentry$$0000000A)
    __rt_entry_postsh_1                      0x08000269   Thumb Code     0  __rtentry2.o(.ARM.Collect$$rtentry$$00000009)
    __rt_entry_main                          0x0800026d   Thumb Code     0  __rtentry2.o(.ARM.Collect$$rtentry$$0000000D)
    __rt_entry_postli_1                      0x0800026d   Thumb Code     0  __rtentry2.o(.ARM.Collect$$rtentry$$0000000C)
    __rt_exit                                0x08000275   Thumb Code     0  rtexit.o(.ARM.Collect$$rtexit$$00000000)
    __rt_exit_ls                             0x08000277   Thumb Code     0  rtexit2.o(.ARM.Collect$$rtexit$$00000003)
    __rt_exit_prels_1                        0x08000277   Thumb Code     0  rtexit2.o(.ARM.Collect$$rtexit$$00000002)
    __rt_exit_exit                           0x0800027b   Thumb Code     0  rtexit2.o(.ARM.Collect$$rtexit$$00000004)
    Reset_Handler                            0x08000281   Thumb Code     8  startup_stm32f413xx.o(.text)
    ADC_IRQHandler                           0x0800029b   Thumb Code     0  startup_stm32f413xx.o(.text)
    CAN1_RX0_IRQHandler                      0x0800029b   Thumb Code     0  startup_stm32f413xx.o(.text)
    CAN1_RX1_IRQHandler                      0x0800029b   Thumb Code     0  startup_stm32f413xx.o(.text)
    CAN1_SCE_IRQHandler                      0x0800029b   Thumb Code     0  startup_stm32f413xx.o(.text)
    CAN1_TX_IRQHandler                       0x0800029b   Thumb Code     0  startup_stm32f413xx.o(.text)
    CAN2_RX0_IRQHandler                      0x0800029b   Thumb Code     0  startup_stm32f413xx.o(.text)
    CAN2_RX1_IRQHandler                      0x0800029b   Thumb Code     0  startup_stm32f413xx.o(.text)
    CAN2_SCE_IRQHandler                      0x0800029b   Thumb Code     0  startup_stm32f413xx.o(.text)
    CAN2_TX_IRQHandler                       0x0800029b   Thumb Code     0  startup_stm32f413xx.o(.text)
    CAN3_RX0_IRQHandler                      0x0800029b   Thumb Code     0  startup_stm32f413xx.o(.text)
    CAN3_RX1_IRQHandler                      0x0800029b   Thumb Code     0  startup_stm32f413xx.o(.text)
    CAN3_SCE_IRQHandler                      0x0800029b   Thumb Code     0  startup_stm32f413xx.o(.text)
    CAN3_TX_IRQHandler                       0x0800029b   Thumb Code     0  startup_stm32f413xx.o(.text)
    DFSDM1_FLT0_IRQHandler                   0x0800029b   Thumb Code     0  startup_stm32f413xx.o(.text)
    DFSDM1_FLT1_IRQHandler                   0x0800029b   Thumb Code     0  startup_stm32f413xx.o(.text)
    DFSDM2_FLT0_IRQHandler                   0x0800029b   Thumb Code     0  startup_stm32f413xx.o(.text)
    DFSDM2_FLT1_IRQHandler                   0x0800029b   Thumb Code     0  startup_stm32f413xx.o(.text)
    DFSDM2_FLT2_IRQHandler                   0x0800029b   Thumb Code     0  startup_stm32f413xx.o(.text)
    DFSDM2_FLT3_IRQHandler                   0x0800029b   Thumb Code     0  startup_stm32f413xx.o(.text)
    DMA1_Stream0_IRQHandler                  0x0800029b   Thumb Code     0  startup_stm32f413xx.o(.text)
    DMA1_Stream1_IRQHandler                  0x0800029b   Thumb Code     0  startup_stm32f413xx.o(.text)
    DMA1_Stream2_IRQHandler                  0x0800029b   Thumb Code     0  startup_stm32f413xx.o(.text)
    DMA1_Stream4_IRQHandler                  0x0800029b   Thumb Code     0  startup_stm32f413xx.o(.text)
    DMA1_Stream5_IRQHandler                  0x0800029b   Thumb Code     0  startup_stm32f413xx.o(.text)
    DMA1_Stream6_IRQHandler                  0x0800029b   Thumb Code     0  startup_stm32f413xx.o(.text)
    DMA1_Stream7_IRQHandler                  0x0800029b   Thumb Code     0  startup_stm32f413xx.o(.text)
    DMA2_Stream0_IRQHandler                  0x0800029b   Thumb Code     0  startup_stm32f413xx.o(.text)
    DMA2_Stream1_IRQHandler                  0x0800029b   Thumb Code     0  startup_stm32f413xx.o(.text)
    DMA2_Stream2_IRQHandler                  0x0800029b   Thumb Code     0  startup_stm32f413xx.o(.text)
    DMA2_Stream3_IRQHandler                  0x0800029b   Thumb Code     0  startup_stm32f413xx.o(.text)
    DMA2_Stream4_IRQHandler                  0x0800029b   Thumb Code     0  startup_stm32f413xx.o(.text)
    DMA2_Stream5_IRQHandler                  0x0800029b   Thumb Code     0  startup_stm32f413xx.o(.text)
    DMA2_Stream6_IRQHandler                  0x0800029b   Thumb Code     0  startup_stm32f413xx.o(.text)
    DMA2_Stream7_IRQHandler                  0x0800029b   Thumb Code     0  startup_stm32f413xx.o(.text)
    EXTI0_IRQHandler                         0x0800029b   Thumb Code     0  startup_stm32f413xx.o(.text)
    EXTI15_10_IRQHandler                     0x0800029b   Thumb Code     0  startup_stm32f413xx.o(.text)
    EXTI1_IRQHandler                         0x0800029b   Thumb Code     0  startup_stm32f413xx.o(.text)
    EXTI2_IRQHandler                         0x0800029b   Thumb Code     0  startup_stm32f413xx.o(.text)
    EXTI3_IRQHandler                         0x0800029b   Thumb Code     0  startup_stm32f413xx.o(.text)
    EXTI4_IRQHandler                         0x0800029b   Thumb Code     0  startup_stm32f413xx.o(.text)
    EXTI9_5_IRQHandler                       0x0800029b   Thumb Code     0  startup_stm32f413xx.o(.text)
    FLASH_IRQHandler                         0x0800029b   Thumb Code     0  startup_stm32f413xx.o(.text)
    FMPI2C1_ER_IRQHandler                    0x0800029b   Thumb Code     0  startup_stm32f413xx.o(.text)
    FMPI2C1_EV_IRQHandler                    0x0800029b   Thumb Code     0  startup_stm32f413xx.o(.text)
    FPU_IRQHandler                           0x0800029b   Thumb Code     0  startup_stm32f413xx.o(.text)
    FSMC_IRQHandler                          0x0800029b   Thumb Code     0  startup_stm32f413xx.o(.text)
    I2C1_ER_IRQHandler                       0x0800029b   Thumb Code     0  startup_stm32f413xx.o(.text)
    I2C1_EV_IRQHandler                       0x0800029b   Thumb Code     0  startup_stm32f413xx.o(.text)
    I2C2_ER_IRQHandler                       0x0800029b   Thumb Code     0  startup_stm32f413xx.o(.text)
    I2C2_EV_IRQHandler                       0x0800029b   Thumb Code     0  startup_stm32f413xx.o(.text)
    I2C3_ER_IRQHandler                       0x0800029b   Thumb Code     0  startup_stm32f413xx.o(.text)
    I2C3_EV_IRQHandler                       0x0800029b   Thumb Code     0  startup_stm32f413xx.o(.text)
    LPTIM1_IRQHandler                        0x0800029b   Thumb Code     0  startup_stm32f413xx.o(.text)
    OTG_FS_IRQHandler                        0x0800029b   Thumb Code     0  startup_stm32f413xx.o(.text)
    OTG_FS_WKUP_IRQHandler                   0x0800029b   Thumb Code     0  startup_stm32f413xx.o(.text)
    PVD_IRQHandler                           0x0800029b   Thumb Code     0  startup_stm32f413xx.o(.text)
    QUADSPI_IRQHandler                       0x0800029b   Thumb Code     0  startup_stm32f413xx.o(.text)
    RCC_IRQHandler                           0x0800029b   Thumb Code     0  startup_stm32f413xx.o(.text)
    RNG_IRQHandler                           0x0800029b   Thumb Code     0  startup_stm32f413xx.o(.text)
    RTC_Alarm_IRQHandler                     0x0800029b   Thumb Code     0  startup_stm32f413xx.o(.text)
    RTC_WKUP_IRQHandler                      0x0800029b   Thumb Code     0  startup_stm32f413xx.o(.text)
    SAI1_IRQHandler                          0x0800029b   Thumb Code     0  startup_stm32f413xx.o(.text)
    SDIO_IRQHandler                          0x0800029b   Thumb Code     0  startup_stm32f413xx.o(.text)
    SPI1_IRQHandler                          0x0800029b   Thumb Code     0  startup_stm32f413xx.o(.text)
    SPI2_IRQHandler                          0x0800029b   Thumb Code     0  startup_stm32f413xx.o(.text)
    SPI3_IRQHandler                          0x0800029b   Thumb Code     0  startup_stm32f413xx.o(.text)
    SPI4_IRQHandler                          0x0800029b   Thumb Code     0  startup_stm32f413xx.o(.text)
    SPI5_IRQHandler                          0x0800029b   Thumb Code     0  startup_stm32f413xx.o(.text)
    TAMP_STAMP_IRQHandler                    0x0800029b   Thumb Code     0  startup_stm32f413xx.o(.text)
    TIM1_BRK_TIM9_IRQHandler                 0x0800029b   Thumb Code     0  startup_stm32f413xx.o(.text)
    TIM1_CC_IRQHandler                       0x0800029b   Thumb Code     0  startup_stm32f413xx.o(.text)
    TIM1_TRG_COM_TIM11_IRQHandler            0x0800029b   Thumb Code     0  startup_stm32f413xx.o(.text)
    TIM1_UP_TIM10_IRQHandler                 0x0800029b   Thumb Code     0  startup_stm32f413xx.o(.text)
    TIM2_IRQHandler                          0x0800029b   Thumb Code     0  startup_stm32f413xx.o(.text)
    TIM3_IRQHandler                          0x0800029b   Thumb Code     0  startup_stm32f413xx.o(.text)
    TIM4_IRQHandler                          0x0800029b   Thumb Code     0  startup_stm32f413xx.o(.text)
    TIM5_IRQHandler                          0x0800029b   Thumb Code     0  startup_stm32f413xx.o(.text)
    TIM6_DAC_IRQHandler                      0x0800029b   Thumb Code     0  startup_stm32f413xx.o(.text)
    TIM7_IRQHandler                          0x0800029b   Thumb Code     0  startup_stm32f413xx.o(.text)
    TIM8_BRK_TIM12_IRQHandler                0x0800029b   Thumb Code     0  startup_stm32f413xx.o(.text)
    TIM8_CC_IRQHandler                       0x0800029b   Thumb Code     0  startup_stm32f413xx.o(.text)
    TIM8_TRG_COM_TIM14_IRQHandler            0x0800029b   Thumb Code     0  startup_stm32f413xx.o(.text)
    TIM8_UP_TIM13_IRQHandler                 0x0800029b   Thumb Code     0  startup_stm32f413xx.o(.text)
    UART10_IRQHandler                        0x0800029b   Thumb Code     0  startup_stm32f413xx.o(.text)
    UART5_IRQHandler                         0x0800029b   Thumb Code     0  startup_stm32f413xx.o(.text)
    UART8_IRQHandler                         0x0800029b   Thumb Code     0  startup_stm32f413xx.o(.text)
    UART9_IRQHandler                         0x0800029b   Thumb Code     0  startup_stm32f413xx.o(.text)
    USART1_IRQHandler                        0x0800029b   Thumb Code     0  startup_stm32f413xx.o(.text)
    USART2_IRQHandler                        0x0800029b   Thumb Code     0  startup_stm32f413xx.o(.text)
    USART3_IRQHandler                        0x0800029b   Thumb Code     0  startup_stm32f413xx.o(.text)
    USART6_IRQHandler                        0x0800029b   Thumb Code     0  startup_stm32f413xx.o(.text)
    WWDG_IRQHandler                          0x0800029b   Thumb Code     0  startup_stm32f413xx.o(.text)
    __user_initial_stackheap                 0x0800029d   Thumb Code     0  startup_stm32f413xx.o(.text)
    __aeabi_uldivmod                         0x080002c1   Thumb Code     0  lludivv7m.o(.text)
    _ll_udiv                                 0x080002c1   Thumb Code   238  lludivv7m.o(.text)
    __2sprintf                               0x080003b1   Thumb Code    34  noretval__2sprintf.o(.text)
    __printf                                 0x080003d9   Thumb Code   104  __printf.o(.text)
    _printf_int_dec                          0x08000441   Thumb Code   104  _printf_dec.o(.text)
    strlen                                   0x080004b9   Thumb Code    62  strlen.o(.text)
    __aeabi_memclr4                          0x080004f7   Thumb Code     0  rt_memclr_w.o(.text)
    __aeabi_memclr8                          0x080004f7   Thumb Code     0  rt_memclr_w.o(.text)
    __rt_memclr_w                            0x080004f7   Thumb Code    78  rt_memclr_w.o(.text)
    _memset_w                                0x080004fb   Thumb Code     0  rt_memclr_w.o(.text)
    __use_two_region_memory                  0x08000545   Thumb Code     2  heapauxi.o(.text)
    __rt_heap_escrow$2region                 0x08000547   Thumb Code     2  heapauxi.o(.text)
    __rt_heap_expand$2region                 0x08000549   Thumb Code     2  heapauxi.o(.text)
    _printf_int_common                       0x0800054b   Thumb Code   178  _printf_intcommon.o(.text)
    _printf_char_common                      0x08000607   Thumb Code    32  _printf_char_common.o(.text)
    _sputc                                   0x0800062d   Thumb Code    10  _sputc.o(.text)
    __user_setup_stackheap                   0x08000637   Thumb Code    74  sys_stackheap_outer.o(.text)
    exit                                     0x08000681   Thumb Code    18  exit.o(.text)
    __user_libspace                          0x08000695   Thumb Code     8  libspace.o(.text)
    __user_perproc_libspace                  0x08000695   Thumb Code     0  libspace.o(.text)
    __user_perthread_libspace                0x08000695   Thumb Code     0  libspace.o(.text)
    _sys_exit                                0x0800069d   Thumb Code     8  sys_exit.o(.text)
    __I$use$semihosting                      0x080006a9   Thumb Code     0  use_no_semi.o(.text)
    __use_no_semihosting_swi                 0x080006a9   Thumb Code     2  use_no_semi.o(.text)
    BusFault_Handler                         0x080006ab   Thumb Code     2  stm32f4xx_it.o(i.BusFault_Handler)
    __semihosting_library_function           0x080006ab   Thumb Code     0  indicate_semi.o(.text)
    DMA1_Stream3_IRQHandler                  0x080006ad   Thumb Code     6  stm32f4xx_it.o(i.DMA1_Stream3_IRQHandler)
    DebugMon_Handler                         0x0800075d   Thumb Code     2  stm32f4xx_it.o(i.DebugMon_Handler)
    Error_Handler                            0x0800075f   Thumb Code     4  main.o(i.Error_Handler)
    HAL_DMA_Abort                            0x08000763   Thumb Code   146  stm32f4xx_hal_dma.o(i.HAL_DMA_Abort)
    HAL_DMA_Abort_IT                         0x080007f5   Thumb Code    36  stm32f4xx_hal_dma.o(i.HAL_DMA_Abort_IT)
    HAL_DMA_IRQHandler                       0x08000819   Thumb Code   412  stm32f4xx_hal_dma.o(i.HAL_DMA_IRQHandler)
    HAL_DMA_Init                             0x080009b9   Thumb Code   206  stm32f4xx_hal_dma.o(i.HAL_DMA_Init)
    HAL_DMA_Start_IT                         0x08000a8d   Thumb Code   110  stm32f4xx_hal_dma.o(i.HAL_DMA_Start_IT)
    HAL_GPIO_Init                            0x08000afd   Thumb Code   436  stm32f4xx_hal_gpio.o(i.HAL_GPIO_Init)
    HAL_GetTick                              0x08000cd9   Thumb Code     6  stm32f4xx_hal.o(i.HAL_GetTick)
    HAL_I2C_Init                             0x08000ce5   Thumb Code   376  stm32f4xx_hal_i2c.o(i.HAL_I2C_Init)
    HAL_I2C_Mem_Read                         0x08000e6d   Thumb Code   490  stm32f4xx_hal_i2c.o(i.HAL_I2C_Mem_Read)
    HAL_I2C_MspInit                          0x08001065   Thumb Code    94  stm32f4xx_hal_msp.o(i.HAL_I2C_MspInit)
    HAL_IncTick                              0x080010d1   Thumb Code    12  stm32f4xx_hal.o(i.HAL_IncTick)
    HAL_Init                                 0x080010e1   Thumb Code    48  stm32f4xx_hal.o(i.HAL_Init)
    HAL_InitTick                             0x08001115   Thumb Code    54  stm32f4xx_hal.o(i.HAL_InitTick)
    HAL_MspInit                              0x08001155   Thumb Code    42  stm32f4xx_hal_msp.o(i.HAL_MspInit)
    HAL_NVIC_EnableIRQ                       0x08001185   Thumb Code    26  stm32f4xx_hal_cortex.o(i.HAL_NVIC_EnableIRQ)
    HAL_NVIC_SetPriority                     0x080011a1   Thumb Code    60  stm32f4xx_hal_cortex.o(i.HAL_NVIC_SetPriority)
    HAL_NVIC_SetPriorityGrouping             0x080011e1   Thumb Code    26  stm32f4xx_hal_cortex.o(i.HAL_NVIC_SetPriorityGrouping)
    HAL_RCC_ClockConfig                      0x08001205   Thumb Code   288  stm32f4xx_hal_rcc.o(i.HAL_RCC_ClockConfig)
    HAL_RCC_GetPCLK1Freq                     0x08001339   Thumb Code    20  stm32f4xx_hal_rcc.o(i.HAL_RCC_GetPCLK1Freq)
    HAL_RCC_GetPCLK2Freq                     0x08001359   Thumb Code    20  stm32f4xx_hal_rcc.o(i.HAL_RCC_GetPCLK2Freq)
    HAL_RCC_GetSysClockFreq                  0x08001379   Thumb Code    88  stm32f4xx_hal_rcc.o(i.HAL_RCC_GetSysClockFreq)
    HAL_RCC_OscConfig                        0x080013dd   Thumb Code   874  stm32f4xx_hal_rcc_ex.o(i.HAL_RCC_OscConfig)
    HAL_SYSTICK_Config                       0x0800175d   Thumb Code    40  stm32f4xx_hal_cortex.o(i.HAL_SYSTICK_Config)
    HAL_TIMEx_ConfigBreakDeadTime            0x08001785   Thumb Code    84  stm32f4xx_hal_tim_ex.o(i.HAL_TIMEx_ConfigBreakDeadTime)
    HAL_TIMEx_MasterConfigSynchronization    0x080017d9   Thumb Code   116  stm32f4xx_hal_tim_ex.o(i.HAL_TIMEx_MasterConfigSynchronization)
    HAL_TIM_Base_Init                        0x08001869   Thumb Code    90  stm32f4xx_hal_tim.o(i.HAL_TIM_Base_Init)
    HAL_TIM_Base_MspInit                     0x080018c5   Thumb Code   152  stm32f4xx_hal_msp.o(i.HAL_TIM_Base_MspInit)
    HAL_TIM_ConfigClockSource                0x08001971   Thumb Code   220  stm32f4xx_hal_tim.o(i.HAL_TIM_ConfigClockSource)
    HAL_TIM_IC_ConfigChannel                 0x08001a4d   Thumb Code   286  stm32f4xx_hal_tim.o(i.HAL_TIM_IC_ConfigChannel)
    HAL_TIM_IC_Init                          0x08001b6b   Thumb Code    90  stm32f4xx_hal_tim.o(i.HAL_TIM_IC_Init)
    HAL_TIM_IC_MspInit                       0x08001bc5   Thumb Code     2  stm32f4xx_hal_tim.o(i.HAL_TIM_IC_MspInit)
    HAL_TIM_MspPostInit                      0x08001bc9   Thumb Code   172  stm32f4xx_hal_msp.o(i.HAL_TIM_MspPostInit)
    HAL_TIM_PWM_ConfigChannel                0x08001c8d   Thumb Code   204  stm32f4xx_hal_tim.o(i.HAL_TIM_PWM_ConfigChannel)
    HAL_TIM_PWM_Init                         0x08001d59   Thumb Code    90  stm32f4xx_hal_tim.o(i.HAL_TIM_PWM_Init)
    HAL_TIM_PWM_MspInit                      0x08001db5   Thumb Code    86  stm32f4xx_hal_msp.o(i.HAL_TIM_PWM_MspInit)
    HAL_TIM_PWM_Start                        0x08001e1d   Thumb Code   172  stm32f4xx_hal_tim.o(i.HAL_TIM_PWM_Start)
    HAL_TIM_SlaveConfigSynchro               0x08001ee5   Thumb Code    86  stm32f4xx_hal_tim.o(i.HAL_TIM_SlaveConfigSynchro)
    HAL_UARTEx_RxEventCallback               0x08001f3b   Thumb Code     2  stm32f4xx_hal_uart.o(i.HAL_UARTEx_RxEventCallback)
    HAL_UART_ErrorCallback                   0x08001f3d   Thumb Code     2  stm32f4xx_hal_uart.o(i.HAL_UART_ErrorCallback)
    HAL_UART_IRQHandler                      0x08001f41   Thumb Code   610  stm32f4xx_hal_uart.o(i.HAL_UART_IRQHandler)
    HAL_UART_Init                            0x080021a9   Thumb Code    98  stm32f4xx_hal_uart.o(i.HAL_UART_Init)
    HAL_UART_MspInit                         0x0800220d   Thumb Code   226  stm32f4xx_hal_msp.o(i.HAL_UART_MspInit)
    HAL_UART_Receive_DMA                     0x0800230d   Thumb Code    42  stm32f4xx_hal_uart.o(i.HAL_UART_Receive_DMA)
    HAL_UART_RxCpltCallback                  0x08002339   Thumb Code    36  main.o(i.HAL_UART_RxCpltCallback)
    HAL_UART_RxHalfCpltCallback              0x08002365   Thumb Code     2  stm32f4xx_hal_uart.o(i.HAL_UART_RxHalfCpltCallback)
    HAL_UART_Transmit                        0x08002369   Thumb Code   178  stm32f4xx_hal_uart.o(i.HAL_UART_Transmit)
    HAL_UART_TxCpltCallback                  0x0800241b   Thumb Code     2  stm32f4xx_hal_uart.o(i.HAL_UART_TxCpltCallback)
    HardFault_Handler                        0x0800241d   Thumb Code     2  stm32f4xx_it.o(i.HardFault_Handler)
    MPU_filter                               0x080026f9   Thumb Code   302  main.o(i.MPU_filter)
    MPU_get_accel                            0x08002829   Thumb Code    56  main.o(i.MPU_get_accel)
    MPU_get_gyro                             0x08002865   Thumb Code    56  main.o(i.MPU_get_gyro)
    MPU_get_magn                             0x080028a1   Thumb Code    94  main.o(i.MPU_get_magn)
    Med                                      0x08002d1d   Thumb Code   120  main.o(i.Med)
    MemManage_Handler                        0x08002d9d   Thumb Code     2  stm32f4xx_it.o(i.MemManage_Handler)
    NMI_Handler                              0x08002d9f   Thumb Code     2  stm32f4xx_it.o(i.NMI_Handler)
    PendSV_Handler                           0x08002da1   Thumb Code     2  stm32f4xx_it.o(i.PendSV_Handler)
    SVC_Handler                              0x08002da3   Thumb Code     2  stm32f4xx_it.o(i.SVC_Handler)
    SysTick_Handler                          0x08002da5   Thumb Code     4  stm32f4xx_it.o(i.SysTick_Handler)
    SystemClock_Config                       0x08002da9   Thumb Code   118  main.o(i.SystemClock_Config)
    SystemInit                               0x08002e29   Thumb Code    12  system_stm32f4xx.o(i.SystemInit)
    TIM_Base_SetConfig                       0x08002e39   Thumb Code   156  stm32f4xx_hal_tim.o(i.TIM_Base_SetConfig)
    TIM_CCxChannelCmd                        0x08002f01   Thumb Code    26  stm32f4xx_hal_tim.o(i.TIM_CCxChannelCmd)
    TIM_ETR_SetConfig                        0x08002f1b   Thumb Code    20  stm32f4xx_hal_tim.o(i.TIM_ETR_SetConfig)
    TIM_OC2_SetConfig                        0x08002fa1   Thumb Code    98  stm32f4xx_hal_tim.o(i.TIM_OC2_SetConfig)
    TIM_TI1_SetConfig                        0x08003175   Thumb Code   100  stm32f4xx_hal_tim.o(i.TIM_TI1_SetConfig)
    UART4_IRQHandler                         0x08003251   Thumb Code     6  stm32f4xx_it.o(i.UART4_IRQHandler)
    UART7_IRQHandler                         0x0800325d   Thumb Code     6  stm32f4xx_it.o(i.UART7_IRQHandler)
    UART_Start_Receive_DMA                   0x080035a9   Thumb Code   130  stm32f4xx_hal_uart.o(i.UART_Start_Receive_DMA)
    UsageFault_Handler                       0x080036b1   Thumb Code     2  stm32f4xx_it.o(i.UsageFault_Handler)
    emergency_shutdown                       0x080036d3   Thumb Code    74  main.o(i.emergency_shutdown)
    frsky_board                              0x0800371d   Thumb Code   118  main.o(i.frsky_board)
    linear_transformations_board             0x0800379d   Thumb Code    12  main.o(i.linear_transformations_board)
    main                                     0x080037a9   Thumb Code  1228  main.o(i.main)
    package_came_2                           0x08003c89   Thumb Code   248  main.o(i.package_came_2)
    package_came_board                       0x08003d89   Thumb Code    46  main.o(i.package_came_board)
    send_k_float                             0x08003dc1   Thumb Code    42  main.o(i.send_k_float)
    trace_float                              0x08003deb   Thumb Code    22  main.o(i.trace_float)
    trace_int16_t                            0x08003e01   Thumb Code    38  main.o(i.trace_int16_t)
    __aeabi_d2iz                             0x08003e29   Thumb Code     0  dfix.o(x$fpl$dfix)
    _dfix                                    0x08003e29   Thumb Code    94  dfix.o(x$fpl$dfix)
    __aeabi_i2d                              0x08003e87   Thumb Code     0  dflt_clz.o(x$fpl$dflt)
    _dflt                                    0x08003e87   Thumb Code    46  dflt_clz.o(x$fpl$dflt)
    __aeabi_dmul                             0x08003eb5   Thumb Code     0  dmul.o(x$fpl$dmul)
    _dmul                                    0x08003eb5   Thumb Code   332  dmul.o(x$fpl$dmul)
    __fpl_dnaninf                            0x08004009   Thumb Code   156  dnaninf.o(x$fpl$dnaninf)
    __fpl_dretinf                            0x080040a5   Thumb Code    12  dretinf.o(x$fpl$dretinf)
    _fp_init                                 0x080040b1   Thumb Code    10  fpinit.o(x$fpl$fpinit)
    __fplib_config_fpu_vfp                   0x080040b9   Thumb Code     0  fpinit.o(x$fpl$fpinit)
    __fplib_config_pureend_doubles           0x080040b9   Thumb Code     0  fpinit.o(x$fpl$fpinit)
    __I$use$fp                               0x080040ba   Number         0  usenofp.o(x$fpl$usenofp)
    AHBPrescTable                            0x080040c2   Data          16  system_stm32f4xx.o(.constdata)
    APBPrescTable                            0x080040d2   Data           8  system_stm32f4xx.o(.constdata)
    Region$$Table$$Base                      0x080040dc   Number         0  anon$$obj.o(Region$$Table)
    Region$$Table$$Limit                     0x080040fc   Number         0  anon$$obj.o(Region$$Table)
    sum                                      0x20000000   Data           1  main.o(.data)
    pwm1                                     0x20000002   Data           2  main.o(.data)
    pwm2                                     0x20000004   Data           2  main.o(.data)
    pwm3                                     0x20000006   Data           2  main.o(.data)
    pwm4                                     0x20000008   Data           2  main.o(.data)
    pwm_normal                               0x2000000a   Data           2  main.o(.data)
    proximate_normal_a_1                     0x2000000c   Data           2  main.o(.data)
    proximate_normal_a_2                     0x2000000e   Data           2  main.o(.data)
    proximate_normal_g_1                     0x20000010   Data           2  main.o(.data)
    proximate_normal_g_2                     0x20000012   Data           2  main.o(.data)
    proximate_normal_g_3                     0x20000014   Data           2  main.o(.data)
    dataz                                    0x20000016   Data           2  main.o(.data)
    yaw                                      0x20000018   Data           2  main.o(.data)
    kp1                                      0x2000001c   Data           4  main.o(.data)
    kd1                                      0x20000020   Data           4  main.o(.data)
    kp2                                      0x20000024   Data           4  main.o(.data)
    kd2                                      0x20000028   Data           4  main.o(.data)
    kp3                                      0x2000002c   Data           4  main.o(.data)
    kd3                                      0x20000030   Data           4  main.o(.data)
    myfloat                                  0x20000034   Data           4  main.o(.data)
    flag                                     0x20000038   Data           4  main.o(.data)
    counter                                  0x2000003c   Data           4  main.o(.data)
    destination_a                            0x20000040   Data           6  main.o(.data)
    destination_g                            0x20000046   Data           6  main.o(.data)
    destination_m                            0x2000004c   Data           6  main.o(.data)
    buff                                     0x20000052   Data           6  main.o(.data)
    board_data                               0x20000058   Data           8  main.o(.data)
    result_filter                            0x20000060   Data           8  main.o(.data)
    uwTickFreq                               0x20000068   Data           1  stm32f4xx_hal.o(.data)
    uwTickPrio                               0x2000006c   Data           4  stm32f4xx_hal.o(.data)
    uwTick                                   0x20000070   Data           4  stm32f4xx_hal.o(.data)
    SystemCoreClock                          0x20000074   Data           4  system_stm32f4xx.o(.data)
    hi2c1                                    0x20000078   Data          84  main.o(.bss)
    htim1                                    0x200000cc   Data          72  main.o(.bss)
    htim2                                    0x20000114   Data          72  main.o(.bss)
    htim3                                    0x2000015c   Data          72  main.o(.bss)
    htim4                                    0x200001a4   Data          72  main.o(.bss)
    htim5                                    0x200001ec   Data          72  main.o(.bss)
    htim8                                    0x20000234   Data          72  main.o(.bss)
    huart4                                   0x2000027c   Data          68  main.o(.bss)
    huart7                                   0x200002c0   Data          68  main.o(.bss)
    buf                                      0x20000304   Data          50  main.o(.bss)
    mass                                     0x20000336   Data          10  main.o(.bss)
    result                                   0x20000340   Data          10  main.o(.bss)
    hdma_uart7_rx                            0x2000034c   Data          96  main.o(.bss)
    __libspace_start                         0x200003ac   Data          96  libspace.o(.bss)
    __temporary_stack_top$libspace           0x2000040c   Data           0  libspace.o(.bss)



==============================================================================

Memory Map of the image

  Image Entry point : 0x080001d9

  Load Region LR_IROM1 (Base: 0x08000000, Size: 0x00004174, Max: 0x00180000, ABSOLUTE)

    Execution Region ER_IROM1 (Exec base: 0x08000000, Load base: 0x08000000, Size: 0x000040fc, Max: 0x00180000, ABSOLUTE)

    Exec Addr    Load Addr    Size         Type   Attr      Idx    E Section Name        Object

    0x08000000   0x08000000   0x000001d8   Data   RO            3    RESET               startup_stm32f413xx.o
    0x080001d8   0x080001d8   0x00000008   Code   RO         3572  * !!!main             c_w.l(__main.o)
    0x080001e0   0x080001e0   0x00000034   Code   RO         3767    !!!scatter          c_w.l(__scatter.o)
    0x08000214   0x08000214   0x0000001a   Code   RO         3769    !!handler_copy      c_w.l(__scatter_copy.o)
    0x0800022e   0x0800022e   0x00000002   PAD
    0x08000230   0x08000230   0x0000001c   Code   RO         3771    !!handler_zi        c_w.l(__scatter_zi.o)
    0x0800024c   0x0800024c   0x00000000   Code   RO         3565    .ARM.Collect$$_printf_percent$$00000000  c_w.l(_printf_percent.o)
    0x0800024c   0x0800024c   0x00000006   Code   RO         3564    .ARM.Collect$$_printf_percent$$00000009  c_w.l(_printf_d.o)
    0x08000252   0x08000252   0x00000004   Code   RO         3597    .ARM.Collect$$_printf_percent$$00000017  c_w.l(_printf_percent_end.o)
    0x08000256   0x08000256   0x00000002   Code   RO         3635    .ARM.Collect$$libinit$$00000000  c_w.l(libinit.o)
    0x08000258   0x08000258   0x00000004   Code   RO         3647    .ARM.Collect$$libinit$$00000001  c_w.l(libinit2.o)
    0x0800025c   0x0800025c   0x00000000   Code   RO         3650    .ARM.Collect$$libinit$$00000004  c_w.l(libinit2.o)
    0x0800025c   0x0800025c   0x00000000   Code   RO         3653    .ARM.Collect$$libinit$$0000000A  c_w.l(libinit2.o)
    0x0800025c   0x0800025c   0x00000000   Code   RO         3655    .ARM.Collect$$libinit$$0000000C  c_w.l(libinit2.o)
    0x0800025c   0x0800025c   0x00000000   Code   RO         3657    .ARM.Collect$$libinit$$0000000E  c_w.l(libinit2.o)
    0x0800025c   0x0800025c   0x00000000   Code   RO         3660    .ARM.Collect$$libinit$$00000011  c_w.l(libinit2.o)
    0x0800025c   0x0800025c   0x00000000   Code   RO         3662    .ARM.Collect$$libinit$$00000013  c_w.l(libinit2.o)
    0x0800025c   0x0800025c   0x00000000   Code   RO         3664    .ARM.Collect$$libinit$$00000015  c_w.l(libinit2.o)
    0x0800025c   0x0800025c   0x00000000   Code   RO         3666    .ARM.Collect$$libinit$$00000017  c_w.l(libinit2.o)
    0x0800025c   0x0800025c   0x00000000   Code   RO         3668    .ARM.Collect$$libinit$$00000019  c_w.l(libinit2.o)
    0x0800025c   0x0800025c   0x00000000   Code   RO         3670    .ARM.Collect$$libinit$$0000001B  c_w.l(libinit2.o)
    0x0800025c   0x0800025c   0x00000000   Code   RO         3672    .ARM.Collect$$libinit$$0000001D  c_w.l(libinit2.o)
    0x0800025c   0x0800025c   0x00000000   Code   RO         3674    .ARM.Collect$$libinit$$0000001F  c_w.l(libinit2.o)
    0x0800025c   0x0800025c   0x00000000   Code   RO         3676    .ARM.Collect$$libinit$$00000021  c_w.l(libinit2.o)
    0x0800025c   0x0800025c   0x00000000   Code   RO         3678    .ARM.Collect$$libinit$$00000023  c_w.l(libinit2.o)
    0x0800025c   0x0800025c   0x00000000   Code   RO         3680    .ARM.Collect$$libinit$$00000025  c_w.l(libinit2.o)
    0x0800025c   0x0800025c   0x00000000   Code   RO         3684    .ARM.Collect$$libinit$$0000002C  c_w.l(libinit2.o)
    0x0800025c   0x0800025c   0x00000000   Code   RO         3686    .ARM.Collect$$libinit$$0000002E  c_w.l(libinit2.o)
    0x0800025c   0x0800025c   0x00000000   Code   RO         3688    .ARM.Collect$$libinit$$00000030  c_w.l(libinit2.o)
    0x0800025c   0x0800025c   0x00000000   Code   RO         3690    .ARM.Collect$$libinit$$00000032  c_w.l(libinit2.o)
    0x0800025c   0x0800025c   0x00000002   Code   RO         3691    .ARM.Collect$$libinit$$00000033  c_w.l(libinit2.o)
    0x0800025e   0x0800025e   0x00000002   Code   RO         3722    .ARM.Collect$$libshutdown$$00000000  c_w.l(libshutdown.o)
    0x08000260   0x08000260   0x00000000   Code   RO         3748    .ARM.Collect$$libshutdown$$00000002  c_w.l(libshutdown2.o)
    0x08000260   0x08000260   0x00000000   Code   RO         3750    .ARM.Collect$$libshutdown$$00000004  c_w.l(libshutdown2.o)
    0x08000260   0x08000260   0x00000000   Code   RO         3752    .ARM.Collect$$libshutdown$$00000006  c_w.l(libshutdown2.o)
    0x08000260   0x08000260   0x00000000   Code   RO         3755    .ARM.Collect$$libshutdown$$00000009  c_w.l(libshutdown2.o)
    0x08000260   0x08000260   0x00000000   Code   RO         3758    .ARM.Collect$$libshutdown$$0000000C  c_w.l(libshutdown2.o)
    0x08000260   0x08000260   0x00000000   Code   RO         3760    .ARM.Collect$$libshutdown$$0000000E  c_w.l(libshutdown2.o)
    0x08000260   0x08000260   0x00000000   Code   RO         3763    .ARM.Collect$$libshutdown$$00000011  c_w.l(libshutdown2.o)
    0x08000260   0x08000260   0x00000002   Code   RO         3764    .ARM.Collect$$libshutdown$$00000012  c_w.l(libshutdown2.o)
    0x08000262   0x08000262   0x00000000   Code   RO         3586    .ARM.Collect$$rtentry$$00000000  c_w.l(__rtentry.o)
    0x08000262   0x08000262   0x00000000   Code   RO         3604    .ARM.Collect$$rtentry$$00000002  c_w.l(__rtentry2.o)
    0x08000262   0x08000262   0x00000006   Code   RO         3616    .ARM.Collect$$rtentry$$00000004  c_w.l(__rtentry4.o)
    0x08000268   0x08000268   0x00000000   Code   RO         3606    .ARM.Collect$$rtentry$$00000009  c_w.l(__rtentry2.o)
    0x08000268   0x08000268   0x00000004   Code   RO         3607    .ARM.Collect$$rtentry$$0000000A  c_w.l(__rtentry2.o)
    0x0800026c   0x0800026c   0x00000000   Code   RO         3609    .ARM.Collect$$rtentry$$0000000C  c_w.l(__rtentry2.o)
    0x0800026c   0x0800026c   0x00000008   Code   RO         3610    .ARM.Collect$$rtentry$$0000000D  c_w.l(__rtentry2.o)
    0x08000274   0x08000274   0x00000002   Code   RO         3639    .ARM.Collect$$rtexit$$00000000  c_w.l(rtexit.o)
    0x08000276   0x08000276   0x00000000   Code   RO         3695    .ARM.Collect$$rtexit$$00000002  c_w.l(rtexit2.o)
    0x08000276   0x08000276   0x00000004   Code   RO         3696    .ARM.Collect$$rtexit$$00000003  c_w.l(rtexit2.o)
    0x0800027a   0x0800027a   0x00000006   Code   RO         3697    .ARM.Collect$$rtexit$$00000004  c_w.l(rtexit2.o)
    0x08000280   0x08000280   0x00000040   Code   RO            4    .text               startup_stm32f413xx.o
    0x080002c0   0x080002c0   0x000000ee   Code   RO         3534    .text               c_w.l(lludivv7m.o)
    0x080003ae   0x080003ae   0x00000002   PAD
    0x080003b0   0x080003b0   0x00000028   Code   RO         3538    .text               c_w.l(noretval__2sprintf.o)
    0x080003d8   0x080003d8   0x00000068   Code   RO         3540    .text               c_w.l(__printf.o)
    0x08000440   0x08000440   0x00000078   Code   RO         3542    .text               c_w.l(_printf_dec.o)
    0x080004b8   0x080004b8   0x0000003e   Code   RO         3566    .text               c_w.l(strlen.o)
    0x080004f6   0x080004f6   0x0000004e   Code   RO         3568    .text               c_w.l(rt_memclr_w.o)
    0x08000544   0x08000544   0x00000006   Code   RO         3570    .text               c_w.l(heapauxi.o)
    0x0800054a   0x0800054a   0x000000b2   Code   RO         3591    .text               c_w.l(_printf_intcommon.o)
    0x080005fc   0x080005fc   0x00000030   Code   RO         3593    .text               c_w.l(_printf_char_common.o)
    0x0800062c   0x0800062c   0x0000000a   Code   RO         3595    .text               c_w.l(_sputc.o)
    0x08000636   0x08000636   0x0000004a   Code   RO         3622    .text               c_w.l(sys_stackheap_outer.o)
    0x08000680   0x08000680   0x00000012   Code   RO         3624    .text               c_w.l(exit.o)
    0x08000692   0x08000692   0x00000002   PAD
    0x08000694   0x08000694   0x00000008   Code   RO         3636    .text               c_w.l(libspace.o)
    0x0800069c   0x0800069c   0x0000000c   Code   RO         3692    .text               c_w.l(sys_exit.o)
    0x080006a8   0x080006a8   0x00000002   Code   RO         3711    .text               c_w.l(use_no_semi.o)
    0x080006aa   0x080006aa   0x00000000   Code   RO         3713    .text               c_w.l(indicate_semi.o)
    0x080006aa   0x080006aa   0x00000002   Code   RO          334    i.BusFault_Handler  stm32f4xx_it.o
    0x080006ac   0x080006ac   0x0000000c   Code   RO          335    i.DMA1_Stream3_IRQHandler  stm32f4xx_it.o
    0x080006b8   0x080006b8   0x00000028   Code   RO         1470    i.DMA_CalcBaseAndBitshift  stm32f4xx_hal_dma.o
    0x080006e0   0x080006e0   0x00000054   Code   RO         1471    i.DMA_CheckFifoParam  stm32f4xx_hal_dma.o
    0x08000734   0x08000734   0x00000028   Code   RO         1472    i.DMA_SetConfig     stm32f4xx_hal_dma.o
    0x0800075c   0x0800075c   0x00000002   Code   RO          336    i.DebugMon_Handler  stm32f4xx_it.o
    0x0800075e   0x0800075e   0x00000004   Code   RO           13    i.Error_Handler     main.o
    0x08000762   0x08000762   0x00000092   Code   RO         1473    i.HAL_DMA_Abort     stm32f4xx_hal_dma.o
    0x080007f4   0x080007f4   0x00000024   Code   RO         1474    i.HAL_DMA_Abort_IT  stm32f4xx_hal_dma.o
    0x08000818   0x08000818   0x000001a0   Code   RO         1478    i.HAL_DMA_IRQHandler  stm32f4xx_hal_dma.o
    0x080009b8   0x080009b8   0x000000d4   Code   RO         1479    i.HAL_DMA_Init      stm32f4xx_hal_dma.o
    0x08000a8c   0x08000a8c   0x0000006e   Code   RO         1483    i.HAL_DMA_Start_IT  stm32f4xx_hal_dma.o
    0x08000afa   0x08000afa   0x00000002   PAD
    0x08000afc   0x08000afc   0x000001dc   Code   RO         1366    i.HAL_GPIO_Init     stm32f4xx_hal_gpio.o
    0x08000cd8   0x08000cd8   0x0000000c   Code   RO         1922    i.HAL_GetTick       stm32f4xx_hal.o
    0x08000ce4   0x08000ce4   0x00000188   Code   RO          518    i.HAL_I2C_Init      stm32f4xx_hal_i2c.o
    0x08000e6c   0x08000e6c   0x000001f8   Code   RO          536    i.HAL_I2C_Mem_Read  stm32f4xx_hal_i2c.o
    0x08001064   0x08001064   0x0000006c   Code   RO          429    i.HAL_I2C_MspInit   stm32f4xx_hal_msp.o
    0x080010d0   0x080010d0   0x00000010   Code   RO         1928    i.HAL_IncTick       stm32f4xx_hal.o
    0x080010e0   0x080010e0   0x00000034   Code   RO         1929    i.HAL_Init          stm32f4xx_hal.o
    0x08001114   0x08001114   0x00000040   Code   RO         1930    i.HAL_InitTick      stm32f4xx_hal.o
    0x08001154   0x08001154   0x00000030   Code   RO          430    i.HAL_MspInit       stm32f4xx_hal_msp.o
    0x08001184   0x08001184   0x0000001a   Code   RO         1779    i.HAL_NVIC_EnableIRQ  stm32f4xx_hal_cortex.o
    0x0800119e   0x0800119e   0x00000002   PAD
    0x080011a0   0x080011a0   0x00000040   Code   RO         1785    i.HAL_NVIC_SetPriority  stm32f4xx_hal_cortex.o
    0x080011e0   0x080011e0   0x00000024   Code   RO         1786    i.HAL_NVIC_SetPriorityGrouping  stm32f4xx_hal_cortex.o
    0x08001204   0x08001204   0x00000134   Code   RO          970    i.HAL_RCC_ClockConfig  stm32f4xx_hal_rcc.o
    0x08001338   0x08001338   0x00000020   Code   RO          977    i.HAL_RCC_GetPCLK1Freq  stm32f4xx_hal_rcc.o
    0x08001358   0x08001358   0x00000020   Code   RO          978    i.HAL_RCC_GetPCLK2Freq  stm32f4xx_hal_rcc.o
    0x08001378   0x08001378   0x00000064   Code   RO          979    i.HAL_RCC_GetSysClockFreq  stm32f4xx_hal_rcc.o
    0x080013dc   0x080013dc   0x00000380   Code   RO         1079    i.HAL_RCC_OscConfig  stm32f4xx_hal_rcc_ex.o
    0x0800175c   0x0800175c   0x00000028   Code   RO         1790    i.HAL_SYSTICK_Config  stm32f4xx_hal_cortex.o
    0x08001784   0x08001784   0x00000054   Code   RO         2876    i.HAL_TIMEx_ConfigBreakDeadTime  stm32f4xx_hal_tim_ex.o
    0x080017d8   0x080017d8   0x00000090   Code   RO         2892    i.HAL_TIMEx_MasterConfigSynchronization  stm32f4xx_hal_tim_ex.o
    0x08001868   0x08001868   0x0000005a   Code   RO         2169    i.HAL_TIM_Base_Init  stm32f4xx_hal_tim.o
    0x080018c2   0x080018c2   0x00000002   PAD
    0x080018c4   0x080018c4   0x000000ac   Code   RO          432    i.HAL_TIM_Base_MspInit  stm32f4xx_hal_msp.o
    0x08001970   0x08001970   0x000000dc   Code   RO         2178    i.HAL_TIM_ConfigClockSource  stm32f4xx_hal_tim.o
    0x08001a4c   0x08001a4c   0x0000011e   Code   RO         2205    i.HAL_TIM_IC_ConfigChannel  stm32f4xx_hal_tim.o
    0x08001b6a   0x08001b6a   0x0000005a   Code   RO         2208    i.HAL_TIM_IC_Init   stm32f4xx_hal_tim.o
    0x08001bc4   0x08001bc4   0x00000002   Code   RO         2210    i.HAL_TIM_IC_MspInit  stm32f4xx_hal_tim.o
    0x08001bc6   0x08001bc6   0x00000002   PAD
    0x08001bc8   0x08001bc8   0x000000c4   Code   RO          433    i.HAL_TIM_MspPostInit  stm32f4xx_hal_msp.o
    0x08001c8c   0x08001c8c   0x000000cc   Code   RO         2241    i.HAL_TIM_PWM_ConfigChannel  stm32f4xx_hal_tim.o
    0x08001d58   0x08001d58   0x0000005a   Code   RO         2244    i.HAL_TIM_PWM_Init  stm32f4xx_hal_tim.o
    0x08001db2   0x08001db2   0x00000002   PAD
    0x08001db4   0x08001db4   0x00000068   Code   RO          435    i.HAL_TIM_PWM_MspInit  stm32f4xx_hal_msp.o
    0x08001e1c   0x08001e1c   0x000000c8   Code   RO         2249    i.HAL_TIM_PWM_Start  stm32f4xx_hal_tim.o
    0x08001ee4   0x08001ee4   0x00000056   Code   RO         2258    i.HAL_TIM_SlaveConfigSynchro  stm32f4xx_hal_tim.o
    0x08001f3a   0x08001f3a   0x00000002   Code   RO         3151    i.HAL_UARTEx_RxEventCallback  stm32f4xx_hal_uart.o
    0x08001f3c   0x08001f3c   0x00000002   Code   RO         3165    i.HAL_UART_ErrorCallback  stm32f4xx_hal_uart.o
    0x08001f3e   0x08001f3e   0x00000002   PAD
    0x08001f40   0x08001f40   0x00000268   Code   RO         3168    i.HAL_UART_IRQHandler  stm32f4xx_hal_uart.o
    0x080021a8   0x080021a8   0x00000062   Code   RO         3169    i.HAL_UART_Init     stm32f4xx_hal_uart.o
    0x0800220a   0x0800220a   0x00000002   PAD
    0x0800220c   0x0800220c   0x00000100   Code   RO          437    i.HAL_UART_MspInit  stm32f4xx_hal_msp.o
    0x0800230c   0x0800230c   0x0000002a   Code   RO         3173    i.HAL_UART_Receive_DMA  stm32f4xx_hal_uart.o
    0x08002336   0x08002336   0x00000002   PAD
    0x08002338   0x08002338   0x0000002c   Code   RO           14    i.HAL_UART_RxCpltCallback  main.o
    0x08002364   0x08002364   0x00000002   Code   RO         3176    i.HAL_UART_RxHalfCpltCallback  stm32f4xx_hal_uart.o
    0x08002366   0x08002366   0x00000002   PAD
    0x08002368   0x08002368   0x000000b2   Code   RO         3177    i.HAL_UART_Transmit  stm32f4xx_hal_uart.o
    0x0800241a   0x0800241a   0x00000002   Code   RO         3180    i.HAL_UART_TxCpltCallback  stm32f4xx_hal_uart.o
    0x0800241c   0x0800241c   0x00000002   Code   RO          337    i.HardFault_Handler  stm32f4xx_it.o
    0x0800241e   0x0800241e   0x0000002e   Code   RO          560    i.I2C_IsAcknowledgeFailed  stm32f4xx_hal_i2c.o
    0x0800244c   0x0800244c   0x000000fc   Code   RO          570    i.I2C_RequestMemoryRead  stm32f4xx_hal_i2c.o
    0x08002548   0x08002548   0x00000068   Code   RO          576    i.I2C_WaitOnFlagUntilTimeout  stm32f4xx_hal_i2c.o
    0x080025b0   0x080025b0   0x00000096   Code   RO          577    i.I2C_WaitOnMasterAddressFlagUntilTimeout  stm32f4xx_hal_i2c.o
    0x08002646   0x08002646   0x00000066   Code   RO          578    i.I2C_WaitOnRXNEFlagUntilTimeout  stm32f4xx_hal_i2c.o
    0x080026ac   0x080026ac   0x0000004c   Code   RO          579    i.I2C_WaitOnTXEFlagUntilTimeout  stm32f4xx_hal_i2c.o
    0x080026f8   0x080026f8   0x0000012e   Code   RO           16    i.MPU_filter        main.o
    0x08002826   0x08002826   0x00000002   PAD
    0x08002828   0x08002828   0x0000003c   Code   RO           17    i.MPU_get_accel     main.o
    0x08002864   0x08002864   0x0000003c   Code   RO           18    i.MPU_get_gyro      main.o
    0x080028a0   0x080028a0   0x00000064   Code   RO           19    i.MPU_get_magn      main.o
    0x08002904   0x08002904   0x0000005c   Code   RO           21    i.MX_GPIO_Init      main.o
    0x08002960   0x08002960   0x000000a4   Code   RO           22    i.MX_TIM1_Init      main.o
    0x08002a04   0x08002a04   0x00000074   Code   RO           23    i.MX_TIM2_Init      main.o
    0x08002a78   0x08002a78   0x00000074   Code   RO           24    i.MX_TIM3_Init      main.o
    0x08002aec   0x08002aec   0x00000074   Code   RO           25    i.MX_TIM4_Init      main.o
    0x08002b60   0x08002b60   0x000000ec   Code   RO           26    i.MX_TIM5_Init      main.o
    0x08002c4c   0x08002c4c   0x000000d0   Code   RO           27    i.MX_TIM8_Init      main.o
    0x08002d1c   0x08002d1c   0x00000080   Code   RO           28    i.Med               main.o
    0x08002d9c   0x08002d9c   0x00000002   Code   RO          338    i.MemManage_Handler  stm32f4xx_it.o
    0x08002d9e   0x08002d9e   0x00000002   Code   RO          339    i.NMI_Handler       stm32f4xx_it.o
    0x08002da0   0x08002da0   0x00000002   Code   RO          340    i.PendSV_Handler    stm32f4xx_it.o
    0x08002da2   0x08002da2   0x00000002   Code   RO          341    i.SVC_Handler       stm32f4xx_it.o
    0x08002da4   0x08002da4   0x00000004   Code   RO          342    i.SysTick_Handler   stm32f4xx_it.o
    0x08002da8   0x08002da8   0x00000080   Code   RO           29    i.SystemClock_Config  main.o
    0x08002e28   0x08002e28   0x00000010   Code   RO         3498    i.SystemInit        system_stm32f4xx.o
    0x08002e38   0x08002e38   0x000000c8   Code   RO         2262    i.TIM_Base_SetConfig  stm32f4xx_hal_tim.o
    0x08002f00   0x08002f00   0x0000001a   Code   RO         2263    i.TIM_CCxChannelCmd  stm32f4xx_hal_tim.o
    0x08002f1a   0x08002f1a   0x00000014   Code   RO         2273    i.TIM_ETR_SetConfig  stm32f4xx_hal_tim.o
    0x08002f2e   0x08002f2e   0x00000010   Code   RO         2274    i.TIM_ITRx_SetConfig  stm32f4xx_hal_tim.o
    0x08002f3e   0x08002f3e   0x00000002   PAD
    0x08002f40   0x08002f40   0x00000060   Code   RO         2275    i.TIM_OC1_SetConfig  stm32f4xx_hal_tim.o
    0x08002fa0   0x08002fa0   0x0000006c   Code   RO         2276    i.TIM_OC2_SetConfig  stm32f4xx_hal_tim.o
    0x0800300c   0x0800300c   0x00000068   Code   RO         2277    i.TIM_OC3_SetConfig  stm32f4xx_hal_tim.o
    0x08003074   0x08003074   0x00000050   Code   RO         2278    i.TIM_OC4_SetConfig  stm32f4xx_hal_tim.o
    0x080030c4   0x080030c4   0x0000008c   Code   RO         2279    i.TIM_SlaveTimer_SetConfig  stm32f4xx_hal_tim.o
    0x08003150   0x08003150   0x00000022   Code   RO         2280    i.TIM_TI1_ConfigInputStage  stm32f4xx_hal_tim.o
    0x08003172   0x08003172   0x00000002   PAD
    0x08003174   0x08003174   0x00000080   Code   RO         2281    i.TIM_TI1_SetConfig  stm32f4xx_hal_tim.o
    0x080031f4   0x080031f4   0x00000024   Code   RO         2282    i.TIM_TI2_ConfigInputStage  stm32f4xx_hal_tim.o
    0x08003218   0x08003218   0x00000036   Code   RO         2283    i.TIM_TI2_SetConfig  stm32f4xx_hal_tim.o
    0x0800324e   0x0800324e   0x00000002   PAD
    0x08003250   0x08003250   0x0000000c   Code   RO          343    i.UART4_IRQHandler  stm32f4xx_it.o
    0x0800325c   0x0800325c   0x0000000c   Code   RO          344    i.UART7_IRQHandler  stm32f4xx_it.o
    0x08003268   0x08003268   0x00000010   Code   RO         3182    i.UART_DMAAbortOnError  stm32f4xx_hal_uart.o
    0x08003278   0x08003278   0x0000004a   Code   RO         3183    i.UART_DMAError     stm32f4xx_hal_uart.o
    0x080032c2   0x080032c2   0x00000082   Code   RO         3184    i.UART_DMAReceiveCplt  stm32f4xx_hal_uart.o
    0x08003344   0x08003344   0x0000001a   Code   RO         3186    i.UART_DMARxHalfCplt  stm32f4xx_hal_uart.o
    0x0800335e   0x0800335e   0x0000004e   Code   RO         3192    i.UART_EndRxTransfer  stm32f4xx_hal_uart.o
    0x080033ac   0x080033ac   0x0000001c   Code   RO         3193    i.UART_EndTxTransfer  stm32f4xx_hal_uart.o
    0x080033c8   0x080033c8   0x000000c0   Code   RO         3194    i.UART_Receive_IT   stm32f4xx_hal_uart.o
    0x08003488   0x08003488   0x00000120   Code   RO         3195    i.UART_SetConfig    stm32f4xx_hal_uart.o
    0x080035a8   0x080035a8   0x00000090   Code   RO         3196    i.UART_Start_Receive_DMA  stm32f4xx_hal_uart.o
    0x08003638   0x08003638   0x00000078   Code   RO         3198    i.UART_WaitOnFlagUntilTimeout  stm32f4xx_hal_uart.o
    0x080036b0   0x080036b0   0x00000002   Code   RO          345    i.UsageFault_Handler  stm32f4xx_it.o
    0x080036b2   0x080036b2   0x00000020   Code   RO         1792    i.__NVIC_SetPriority  stm32f4xx_hal_cortex.o
    0x080036d2   0x080036d2   0x0000004a   Code   RO           31    i.emergency_shutdown  main.o
    0x0800371c   0x0800371c   0x00000080   Code   RO           32    i.frsky_board       main.o
    0x0800379c   0x0800379c   0x0000000c   Code   RO           33    i.linear_transformations_board  main.o
    0x080037a8   0x080037a8   0x000004e0   Code   RO           34    i.main              main.o
    0x08003c88   0x08003c88   0x00000100   Code   RO           38    i.package_came_2    main.o
    0x08003d88   0x08003d88   0x00000038   Code   RO           39    i.package_came_board  main.o
    0x08003dc0   0x08003dc0   0x0000002a   Code   RO           40    i.send_k_float      main.o
    0x08003dea   0x08003dea   0x00000016   Code   RO           41    i.trace_float       main.o
    0x08003e00   0x08003e00   0x00000026   Code   RO           42    i.trace_int16_t     main.o
    0x08003e26   0x08003e26   0x00000002   PAD
    0x08003e28   0x08003e28   0x0000005e   Code   RO         3574    x$fpl$dfix          fz_wm.l(dfix.o)
    0x08003e86   0x08003e86   0x0000002e   Code   RO         3579    x$fpl$dflt          fz_wm.l(dflt_clz.o)
    0x08003eb4   0x08003eb4   0x00000154   Code   RO         3584    x$fpl$dmul          fz_wm.l(dmul.o)
    0x08004008   0x08004008   0x0000009c   Code   RO         3598    x$fpl$dnaninf       fz_wm.l(dnaninf.o)
    0x080040a4   0x080040a4   0x0000000c   Code   RO         3600    x$fpl$dretinf       fz_wm.l(dretinf.o)
    0x080040b0   0x080040b0   0x0000000a   Code   RO         3707    x$fpl$fpinit        fz_wm.l(fpinit.o)
    0x080040ba   0x080040ba   0x00000000   Code   RO         3602    x$fpl$usenofp       fz_wm.l(usenofp.o)
    0x080040ba   0x080040ba   0x00000008   Data   RO         1485    .constdata          stm32f4xx_hal_dma.o
    0x080040c2   0x080040c2   0x00000010   Data   RO         3499    .constdata          system_stm32f4xx.o
    0x080040d2   0x080040d2   0x00000008   Data   RO         3500    .constdata          system_stm32f4xx.o
    0x080040da   0x080040da   0x00000002   PAD
    0x080040dc   0x080040dc   0x00000020   Data   RO         3765    Region$$Table       anon$$obj.o


    Execution Region RW_IRAM1 (Exec base: 0x20000000, Load base: 0x080040fc, Size: 0x00000a10, Max: 0x00050000, ABSOLUTE)

    Exec Addr    Load Addr    Size         Type   Attr      Idx    E Section Name        Object

    0x20000000   0x080040fc   0x00000068   Data   RW           48    .data               main.o
    0x20000068   0x08004164   0x0000000c   Data   RW         1936    .data               stm32f4xx_hal.o
    0x20000074   0x08004170   0x00000004   Data   RW         3501    .data               system_stm32f4xx.o
    0x20000078        -       0x000002d2   Zero   RW           46    .bss                main.o
    0x2000034a   0x08004174   0x00000002   PAD
    0x2000034c        -       0x00000060   Zero   RW           47    .bss                main.o
    0x200003ac        -       0x00000060   Zero   RW         3637    .bss                c_w.l(libspace.o)
    0x2000040c   0x08004174   0x00000004   PAD
    0x20000410        -       0x00000200   Zero   RW            2    HEAP                startup_stm32f413xx.o
    0x20000610        -       0x00000400   Zero   RW            1    STACK               startup_stm32f413xx.o


==============================================================================

Image component sizes


      Code (inc. data)   RO Data    RW Data    ZI Data      Debug   Object Name

      3750        186          0        104        818     729469   main.o
        64         26        472          0       1536        860   startup_stm32f413xx.o
       144         24          0         12          0       9013   stm32f4xx_hal.o
       198         14          0          0          0      34043   stm32f4xx_hal_cortex.o
      1084         16          8          0          0       7490   stm32f4xx_hal_dma.o
       476         40          0          0          0       1556   stm32f4xx_hal_gpio.o
      1626         36          0          0          0       9986   stm32f4xx_hal_i2c.o
       884        112          0          0          0       5094   stm32f4xx_hal_msp.o
       472         56          0          0          0       3772   stm32f4xx_hal_rcc.o
       896         22          0          0          0       1980   stm32f4xx_hal_rcc_ex.o
      2310        144          0          0          0      18525   stm32f4xx_hal_tim.o
       228         28          0          0          0       2220   stm32f4xx_hal_tim_ex.o
      2038         38          0          0          0      14968   stm32f4xx_hal_uart.o
        56         18          0          0          0       5770   stm32f4xx_it.o
        16          4         24          4          0       1175   system_stm32f4xx.o

    ----------------------------------------------------------------------
     14270        764        538        120       2356     845921   Object Totals
         0          0         32          0          0          0   (incl. Generated)
        28          0          2          0          2          0   (incl. Padding)

    ----------------------------------------------------------------------

      Code (inc. data)   RO Data    RW Data    ZI Data      Debug   Library Member Name

         8          0          0          0          0         68   __main.o
       104          0          0          0          0         84   __printf.o
         0          0          0          0          0          0   __rtentry.o
        12          0          0          0          0          0   __rtentry2.o
         6          0          0          0          0          0   __rtentry4.o
        52          8          0          0          0          0   __scatter.o
        26          0          0          0          0          0   __scatter_copy.o
        28          0          0          0          0          0   __scatter_zi.o
        48          6          0          0          0         96   _printf_char_common.o
         6          0          0          0          0          0   _printf_d.o
       120         16          0          0          0         92   _printf_dec.o
       178          0          0          0          0         88   _printf_intcommon.o
         0          0          0          0          0          0   _printf_percent.o
         4          0          0          0          0          0   _printf_percent_end.o
        10          0          0          0          0         68   _sputc.o
        18          0          0          0          0         80   exit.o
         6          0          0          0          0        152   heapauxi.o
         0          0          0          0          0          0   indicate_semi.o
         2          0          0          0          0          0   libinit.o
         6          0          0          0          0          0   libinit2.o
         2          0          0          0          0          0   libshutdown.o
         2          0          0          0          0          0   libshutdown2.o
         8          4          0          0         96         68   libspace.o
       238          0          0          0          0        100   lludivv7m.o
        40          6          0          0          0         84   noretval__2sprintf.o
        78          0          0          0          0         80   rt_memclr_w.o
         2          0          0          0          0          0   rtexit.o
        10          0          0          0          0          0   rtexit2.o
        62          0          0          0          0         76   strlen.o
        12          4          0          0          0         68   sys_exit.o
        74          0          0          0          0         80   sys_stackheap_outer.o
         2          0          0          0          0         68   use_no_semi.o
        94          4          0          0          0        140   dfix.o
        46          0          0          0          0        116   dflt_clz.o
       340         12          0          0          0        152   dmul.o
       156          4          0          0          0        140   dnaninf.o
        12          0          0          0          0        116   dretinf.o
        10          0          0          0          0        116   fpinit.o
         0          0          0          0          0          0   usenofp.o

    ----------------------------------------------------------------------
      1828         64          0          0        100       2132   Library Totals
         6          0          0          0          4          0   (incl. Padding)

    ----------------------------------------------------------------------

      Code (inc. data)   RO Data    RW Data    ZI Data      Debug   Library Name

      1164         44          0          0         96       1352   c_w.l
       658         20          0          0          0        780   fz_wm.l

    ----------------------------------------------------------------------
      1828         64          0          0        100       2132   Library Totals

    ----------------------------------------------------------------------

==============================================================================


      Code (inc. data)   RO Data    RW Data    ZI Data      Debug   

     16098        828        538        120       2456     836229   Grand Totals
     16098        828        538        120       2456     836229   ELF Image Totals
     16098        828        538        120          0          0   ROM Totals

==============================================================================

    Total RO  Size (Code + RO Data)                16636 (  16.25kB)
    Total RW  Size (RW Data + ZI Data)              2576 (   2.52kB)
    Total ROM Size (Code + RO Data + RW Data)      16756 (  16.36kB)

==============================================================================

