<html>
<body>
<pre>
<h1>µVision Build Log</h1>
<h2>Tool Versions:</h2>
IDE-Version: µVision V5.36.0.0
Copyright (C) 2021 ARM Ltd and ARM Germany GmbH. All rights reserved.
License Information: Egor Bunakov, MIPT, LIC=----
 
Tool Versions:
Toolchain:       MDK-Lite  Version: 5.36.0.0
Toolchain Path:  C:\Keil_v5\ARM\ARMCC\Bin
C Compiler:      Armcc.exe V5.06 update 7 (build 960)
Assembler:       Armasm.exe V5.06 update 7 (build 960)
Linker/Locator:  ArmLink.exe V5.06 update 7 (build 960)
Library Manager: ArmAr.exe V5.06 update 7 (build 960)
Hex Converter:   FromElf.exe V5.06 update 7 (build 960)
CPU DLL:         SARMCM3.DLL V5.36.0.0
Dialog DLL:      DCM.DLL V1.17.3.0
Target DLL:      STLink\ST-LINKIII-KEIL_SWO.dll V3.0.9.0
Dialog DLL:      TCM.DLL V1.53.0.0
 
<h2>Project:</h2>
C:\Users\Bunakov Egor\Desktop\Education\Engine_451_E\MDK-ARM\Engine_451.uvprojx
Project File Date:  10/13/2022

<h2>Output:</h2>
*** Using Compiler 'V5.06 update 7 (build 960)', folder: 'C:\Keil_v5\ARM\ARMCC\Bin'
Build target 'Engine_451'
compiling motor.c...
..\Src\motor.c(61): warning:  #47-D: incompatible redefinition of macro "PWM_SIZE"  (declared at line 40)
  #define PWM_SIZE 40
..\Src\motor.c(339): warning:  #1035-D: single-precision operand implicitly converted to double-precision
  	rate = 60.0f / ((float)acc * 1e-7 / CCR_SIZE) / 7;
..\Src\motor.c(367): warning:  #1035-D: single-precision operand implicitly converted to double-precision
  			newARR = (uint16_t)ARR_GetCut(fmax(mean_arr - step*0.5, targetARRf));
..\Src\motor.c(369): warning:  #1035-D: single-precision operand implicitly converted to double-precision
  			newARR = (uint16_t)ARR_GetCut(fmin(mean_arr + step*0.5, targetARRf));
..\Src\motor.c(480): warning:  #1035-D: single-precision operand implicitly converted to double-precision
  		speed_hall = 35e5 / (float)hall_value - 2.0f;
..\Src\motor.c(483): warning:  #1035-D: single-precision operand implicitly converted to double-precision
  		speed_hall = 23e5 / (float)TIM5->CCR2 - 2.0f;
..\Src\motor.c(486): warning:  #1035-D: single-precision operand implicitly converted to double-precision
  		speed_hall = 12e5 / (float)TIM5->CCR3 - 2.0f;
..\Src\motor.c(516): warning:  #940-D: missing return statement at end of non-void function "median_filter" 
  }
..\Src\motor.c(850): warning:  #1-D: last line of file ends without a newline
  */
..\Src\motor.c: 9 warnings, 0 errors
linking...
Program Size: Code=17858 RO-data=590 RW-data=276 ZI-data=2860  
FromELF: creating hex file...
"Engine_451\Engine_451.axf" - 0 Error(s), 9 Warning(s).

<h2>Software Packages used:</h2>

Package Vendor: ARM
                http://www.keil.com/pack/ARM.CMSIS.5.8.0.pack
                ARM.CMSIS.5.8.0
                CMSIS (Common Microcontroller Software Interface Standard)
   * Component: CORE Version: 5.5.0

Package Vendor: Keil
                http://www.keil.com/pack/Keil.STM32F4xx_DFP.2.16.0.pack
                Keil.STM32F4xx_DFP.2.16.0
                STMicroelectronics STM32F4 Series Device Support, Drivers and Examples

<h2>Collection of Component include folders:</h2>
  .\RTE\_Engine_451
  C:\Users\Bunakov Egor\AppData\Local\Arm\Packs\ARM\CMSIS\5.8.0\CMSIS\Core\Include
  C:\Users\Bunakov Egor\AppData\Local\Arm\Packs\Keil\STM32F4xx_DFP\2.16.0\Drivers\CMSIS\Device\ST\STM32F4xx\Include

<h2>Collection of Component Files used:</h2>

   * Component: ARM::CMSIS:CORE:5.5.0
Build Time Elapsed:  00:00:01
</pre>
</body>
</html>
