Component: ARM Compiler 5.06 update 7 (build 960) Tool: armlink [4d3601]

==============================================================================

Section Cross References

    startup_stm32f405xx.o(STACK) refers (Special) to heapauxi.o(.text) for __use_two_region_memory
    startup_stm32f405xx.o(HEAP) refers (Special) to heapauxi.o(.text) for __use_two_region_memory
    startup_stm32f405xx.o(RESET) refers (Special) to heapauxi.o(.text) for __use_two_region_memory
    startup_stm32f405xx.o(RESET) refers to startup_stm32f405xx.o(STACK) for __initial_sp
    startup_stm32f405xx.o(RESET) refers to startup_stm32f405xx.o(.text) for Reset_Handler
    startup_stm32f405xx.o(RESET) refers to stm32f4xx_it.o(i.NMI_Handler) for NMI_Handler
    startup_stm32f405xx.o(RESET) refers to stm32f4xx_it.o(i.HardFault_Handler) for HardFault_Handler
    startup_stm32f405xx.o(RESET) refers to stm32f4xx_it.o(i.MemManage_Handler) for MemManage_Handler
    startup_stm32f405xx.o(RESET) refers to stm32f4xx_it.o(i.BusFault_Handler) for BusFault_Handler
    startup_stm32f405xx.o(RESET) refers to stm32f4xx_it.o(i.UsageFault_Handler) for UsageFault_Handler
    startup_stm32f405xx.o(RESET) refers to stm32f4xx_it.o(i.SVC_Handler) for SVC_Handler
    startup_stm32f405xx.o(RESET) refers to stm32f4xx_it.o(i.DebugMon_Handler) for DebugMon_Handler
    startup_stm32f405xx.o(RESET) refers to stm32f4xx_it.o(i.PendSV_Handler) for PendSV_Handler
    startup_stm32f405xx.o(RESET) refers to stm32f4xx_it.o(i.SysTick_Handler) for SysTick_Handler
    startup_stm32f405xx.o(RESET) refers to motor.o(i.TIM8_UP_TIM13_IRQHandler) for TIM8_UP_TIM13_IRQHandler
    startup_stm32f405xx.o(RESET) refers to motor.o(i.TIM8_TRG_COM_TIM14_IRQHandler) for TIM8_TRG_COM_TIM14_IRQHandler
    startup_stm32f405xx.o(RESET) refers to motor.o(i.TIM5_IRQHandler) for TIM5_IRQHandler
    startup_stm32f405xx.o(.text) refers (Special) to heapauxi.o(.text) for __use_two_region_memory
    startup_stm32f405xx.o(.text) refers to system_stm32f4xx.o(i.SystemInit) for SystemInit
    startup_stm32f405xx.o(.text) refers to __main.o(!!!main) for __main
    startup_stm32f405xx.o(.text) refers to startup_stm32f405xx.o(HEAP) for Heap_Mem
    startup_stm32f405xx.o(.text) refers to startup_stm32f405xx.o(STACK) for Stack_Mem
    motor.o(i.ARR_GetStep) refers to dflt_clz.o(x$fpl$dflt) for __aeabi_i2d
    motor.o(i.ARR_GetStep) refers to f2d.o(x$fpl$f2d) for __aeabi_f2d
    motor.o(i.ARR_GetStep) refers to pow.o(i.__hardfp_pow) for __hardfp_pow
    motor.o(i.ARR_GetStep) refers to dmul.o(x$fpl$dmul) for __aeabi_dmul
    motor.o(i.ARR_GetStep) refers to daddsub_clz.o(x$fpl$dadd) for __aeabi_dadd
    motor.o(i.ARR_GetStep) refers to d2f.o(x$fpl$d2f) for __aeabi_d2f
    motor.o(i.ARR_GetStep) refers to motor.o(.data) for .data
    motor.o(i.Enable) refers to stm32f4xx_hal_tim.o(i.HAL_TIM_Base_Start_IT) for HAL_TIM_Base_Start_IT
    motor.o(i.Enable) refers to stm32f4xx_hal_tim.o(i.HAL_TIM_Base_Stop_IT) for HAL_TIM_Base_Stop_IT
    motor.o(i.Enable) refers to main.o(.bss) for htim14
    motor.o(i.GetDirection) refers to motor.o(.data) for .data
    motor.o(i.GetSpeed) refers to motor.o(.data) for .data
    motor.o(i.HallFilter) refers to f2d.o(x$fpl$f2d) for __aeabi_f2d
    motor.o(i.HallFilter) refers to ddiv.o(x$fpl$ddiv) for __aeabi_ddiv
    motor.o(i.HallFilter) refers to daddsub_clz.o(x$fpl$dsub) for __aeabi_dsub
    motor.o(i.HallFilter) refers to d2f.o(x$fpl$d2f) for __aeabi_d2f
    motor.o(i.HallFilter) refers to dflt_clz.o(x$fpl$dfltu) for __aeabi_ui2d
    motor.o(i.InitPower) refers to motor.o(.data) for .data
    motor.o(i.InitPower2) refers to motor.o(.data) for .data
    motor.o(i.MiddleSpeedHall) refers to motor.o(.bss) for .bss
    motor.o(i.MiddleSpeedHall) refers to motor.o(.data) for .data
    motor.o(i.SetDirection) refers to motor.o(.data) for .data
    motor.o(i.SetSpeed) refers to f2d.o(x$fpl$f2d) for __aeabi_f2d
    motor.o(i.SetSpeed) refers to dmul.o(x$fpl$dmul) for __aeabi_dmul
    motor.o(i.SetSpeed) refers to ddiv.o(x$fpl$ddiv) for __aeabi_ddiv
    motor.o(i.SetSpeed) refers to d2f.o(x$fpl$d2f) for __aeabi_d2f
    motor.o(i.SetSpeed) refers to motor.o(i.ARR_GetCut) for ARR_GetCut
    motor.o(i.SetSpeed) refers to motor.o(i.ARR_GetStep) for ARR_GetStep
    motor.o(i.SetSpeed) refers to fmax.o(i.__hardfp_fmax) for __hardfp_fmax
    motor.o(i.SetSpeed) refers to fmin.o(i.__hardfp_fmin) for __hardfp_fmin
    motor.o(i.SetSpeed) refers to motor.o(.data) for .data
    motor.o(i.SetSpeed) refers to motor.o(.bss) for .bss
    motor.o(i.TIM5_IRQHandler) refers to stm32f4xx_hal_tim.o(i.HAL_TIM_IRQHandler) for HAL_TIM_IRQHandler
    motor.o(i.TIM5_IRQHandler) refers to main.o(.data) for c
    motor.o(i.TIM5_IRQHandler) refers to main.o(.bss) for htim5
    motor.o(i.TIM5_IRQHandler) refers to motor.o(.data) for .data
    motor.o(i.TIM5_IRQHandler) refers to motor.o(.bss) for .bss
[...]
    .ARM.Collect$$libinit$$0000000A          0x08000202   Section        0  libinit2.o(.ARM.Collect$$libinit$$0000000A)
    .ARM.Collect$$libinit$$0000000C          0x08000202   Section        0  libinit2.o(.ARM.Collect$$libinit$$0000000C)
    .ARM.Collect$$libinit$$0000000E          0x08000202   Section        0  libinit2.o(.ARM.Collect$$libinit$$0000000E)
    .ARM.Collect$$libinit$$00000011          0x08000202   Section        0  libinit2.o(.ARM.Collect$$libinit$$00000011)
    .ARM.Collect$$libinit$$00000013          0x08000202   Section        0  libinit2.o(.ARM.Collect$$libinit$$00000013)
    .ARM.Collect$$libinit$$00000015          0x08000202   Section        0  libinit2.o(.ARM.Collect$$libinit$$00000015)
    .ARM.Collect$$libinit$$00000017          0x08000202   Section        0  libinit2.o(.ARM.Collect$$libinit$$00000017)
    .ARM.Collect$$libinit$$00000019          0x08000202   Section        0  libinit2.o(.ARM.Collect$$libinit$$00000019)
    .ARM.Collect$$libinit$$0000001B          0x08000202   Section        0  libinit2.o(.ARM.Collect$$libinit$$0000001B)
    .ARM.Collect$$libinit$$0000001D          0x08000202   Section        0  libinit2.o(.ARM.Collect$$libinit$$0000001D)
    .ARM.Collect$$libinit$$0000001F          0x08000202   Section        0  libinit2.o(.ARM.Collect$$libinit$$0000001F)
    .ARM.Collect$$libinit$$00000021          0x08000202   Section        0  libinit2.o(.ARM.Collect$$libinit$$00000021)
    .ARM.Collect$$libinit$$00000023          0x08000202   Section        0  libinit2.o(.ARM.Collect$$libinit$$00000023)
    .ARM.Collect$$libinit$$00000025          0x08000202   Section        0  libinit2.o(.ARM.Collect$$libinit$$00000025)
    .ARM.Collect$$libinit$$0000002C          0x08000202   Section        0  libinit2.o(.ARM.Collect$$libinit$$0000002C)
    .ARM.Collect$$libinit$$0000002E          0x08000202   Section        0  libinit2.o(.ARM.Collect$$libinit$$0000002E)
    .ARM.Collect$$libinit$$00000030          0x08000202   Section        0  libinit2.o(.ARM.Collect$$libinit$$00000030)
    .ARM.Collect$$libinit$$00000032          0x08000202   Section        0  libinit2.o(.ARM.Collect$$libinit$$00000032)
    .ARM.Collect$$libinit$$00000033          0x08000202   Section        2  libinit2.o(.ARM.Collect$$libinit$$00000033)
    .ARM.Collect$$libshutdown$$00000000      0x08000204   Section        2  libshutdown.o(.ARM.Collect$$libshutdown$$00000000)
    .ARM.Collect$$libshutdown$$00000002      0x08000206   Section        0  libshutdown2.o(.ARM.Collect$$libshutdown$$00000002)
    .ARM.Collect$$libshutdown$$00000004      0x08000206   Section        0  libshutdown2.o(.ARM.Collect$$libshutdown$$00000004)
    .ARM.Collect$$libshutdown$$00000006      0x08000206   Section        0  libshutdown2.o(.ARM.Collect$$libshutdown$$00000006)
    .ARM.Collect$$libshutdown$$00000009      0x08000206   Section        0  libshutdown2.o(.ARM.Collect$$libshutdown$$00000009)
    .ARM.Collect$$libshutdown$$0000000C      0x08000206   Section        0  libshutdown2.o(.ARM.Collect$$libshutdown$$0000000C)
    .ARM.Collect$$libshutdown$$0000000E      0x08000206   Section        0  libshutdown2.o(.ARM.Collect$$libshutdown$$0000000E)
    .ARM.Collect$$libshutdown$$00000011      0x08000206   Section        0  libshutdown2.o(.ARM.Collect$$libshutdown$$00000011)
    .ARM.Collect$$libshutdown$$00000012      0x08000206   Section        2  libshutdown2.o(.ARM.Collect$$libshutdown$$00000012)
    .ARM.Collect$$rtentry$$00000000          0x08000208   Section        0  __rtentry.o(.ARM.Collect$$rtentry$$00000000)
    .ARM.Collect$$rtentry$$00000002          0x08000208   Section        0  __rtentry2.o(.ARM.Collect$$rtentry$$00000002)
    .ARM.Collect$$rtentry$$00000004          0x08000208   Section        6  __rtentry4.o(.ARM.Collect$$rtentry$$00000004)
    .ARM.Collect$$rtentry$$00000009          0x0800020e   Section        0  __rtentry2.o(.ARM.Collect$$rtentry$$00000009)
    .ARM.Collect$$rtentry$$0000000A          0x0800020e   Section        4  __rtentry2.o(.ARM.Collect$$rtentry$$0000000A)
    .ARM.Collect$$rtentry$$0000000C          0x08000212   Section        0  __rtentry2.o(.ARM.Collect$$rtentry$$0000000C)
    .ARM.Collect$$rtentry$$0000000D          0x08000212   Section        8  __rtentry2.o(.ARM.Collect$$rtentry$$0000000D)
    .ARM.Collect$$rtexit$$00000000           0x0800021a   Section        2  rtexit.o(.ARM.Collect$$rtexit$$00000000)
    .ARM.Collect$$rtexit$$00000002           0x0800021c   Section        0  rtexit2.o(.ARM.Collect$$rtexit$$00000002)
    .ARM.Collect$$rtexit$$00000003           0x0800021c   Section        4  rtexit2.o(.ARM.Collect$$rtexit$$00000003)
    .ARM.Collect$$rtexit$$00000004           0x08000220   Section        6  rtexit2.o(.ARM.Collect$$rtexit$$00000004)
    .text                                    0x08000228   Section       64  startup_stm32f405xx.o(.text)
    $v0                                      0x08000228   Number         0  startup_stm32f405xx.o(.text)
    .text                                    0x08000268   Section      238  lludivv7m.o(.text)
    .text                                    0x08000356   Section       16  aeabi_memset.o(.text)
    .text                                    0x08000366   Section       78  rt_memclr_w.o(.text)
    .text                                    0x080003b4   Section        0  heapauxi.o(.text)
    .text                                    0x080003ba   Section        0  _rserrno.o(.text)
    .text                                    0x080003d0   Section       68  rt_memclr.o(.text)
    .text                                    0x08000414   Section        8  rt_errno_addr_intlibspace.o(.text)
    .text                                    0x0800041c   Section        8  libspace.o(.text)
    .text                                    0x08000424   Section       74  sys_stackheap_outer.o(.text)
    .text                                    0x0800046e   Section        0  exit.o(.text)
    .text                                    0x08000480   Section        0  sys_exit.o(.text)
    .text                                    0x0800048c   Section        2  use_no_semi.o(.text)
    .text                                    0x0800048e   Section        0  indicate_semi.o(.text)
    i.ARR_GetCut                             0x08000490   Section        0  motor.o(i.ARR_GetCut)
    i.ARR_GetStep                            0x080004c0   Section        0  motor.o(i.ARR_GetStep)
    i.BusFault_Handler                       0x08000580   Section        0  stm32f4xx_it.o(i.BusFault_Handler)
    i.DebugMon_Handler                       0x08000582   Section        0  stm32f4xx_it.o(i.DebugMon_Handler)
    i.Enable                                 0x08000584   Section        0  motor.o(i.Enable)
    i.HAL_Delay                              0x08000598   Section        0  stm32f4xx_hal.o(i.HAL_Delay)
    i.HAL_GPIO_Init                          0x080005c0   Section        0  stm32f4xx_hal_gpio.o(i.HAL_GPIO_Init)
    i.HAL_GetTick                            0x080007f0   Section        0  stm32f4xx_hal.o(i.HAL_GetTick)
    i.HAL_IncTick                            0x080007fc   Section        0  stm32f4xx_hal.o(i.HAL_IncTick)
    i.HAL_Init                               0x0800080c   Section        0  stm32f4xx_hal.o(i.HAL_Init)
    i.HAL_InitTick                           0x08000840   Section        0  stm32f4xx_hal.o(i.HAL_InitTick)
    i.HAL_MspInit                            0x08000884   Section        0  stm32f4xx_hal_msp.o(i.HAL_MspInit)
    i.HAL_NVIC_EnableIRQ                     0x080008b4   Section        0  stm32f4xx_hal_cortex.o(i.HAL_NVIC_EnableIRQ)
    i.HAL_NVIC_SetPriority                   0x080008d0   Section        0  stm32f4xx_hal_cortex.o(i.HAL_NVIC_SetPriority)
    i.HAL_NVIC_SetPriorityGrouping           0x08000938   Section        0  stm32f4xx_hal_cortex.o(i.HAL_NVIC_SetPriorityGrouping)
    i.HAL_RCC_ClockConfig                    0x0800095c   Section        0  stm32f4xx_hal_rcc.o(i.HAL_RCC_ClockConfig)
    i.HAL_RCC_GetSysClockFreq                0x08000ad8   Section        0  stm32f4xx_hal_rcc.o(i.HAL_RCC_GetSysClockFreq)
    i.HAL_RCC_OscConfig                      0x08000b48   Section        0  stm32f4xx_hal_rcc.o(i.HAL_RCC_OscConfig)
    i.HAL_SYSTICK_Config                     0x08000fcc   Section        0  stm32f4xx_hal_cortex.o(i.HAL_SYSTICK_Config)
    i.HAL_TIMEx_BreakCallback                0x08000ff4   Section        0  stm32f4xx_hal_tim_ex.o(i.HAL_TIMEx_BreakCallback)
    i.HAL_TIMEx_CommutCallback               0x08000ff6   Section        0  stm32f4xx_hal_tim_ex.o(i.HAL_TIMEx_CommutCallback)
    i.HAL_TIMEx_ConfigBreakDeadTime          0x08000ff8   Section        0  stm32f4xx_hal_tim_ex.o(i.HAL_TIMEx_ConfigBreakDeadTime)
    i.HAL_TIMEx_MasterConfigSynchronization  0x0800105e   Section        0  stm32f4xx_hal_tim_ex.o(i.HAL_TIMEx_MasterConfigSynchronization)
    i.HAL_TIMEx_PWMN_Start                   0x080010f8   Section        0  stm32f4xx_hal_tim_ex.o(i.HAL_TIMEx_PWMN_Start)
    i.HAL_TIM_Base_Init                      0x080011ca   Section        0  stm32f4xx_hal_tim.o(i.HAL_TIM_Base_Init)
    i.HAL_TIM_Base_MspInit                   0x08001228   Section        0  stm32f4xx_hal_msp.o(i.HAL_TIM_Base_MspInit)
    i.HAL_TIM_Base_Start_IT                  0x08001320   Section        0  stm32f4xx_hal_tim.o(i.HAL_TIM_Base_Start_IT)
    i.HAL_TIM_Base_Stop_IT                   0x080013aa   Section        0  stm32f4xx_hal_tim.o(i.HAL_TIM_Base_Stop_IT)
    i.HAL_TIM_ConfigClockSource              0x080013da   Section        0  stm32f4xx_hal_tim.o(i.HAL_TIM_ConfigClockSource)
    i.HAL_TIM_IC_CaptureCallback             0x080014c4   Section        0  stm32f4xx_hal_tim.o(i.HAL_TIM_IC_CaptureCallback)
    i.HAL_TIM_IC_ConfigChannel               0x080014c6   Section        0  stm32f4xx_hal_tim.o(i.HAL_TIM_IC_ConfigChannel)
    i.HAL_TIM_IC_Init                        0x08001586   Section        0  stm32f4xx_hal_tim.o(i.HAL_TIM_IC_Init)
    i.HAL_TIM_IC_MspInit                     0x080015e2   Section        0  stm32f4xx_hal_tim.o(i.HAL_TIM_IC_MspInit)
    i.HAL_TIM_IC_Start_IT                    0x080015e4   Section        0  stm32f4xx_hal_tim.o(i.HAL_TIM_IC_Start_IT)
    i.HAL_TIM_IRQHandler                     0x08001736   Section        0  stm32f4xx_hal_tim.o(i.HAL_TIM_IRQHandler)
    i.HAL_TIM_MspPostInit                    0x080018ac   Section        0  stm32f4xx_hal_msp.o(i.HAL_TIM_MspPostInit)
    i.HAL_TIM_OC_DelayElapsedCallback        0x08001950   Section        0  stm32f4xx_hal_tim.o(i.HAL_TIM_OC_DelayElapsedCallback)
    i.HAL_TIM_PWM_ConfigChannel              0x08001952   Section        0  stm32f4xx_hal_tim.o(i.HAL_TIM_PWM_ConfigChannel)
    i.HAL_TIM_PWM_Init                       0x08001a2a   Section        0  stm32f4xx_hal_tim.o(i.HAL_TIM_PWM_Init)
    i.HAL_TIM_PWM_MspInit                    0x08001a86   Section        0  stm32f4xx_hal_tim.o(i.HAL_TIM_PWM_MspInit)
    i.HAL_TIM_PWM_PulseFinishedCallback      0x08001a88   Section        0  stm32f4xx_hal_tim.o(i.HAL_TIM_PWM_PulseFinishedCallback)
    i.HAL_TIM_PWM_Start                      0x08001a8c   Section        0  stm32f4xx_hal_tim.o(i.HAL_TIM_PWM_Start)
    i.HAL_TIM_PeriodElapsedCallback          0x08001b68   Section        0  stm32f4xx_hal_tim.o(i.HAL_TIM_PeriodElapsedCallback)
    i.HAL_TIM_SlaveConfigSynchro             0x08001b6a   Section        0  stm32f4xx_hal_tim.o(i.HAL_TIM_SlaveConfigSynchro)
    i.HAL_TIM_TriggerCallback                0x08001bbc   Section        0  stm32f4xx_hal_tim.o(i.HAL_TIM_TriggerCallback)
    i.HardFault_Handler                      0x08001bbe   Section        0  stm32f4xx_it.o(i.HardFault_Handler)
    i.InitPower                              0x08001bc0   Section        0  motor.o(i.InitPower)
    i.MX_GPIO_Init                           0x08001c00   Section        0  main.o(i.MX_GPIO_Init)
    MX_GPIO_Init                             0x08001c01   Thumb Code    70  main.o(i.MX_GPIO_Init)
    i.MX_TIM5_Init                           0x08001c4c   Section        0  main.o(i.MX_TIM5_Init)
    MX_TIM5_Init                             0x08001c4d   Thumb Code   132  main.o(i.MX_TIM5_Init)
    i.MX_TIM8_Init                           0x08001cd8   Section        0  main.o(i.MX_TIM8_Init)
    MX_TIM8_Init                             0x08001cd9   Thumb Code   180  main.o(i.MX_TIM8_Init)
    i.MemManage_Handler                      0x08001d94   Section        0  stm32f4xx_it.o(i.MemManage_Handler)
    i.NMI_Handler                            0x08001d96   Section        0  stm32f4xx_it.o(i.NMI_Handler)
    i.PendSV_Handler                         0x08001d98   Section        0  stm32f4xx_it.o(i.PendSV_Handler)
    i.SVC_Handler                            0x08001d9a   Section        0  stm32f4xx_it.o(i.SVC_Handler)
    i.SetDirection                           0x08001d9c   Section        0  motor.o(i.SetDirection)
    i.SetSpeed                               0x08001da8   Section        0  motor.o(i.SetSpeed)
    i.StartOpenLoop                          0x08002010   Section        0  motor.o(i.StartOpenLoop)
    i.SysTick_Handler                        0x08002020   Section        0  stm32f4xx_it.o(i.SysTick_Handler)
    i.SystemClock_Config                     0x08002024   Section        0  main.o(i.SystemClock_Config)
    i.SystemInit                             0x080020a4   Section        0  system_stm32f4xx.o(i.SystemInit)
    i.TIM5_IRQHandler                        0x080020c0   Section        0  motor.o(i.TIM5_IRQHandler)
    i.TIM8_TRG_COM_TIM14_IRQHandler          0x0800212c   Section        0  motor.o(i.TIM8_TRG_COM_TIM14_IRQHandler)
    i.TIM8_UP_TIM13_IRQHandler               0x08002250   Section        0  motor.o(i.TIM8_UP_TIM13_IRQHandler)
    i.TIM_Base_SetConfig                     0x080022a8   Section        0  stm32f4xx_hal_tim.o(i.TIM_Base_SetConfig)
    i.TIM_CCxChannelCmd                      0x08002374   Section        0  stm32f4xx_hal_tim.o(i.TIM_CCxChannelCmd)
    i.TIM_CCxNChannelCmd                     0x08002392   Section        0  stm32f4xx_hal_tim_ex.o(i.TIM_CCxNChannelCmd)
    TIM_CCxNChannelCmd                       0x08002393   Thumb Code    30  stm32f4xx_hal_tim_ex.o(i.TIM_CCxNChannelCmd)
    i.TIM_ETR_SetConfig                      0x080023b0   Section        0  stm32f4xx_hal_tim.o(i.TIM_ETR_SetConfig)
    i.TIM_ITRx_SetConfig                     0x080023c6   Section        0  stm32f4xx_hal_tim.o(i.TIM_ITRx_SetConfig)
    TIM_ITRx_SetConfig                       0x080023c7   Thumb Code    16  stm32f4xx_hal_tim.o(i.TIM_ITRx_SetConfig)
    i.TIM_OC1_SetConfig                      0x080023d8   Section        0  stm32f4xx_hal_tim.o(i.TIM_OC1_SetConfig)
    TIM_OC1_SetConfig                        0x080023d9   Thumb Code   104  stm32f4xx_hal_tim.o(i.TIM_OC1_SetConfig)
    i.TIM_OC2_SetConfig                      0x08002448   Section        0  stm32f4xx_hal_tim.o(i.TIM_OC2_SetConfig)
    i.TIM_OC3_SetConfig                      0x080024c0   Section        0  stm32f4xx_hal_tim.o(i.TIM_OC3_SetConfig)
    TIM_OC3_SetConfig                        0x080024c1   Thumb Code   112  stm32f4xx_hal_tim.o(i.TIM_OC3_SetConfig)
    i.TIM_OC4_SetConfig                      0x08002538   Section        0  stm32f4xx_hal_tim.o(i.TIM_OC4_SetConfig)
    TIM_OC4_SetConfig                        0x08002539   Thumb Code    88  stm32f4xx_hal_tim.o(i.TIM_OC4_SetConfig)
    i.TIM_SlaveTimer_SetConfig               0x08002590   Section        0  stm32f4xx_hal_tim.o(i.TIM_SlaveTimer_SetConfig)
    TIM_SlaveTimer_SetConfig                 0x08002591   Thumb Code   154  stm32f4xx_hal_tim.o(i.TIM_SlaveTimer_SetConfig)
    i.TIM_TI1_ConfigInputStage               0x0800262a   Section        0  stm32f4xx_hal_tim.o(i.TIM_TI1_ConfigInputStage)
    TIM_TI1_ConfigInputStage                 0x0800262b   Thumb Code    38  stm32f4xx_hal_tim.o(i.TIM_TI1_ConfigInputStage)
    i.TIM_TI1_SetConfig                      0x08002650   Section        0  stm32f4xx_hal_tim.o(i.TIM_TI1_SetConfig)
    i.TIM_TI2_ConfigInputStage               0x080026de   Section        0  stm32f4xx_hal_tim.o(i.TIM_TI2_ConfigInputStage)
    TIM_TI2_ConfigInputStage                 0x080026df   Thumb Code    36  stm32f4xx_hal_tim.o(i.TIM_TI2_ConfigInputStage)
    i.TIM_TI2_SetConfig                      0x08002702   Section        0  stm32f4xx_hal_tim.o(i.TIM_TI2_SetConfig)
    TIM_TI2_SetConfig                        0x08002703   Thumb Code    64  stm32f4xx_hal_tim.o(i.TIM_TI2_SetConfig)
    i.TIM_TI3_SetConfig                      0x08002742   Section        0  stm32f4xx_hal_tim.o(i.TIM_TI3_SetConfig)
    TIM_TI3_SetConfig                        0x08002743   Thumb Code    60  stm32f4xx_hal_tim.o(i.TIM_TI3_SetConfig)
    i.TIM_TI4_SetConfig                      0x0800277e   Section        0  stm32f4xx_hal_tim.o(i.TIM_TI4_SetConfig)
    TIM_TI4_SetConfig                        0x0800277f   Thumb Code    64  stm32f4xx_hal_tim.o(i.TIM_TI4_SetConfig)
    i.UsageFault_Handler                     0x080027be   Section        0  stm32f4xx_it.o(i.UsageFault_Handler)
    i.__ARM_fpclassify                       0x080027c0   Section        0  fpclassify.o(i.__ARM_fpclassify)
    i.__hardfp_fmax                          0x080027f0   Section        0  fmax.o(i.__hardfp_fmax)
    i.__hardfp_fmin                          0x08002864   Section        0  fmin.o(i.__hardfp_fmin)
    i.__hardfp_pow                           0x080028d8   Section        0  pow.o(i.__hardfp_pow)
    i.__kernel_poly                          0x08003528   Section        0  poly.o(i.__kernel_poly)
    i.__mathlib_dbl_divzero                  0x08003620   Section        0  dunder.o(i.__mathlib_dbl_divzero)
    i.__mathlib_dbl_infnan2                  0x08003650   Section        0  dunder.o(i.__mathlib_dbl_infnan2)
    i.__mathlib_dbl_invalid                  0x08003668   Section        0  dunder.o(i.__mathlib_dbl_invalid)
    i.__mathlib_dbl_overflow                 0x08003688   Section        0  dunder.o(i.__mathlib_dbl_overflow)
    i.__mathlib_dbl_underflow                0x080036a8   Section        0  dunder.o(i.__mathlib_dbl_underflow)
    i.fabs                                   0x080036c8   Section        0  fabs.o(i.fabs)
    i.main                                   0x080036e0   Section        0  main.o(i.main)
    i.motor_init                             0x080037e4   Section        0  motor.o(i.motor_init)
    i.sqrt                                   0x08003880   Section        0  sqrt.o(i.sqrt)
    x$fpl$basic                              0x080038ee   Section       24  basic.o(x$fpl$basic)
    $v0                                      0x080038ee   Number         0  basic.o(x$fpl$basic)
    x$fpl$d2f                                0x08003908   Section       98  d2f.o(x$fpl$d2f)
    $v0                                      0x08003908   Number         0  d2f.o(x$fpl$d2f)
    x$fpl$dadd                               0x0800396c   Section      336  daddsub_clz.o(x$fpl$dadd)
    $v0                                      0x0800396c   Number         0  daddsub_clz.o(x$fpl$dadd)
    _dadd1                                   0x0800397d   Thumb Code     0  daddsub_clz.o(x$fpl$dadd)
    x$fpl$dcheck1                            0x08003abc   Section       16  dcheck1.o(x$fpl$dcheck1)
    $v0                                      0x08003abc   Number         0  dcheck1.o(x$fpl$dcheck1)
    x$fpl$dcmp4                              0x08003acc   Section      310  dcmp4.o(x$fpl$dcmp4)
    $v0                                      0x08003acc   Number         0  dcmp4.o(x$fpl$dcmp4)
    x$fpl$dcmpinf                            0x08003c02   Section       24  dcmpi.o(x$fpl$dcmpinf)
    $v0                                      0x08003c02   Number         0  dcmpi.o(x$fpl$dcmpinf)
    x$fpl$ddiv                               0x08003c1c   Section      688  ddiv.o(x$fpl$ddiv)
    $v0                                      0x08003c1c   Number         0  ddiv.o(x$fpl$ddiv)
    ddiv_entry                               0x08003c23   Thumb Code     0  ddiv.o(x$fpl$ddiv)
    x$fpl$dflt                               0x08003ecc   Section       46  dflt_clz.o(x$fpl$dflt)
    $v0                                      0x08003ecc   Number         0  dflt_clz.o(x$fpl$dflt)
    x$fpl$dleqf                              0x08003efc   Section      120  dleqf.o(x$fpl$dleqf)
    $v0                                      0x08003efc   Number         0  dleqf.o(x$fpl$dleqf)
    x$fpl$dmul                               0x08003f74   Section      340  dmul.o(x$fpl$dmul)
    $v0                                      0x08003f74   Number         0  dmul.o(x$fpl$dmul)
    x$fpl$dnaninf                            0x080040c8   Section      156  dnaninf.o(x$fpl$dnaninf)
    $v0                                      0x080040c8   Number         0  dnaninf.o(x$fpl$dnaninf)
    x$fpl$dretinf                            0x08004164   Section       12  dretinf.o(x$fpl$dretinf)
    $v0                                      0x08004164   Number         0  dretinf.o(x$fpl$dretinf)
    x$fpl$drleqf                             0x08004170   Section      108  drleqf.o(x$fpl$drleqf)
    $v0                                      0x08004170   Number         0  drleqf.o(x$fpl$drleqf)
    x$fpl$drsb                               0x080041dc   Section       22  daddsub_clz.o(x$fpl$drsb)
    $v0                                      0x080041dc   Number         0  daddsub_clz.o(x$fpl$drsb)
    x$fpl$dsqrt                              0x080041f4   Section      408  dsqrt_umaal.o(x$fpl$dsqrt)
    $v0                                      0x080041f4   Number         0  dsqrt_umaal.o(x$fpl$dsqrt)
    x$fpl$dsub                               0x0800438c   Section      468  daddsub_clz.o(x$fpl$dsub)
    $v0                                      0x0800438c   Number         0  daddsub_clz.o(x$fpl$dsub)
    _dsub1                                   0x0800439d   Thumb Code     0  daddsub_clz.o(x$fpl$dsub)
    x$fpl$f2d                                0x08004560   Section       86  f2d.o(x$fpl$f2d)
    $v0                                      0x08004560   Number         0  f2d.o(x$fpl$f2d)
    x$fpl$fnaninf                            0x080045b6   Section      140  fnaninf.o(x$fpl$fnaninf)
    $v0                                      0x080045b6   Number         0  fnaninf.o(x$fpl$fnaninf)
    x$fpl$fpinit                             0x08004642   Section       10  fpinit.o(x$fpl$fpinit)
    $v0                                      0x08004642   Number         0  fpinit.o(x$fpl$fpinit)
    x$fpl$fretinf                            0x0800464c   Section       10  fretinf.o(x$fpl$fretinf)
    $v0                                      0x0800464c   Number         0  fretinf.o(x$fpl$fretinf)
    x$fpl$retnan                             0x08004656   Section      100  retnan.o(x$fpl$retnan)
    $v0                                      0x08004656   Number         0  retnan.o(x$fpl$retnan)
    x$fpl$scalbn                             0x080046ba   Section       92  scalbn.o(x$fpl$scalbn)
    $v0                                      0x080046ba   Number         0  scalbn.o(x$fpl$scalbn)
    x$fpl$trapveneer                         0x08004716   Section       48  trapv.o(x$fpl$trapveneer)
    $v0                                      0x08004716   Number         0  trapv.o(x$fpl$trapveneer)
    .constdata                               0x08004746   Section       16  system_stm32f4xx.o(.constdata)
    x$fpl$usenofp                            0x08004746   Section        0  usenofp.o(x$fpl$usenofp)
    .constdata                               0x08004758   Section      136  pow.o(.constdata)
    bp                                       0x08004758   Data          16  pow.o(.constdata)
    dp_h                                     0x08004768   Data          16  pow.o(.constdata)
    dp_l                                     0x08004778   Data          16  pow.o(.constdata)
    L                                        0x08004788   Data          48  pow.o(.constdata)
    P                                        0x080047b8   Data          40  pow.o(.constdata)
    .constdata                               0x080047e0   Section        8  qnan.o(.constdata)
    .data                                    0x20000000   Section      264  motor.o(.data)
    .data                                    0x20000108   Section        2  main.o(.data)
    .data                                    0x2000010a   Section        1  main.o(.data)
    .data                                    0x2000010c   Section        4  system_stm32f4xx.o(.data)
    .data                                    0x20000110   Section       12  stm32f4xx_hal.o(.data)
    .bss                                     0x2000011c   Section      936  motor.o(.bss)
    .bss                                     0x200004c4   Section      288  main.o(.bss)
    .bss                                     0x200005e4   Section       96  libspace.o(.bss)
    HEAP                                     0x20000648   Section      512  startup_stm32f405xx.o(HEAP)
    Heap_Mem                                 0x20000648   Data         512  startup_stm32f405xx.o(HEAP)
    STACK                                    0x20000848   Section     1024  startup_stm32f405xx.o(STACK)
    Stack_Mem                                0x20000848   Data        1024  startup_stm32f405xx.o(STACK)
    __initial_sp                             0x20000c48   Data           0  startup_stm32f405xx.o(STACK)

    Global Symbols

    Symbol Name                              Value     Ov Type        Size  Object(Section)

    BuildAttributes$$THM_ISAv4$E$P$D$K$B$S$7EM$VFPi3$EXTD16$VFPS$VFMA$PE$A:L22UL41UL21$X:L11$S22US41US21$IEEE1$IW$USESV6$~STKCKD$USESV7$~SHL$OTIME$ROPI$IEEEX$EBA8$UX$STANDARDLIB$REQ8$PRES8$EABIv2 0x00000000   Number         0  anon$$obj.o ABSOLUTE
    __ARM_use_no_argv                        0x00000000   Number         0  main.o ABSOLUTE
    __ARM_exceptions_init                     - Undefined Weak Reference
    __alloca_initialize                       - Undefined Weak Reference
    __arm_fini_                               - Undefined Weak Reference
    __arm_preinit_                            - Undefined Weak Reference
    __cpp_initialize__aeabi_                  - Undefined Weak Reference
    __cxa_finalize                            - Undefined Weak Reference
    __rt_locale                               - Undefined Weak Reference
    __sigvec_lookup                           - Undefined Weak Reference
    _atexit_init                              - Undefined Weak Reference
    _call_atexit_fns                          - Undefined Weak Reference
    _clock_init                               - Undefined Weak Reference
    _fp_trap_init                             - Undefined Weak Reference
    _fp_trap_shutdown                         - Undefined Weak Reference
    _get_lc_collate                           - Undefined Weak Reference
    _get_lc_ctype                             - Undefined Weak Reference
    _get_lc_monetary                          - Undefined Weak Reference
    _get_lc_numeric                           - Undefined Weak Reference
    _get_lc_time                              - Undefined Weak Reference
    _getenv_init                              - Undefined Weak Reference
    _handle_redirection                       - Undefined Weak Reference
    _init_alloc                               - Undefined Weak Reference
    _init_user_alloc                          - Undefined Weak Reference
    _initio                                   - Undefined Weak Reference
    _rand_init                                - Undefined Weak Reference
    _signal_finish                            - Undefined Weak Reference
    _signal_init                              - Undefined Weak Reference
    _terminate_alloc                          - Undefined Weak Reference
    _terminate_user_alloc                     - Undefined Weak Reference
    _terminateio                              - Undefined Weak Reference
    __Vectors_Size                           0x00000188   Number         0  startup_stm32f405xx.o ABSOLUTE
    __Vectors                                0x08000000   Data           4  startup_stm32f405xx.o(RESET)
    __Vectors_End                            0x08000188   Data           0  startup_stm32f405xx.o(RESET)
    __main                                   0x08000189   Thumb Code     8  __main.o(!!!main)
    __scatterload                            0x08000191   Thumb Code     0  __scatter.o(!!!scatter)
    __scatterload_rt2                        0x08000191   Thumb Code    44  __scatter.o(!!!scatter)
    __scatterload_rt2_thumb_only             0x08000191   Thumb Code     0  __scatter.o(!!!scatter)
    __scatterload_null                       0x0800019f   Thumb Code     0  __scatter.o(!!!scatter)
    __scatterload_copy                       0x080001c5   Thumb Code    26  __scatter_copy.o(!!handler_copy)
    __scatterload_zeroinit                   0x080001e1   Thumb Code    28  __scatter_zi.o(!!handler_zi)
    __rt_lib_init                            0x080001fd   Thumb Code     0  libinit.o(.ARM.Collect$$libinit$$00000000)
    __rt_lib_init_fp_1                       0x080001ff   Thumb Code     0  libinit2.o(.ARM.Collect$$libinit$$00000001)
    __rt_lib_init_alloca_1                   0x08000203   Thumb Code     0  libinit2.o(.ARM.Collect$$libinit$$0000002E)
    __rt_lib_init_argv_1                     0x08000203   Thumb Code     0  libinit2.o(.ARM.Collect$$libinit$$0000002C)
    __rt_lib_init_atexit_1                   0x08000203   Thumb Code     0  libinit2.o(.ARM.Collect$$libinit$$0000001B)
    __rt_lib_init_clock_1                    0x08000203   Thumb Code     0  libinit2.o(.ARM.Collect$$libinit$$00000021)
    __rt_lib_init_cpp_1                      0x08000203   Thumb Code     0  libinit2.o(.ARM.Collect$$libinit$$00000032)
    __rt_lib_init_exceptions_1               0x08000203   Thumb Code     0  libinit2.o(.ARM.Collect$$libinit$$00000030)
    __rt_lib_init_fp_trap_1                  0x08000203   Thumb Code     0  libinit2.o(.ARM.Collect$$libinit$$0000001F)
    __rt_lib_init_getenv_1                   0x08000203   Thumb Code     0  libinit2.o(.ARM.Collect$$libinit$$00000023)
    __rt_lib_init_heap_1                     0x08000203   Thumb Code     0  libinit2.o(.ARM.Collect$$libinit$$0000000A)
    __rt_lib_init_lc_collate_1               0x08000203   Thumb Code     0  libinit2.o(.ARM.Collect$$libinit$$00000011)
    __rt_lib_init_lc_ctype_1                 0x08000203   Thumb Code     0  libinit2.o(.ARM.Collect$$libinit$$00000013)
    __rt_lib_init_lc_monetary_1              0x08000203   Thumb Code     0  libinit2.o(.ARM.Collect$$libinit$$00000015)
    __rt_lib_init_lc_numeric_1               0x08000203   Thumb Code     0  libinit2.o(.ARM.Collect$$libinit$$00000017)
    __rt_lib_init_lc_time_1                  0x08000203   Thumb Code     0  libinit2.o(.ARM.Collect$$libinit$$00000019)
    __rt_lib_init_preinit_1                  0x08000203   Thumb Code     0  libinit2.o(.ARM.Collect$$libinit$$00000004)
    __rt_lib_init_rand_1                     0x08000203   Thumb Code     0  libinit2.o(.ARM.Collect$$libinit$$0000000E)
    __rt_lib_init_return                     0x08000203   Thumb Code     0  libinit2.o(.ARM.Collect$$libinit$$00000033)
    __rt_lib_init_signal_1                   0x08000203   Thumb Code     0  libinit2.o(.ARM.Collect$$libinit$$0000001D)
    __rt_lib_init_stdio_1                    0x08000203   Thumb Code     0  libinit2.o(.ARM.Collect$$libinit$$00000025)
    __rt_lib_init_user_alloc_1               0x08000203   Thumb Code     0  libinit2.o(.ARM.Collect$$libinit$$0000000C)
    __rt_lib_shutdown                        0x08000205   Thumb Code     0  libshutdown.o(.ARM.Collect$$libshutdown$$00000000)
    __rt_lib_shutdown_cpp_1                  0x08000207   Thumb Code     0  libshutdown2.o(.ARM.Collect$$libshutdown$$00000004)
    __rt_lib_shutdown_fini_1                 0x08000207   Thumb Code     0  libshutdown2.o(.ARM.Collect$$libshutdown$$00000002)
    __rt_lib_shutdown_fp_trap_1              0x08000207   Thumb Code     0  libshutdown2.o(.ARM.Collect$$libshutdown$$00000009)
    __rt_lib_shutdown_heap_1                 0x08000207   Thumb Code     0  libshutdown2.o(.ARM.Collect$$libshutdown$$00000011)
    __rt_lib_shutdown_return                 0x08000207   Thumb Code     0  libshutdown2.o(.ARM.Collect$$libshutdown$$00000012)
    __rt_lib_shutdown_signal_1               0x08000207   Thumb Code     0  libshutdown2.o(.ARM.Collect$$libshutdown$$0000000C)
    __rt_lib_shutdown_stdio_1                0x08000207   Thumb Code     0  libshutdown2.o(.ARM.Collect$$libshutdown$$00000006)
    __rt_lib_shutdown_user_alloc_1           0x08000207   Thumb Code     0  libshutdown2.o(.ARM.Collect$$libshutdown$$0000000E)
    __rt_entry                               0x08000209   Thumb Code     0  __rtentry.o(.ARM.Collect$$rtentry$$00000000)
    __rt_entry_presh_1                       0x08000209   Thumb Code     0  __rtentry2.o(.ARM.Collect$$rtentry$$00000002)
    __rt_entry_sh                            0x08000209   Thumb Code     0  __rtentry4.o(.ARM.Collect$$rtentry$$00000004)
    __rt_entry_li                            0x0800020f   Thumb Code     0  __rtentry2.o(.ARM.Collect$$rtentry$$0000000A)
    __rt_entry_postsh_1                      0x0800020f   Thumb Code     0  __rtentry2.o(.ARM.Collect$$rtentry$$00000009)
    __rt_entry_main                          0x08000213   Thumb Code     0  __rtentry2.o(.ARM.Collect$$rtentry$$0000000D)
    __rt_entry_postli_1                      0x08000213   Thumb Code     0  __rtentry2.o(.ARM.Collect$$rtentry$$0000000C)
    __rt_exit                                0x0800021b   Thumb Code     0  rtexit.o(.ARM.Collect$$rtexit$$00000000)
    __rt_exit_ls                             0x0800021d   Thumb Code     0  rtexit2.o(.ARM.Collect$$rtexit$$00000003)
    __rt_exit_prels_1                        0x0800021d   Thumb Code     0  rtexit2.o(.ARM.Collect$$rtexit$$00000002)
    __rt_exit_exit                           0x08000221   Thumb Code     0  rtexit2.o(.ARM.Collect$$rtexit$$00000004)
    Reset_Handler                            0x08000229   Thumb Code     8  startup_stm32f405xx.o(.text)
    ADC_IRQHandler                           0x08000243   Thumb Code     0  startup_stm32f405xx.o(.text)
    CAN1_RX0_IRQHandler                      0x08000243   Thumb Code     0  startup_stm32f405xx.o(.text)
    CAN1_RX1_IRQHandler                      0x08000243   Thumb Code     0  startup_stm32f405xx.o(.text)
    CAN1_SCE_IRQHandler                      0x08000243   Thumb Code     0  startup_stm32f405xx.o(.text)
    CAN1_TX_IRQHandler                       0x08000243   Thumb Code     0  startup_stm32f405xx.o(.text)
    CAN2_RX0_IRQHandler                      0x08000243   Thumb Code     0  startup_stm32f405xx.o(.text)
    CAN2_RX1_IRQHandler                      0x08000243   Thumb Code     0  startup_stm32f405xx.o(.text)
    CAN2_SCE_IRQHandler                      0x08000243   Thumb Code     0  startup_stm32f405xx.o(.text)
    CAN2_TX_IRQHandler                       0x08000243   Thumb Code     0  startup_stm32f405xx.o(.text)
    DMA1_Stream0_IRQHandler                  0x08000243   Thumb Code     0  startup_stm32f405xx.o(.text)
    DMA1_Stream1_IRQHandler                  0x08000243   Thumb Code     0  startup_stm32f405xx.o(.text)
    DMA1_Stream2_IRQHandler                  0x08000243   Thumb Code     0  startup_stm32f405xx.o(.text)
    DMA1_Stream3_IRQHandler                  0x08000243   Thumb Code     0  startup_stm32f405xx.o(.text)
    DMA1_Stream4_IRQHandler                  0x08000243   Thumb Code     0  startup_stm32f405xx.o(.text)
    DMA1_Stream5_IRQHandler                  0x08000243   Thumb Code     0  startup_stm32f405xx.o(.text)
    DMA1_Stream6_IRQHandler                  0x08000243   Thumb Code     0  startup_stm32f405xx.o(.text)
    DMA1_Stream7_IRQHandler                  0x08000243   Thumb Code     0  startup_stm32f405xx.o(.text)
    DMA2_Stream0_IRQHandler                  0x08000243   Thumb Code     0  startup_stm32f405xx.o(.text)
    DMA2_Stream1_IRQHandler                  0x08000243   Thumb Code     0  startup_stm32f405xx.o(.text)
    DMA2_Stream2_IRQHandler                  0x08000243   Thumb Code     0  startup_stm32f405xx.o(.text)
    DMA2_Stream3_IRQHandler                  0x08000243   Thumb Code     0  startup_stm32f405xx.o(.text)
    DMA2_Stream4_IRQHandler                  0x08000243   Thumb Code     0  startup_stm32f405xx.o(.text)
    DMA2_Stream5_IRQHandler                  0x08000243   Thumb Code     0  startup_stm32f405xx.o(.text)
    DMA2_Stream6_IRQHandler                  0x08000243   Thumb Code     0  startup_stm32f405xx.o(.text)
    DMA2_Stream7_IRQHandler                  0x08000243   Thumb Code     0  startup_stm32f405xx.o(.text)
    EXTI0_IRQHandler                         0x08000243   Thumb Code     0  startup_stm32f405xx.o(.text)
    EXTI15_10_IRQHandler                     0x08000243   Thumb Code     0  startup_stm32f405xx.o(.text)
    EXTI1_IRQHandler                         0x08000243   Thumb Code     0  startup_stm32f405xx.o(.text)
    EXTI2_IRQHandler                         0x08000243   Thumb Code     0  startup_stm32f405xx.o(.text)
    EXTI3_IRQHandler                         0x08000243   Thumb Code     0  startup_stm32f405xx.o(.text)
    EXTI4_IRQHandler                         0x08000243   Thumb Code     0  startup_stm32f405xx.o(.text)
    EXTI9_5_IRQHandler                       0x08000243   Thumb Code     0  startup_stm32f405xx.o(.text)
    FLASH_IRQHandler                         0x08000243   Thumb Code     0  startup_stm32f405xx.o(.text)
    FMC_IRQHandler                           0x08000243   Thumb Code     0  startup_stm32f405xx.o(.text)
    FPU_IRQHandler                           0x08000243   Thumb Code     0  startup_stm32f405xx.o(.text)
    HASH_RNG_IRQHandler                      0x08000243   Thumb Code     0  startup_stm32f405xx.o(.text)
    I2C1_ER_IRQHandler                       0x08000243   Thumb Code     0  startup_stm32f405xx.o(.text)
    I2C1_EV_IRQHandler                       0x08000243   Thumb Code     0  startup_stm32f405xx.o(.text)
    I2C2_ER_IRQHandler                       0x08000243   Thumb Code     0  startup_stm32f405xx.o(.text)
    I2C2_EV_IRQHandler                       0x08000243   Thumb Code     0  startup_stm32f405xx.o(.text)
    I2C3_ER_IRQHandler                       0x08000243   Thumb Code     0  startup_stm32f405xx.o(.text)
    I2C3_EV_IRQHandler                       0x08000243   Thumb Code     0  startup_stm32f405xx.o(.text)
    OTG_FS_IRQHandler                        0x08000243   Thumb Code     0  startup_stm32f405xx.o(.text)
    OTG_FS_WKUP_IRQHandler                   0x08000243   Thumb Code     0  startup_stm32f405xx.o(.text)
    OTG_HS_EP1_IN_IRQHandler                 0x08000243   Thumb Code     0  startup_stm32f405xx.o(.text)
    OTG_HS_EP1_OUT_IRQHandler                0x08000243   Thumb Code     0  startup_stm32f405xx.o(.text)
    OTG_HS_IRQHandler                        0x08000243   Thumb Code     0  startup_stm32f405xx.o(.text)
    OTG_HS_WKUP_IRQHandler                   0x08000243   Thumb Code     0  startup_stm32f405xx.o(.text)
    PVD_IRQHandler                           0x08000243   Thumb Code     0  startup_stm32f405xx.o(.text)
    RCC_IRQHandler                           0x08000243   Thumb Code     0  startup_stm32f405xx.o(.text)
    RTC_Alarm_IRQHandler                     0x08000243   Thumb Code     0  startup_stm32f405xx.o(.text)
    RTC_WKUP_IRQHandler                      0x08000243   Thumb Code     0  startup_stm32f405xx.o(.text)
    SDIO_IRQHandler                          0x08000243   Thumb Code     0  startup_stm32f405xx.o(.text)
    SPI1_IRQHandler                          0x08000243   Thumb Code     0  startup_stm32f405xx.o(.text)
    SPI2_IRQHandler                          0x08000243   Thumb Code     0  startup_stm32f405xx.o(.text)
    SPI3_IRQHandler                          0x08000243   Thumb Code     0  startup_stm32f405xx.o(.text)
    TAMP_STAMP_IRQHandler                    0x08000243   Thumb Code     0  startup_stm32f405xx.o(.text)
    TIM1_BRK_TIM9_IRQHandler                 0x08000243   Thumb Code     0  startup_stm32f405xx.o(.text)
    TIM1_CC_IRQHandler                       0x08000243   Thumb Code     0  startup_stm32f405xx.o(.text)
    TIM1_TRG_COM_TIM11_IRQHandler            0x08000243   Thumb Code     0  startup_stm32f405xx.o(.text)
    TIM1_UP_TIM10_IRQHandler                 0x08000243   Thumb Code     0  startup_stm32f405xx.o(.text)
    TIM2_IRQHandler                          0x08000243   Thumb Code     0  startup_stm32f405xx.o(.text)
    TIM3_IRQHandler                          0x08000243   Thumb Code     0  startup_stm32f405xx.o(.text)
    TIM4_IRQHandler                          0x08000243   Thumb Code     0  startup_stm32f405xx.o(.text)
    TIM6_DAC_IRQHandler                      0x08000243   Thumb Code     0  startup_stm32f405xx.o(.text)
    TIM7_IRQHandler                          0x08000243   Thumb Code     0  startup_stm32f405xx.o(.text)
    TIM8_BRK_TIM12_IRQHandler                0x08000243   Thumb Code     0  startup_stm32f405xx.o(.text)
    TIM8_CC_IRQHandler                       0x08000243   Thumb Code     0  startup_stm32f405xx.o(.text)
    UART4_IRQHandler                         0x08000243   Thumb Code     0  startup_stm32f405xx.o(.text)
    UART5_IRQHandler                         0x08000243   Thumb Code     0  startup_stm32f405xx.o(.text)
    USART1_IRQHandler                        0x08000243   Thumb Code     0  startup_stm32f405xx.o(.text)
    USART2_IRQHandler                        0x08000243   Thumb Code     0  startup_stm32f405xx.o(.text)
    USART3_IRQHandler                        0x08000243   Thumb Code     0  startup_stm32f405xx.o(.text)
    USART6_IRQHandler                        0x08000243   Thumb Code     0  startup_stm32f405xx.o(.text)
    WWDG_IRQHandler                          0x08000243   Thumb Code     0  startup_stm32f405xx.o(.text)
    __user_initial_stackheap                 0x08000245   Thumb Code     0  startup_stm32f405xx.o(.text)
    __aeabi_uldivmod                         0x08000269   Thumb Code     0  lludivv7m.o(.text)
    _ll_udiv                                 0x08000269   Thumb Code   238  lludivv7m.o(.text)
    __aeabi_memset                           0x08000357   Thumb Code    16  aeabi_memset.o(.text)
    __aeabi_memclr4                          0x08000367   Thumb Code     0  rt_memclr_w.o(.text)
    __aeabi_memclr8                          0x08000367   Thumb Code     0  rt_memclr_w.o(.text)
    __rt_memclr_w                            0x08000367   Thumb Code    78  rt_memclr_w.o(.text)
    _memset_w                                0x0800036b   Thumb Code     0  rt_memclr_w.o(.text)
    __use_two_region_memory                  0x080003b5   Thumb Code     2  heapauxi.o(.text)
    __rt_heap_escrow$2region                 0x080003b7   Thumb Code     2  heapauxi.o(.text)
    __rt_heap_expand$2region                 0x080003b9   Thumb Code     2  heapauxi.o(.text)
    __read_errno                             0x080003bb   Thumb Code    10  _rserrno.o(.text)
    __set_errno                              0x080003c5   Thumb Code    12  _rserrno.o(.text)
    __aeabi_memclr                           0x080003d1   Thumb Code     0  rt_memclr.o(.text)
    __rt_memclr                              0x080003d1   Thumb Code    68  rt_memclr.o(.text)
    _memset                                  0x080003d5   Thumb Code     0  rt_memclr.o(.text)
    __aeabi_errno_addr                       0x08000415   Thumb Code     8  rt_errno_addr_intlibspace.o(.text)
    __errno$intlibspace                      0x08000415   Thumb Code     0  rt_errno_addr_intlibspace.o(.text)
    __rt_errno_addr$intlibspace              0x08000415   Thumb Code     0  rt_errno_addr_intlibspace.o(.text)
    __user_libspace                          0x0800041d   Thumb Code     8  libspace.o(.text)
    __user_perproc_libspace                  0x0800041d   Thumb Code     0  libspace.o(.text)
    __user_perthread_libspace                0x0800041d   Thumb Code     0  libspace.o(.text)
    __user_setup_stackheap                   0x08000425   Thumb Code    74  sys_stackheap_outer.o(.text)
    exit                                     0x0800046f   Thumb Code    18  exit.o(.text)
    _sys_exit                                0x08000481   Thumb Code     8  sys_exit.o(.text)
    __I$use$semihosting                      0x0800048d   Thumb Code     0  use_no_semi.o(.text)
    __use_no_semihosting_swi                 0x0800048d   Thumb Code     2  use_no_semi.o(.text)
    __semihosting_library_function           0x0800048f   Thumb Code     0  indicate_semi.o(.text)
    ARR_GetCut                               0x08000491   Thumb Code    32  motor.o(i.ARR_GetCut)
    ARR_GetStep                              0x080004c1   Thumb Code   152  motor.o(i.ARR_GetStep)
    BusFault_Handler                         0x08000581   Thumb Code     2  stm32f4xx_it.o(i.BusFault_Handler)
    DebugMon_Handler                         0x08000583   Thumb Code     2  stm32f4xx_it.o(i.DebugMon_Handler)
    Enable                                   0x08000585   Thumb Code    14  motor.o(i.Enable)
    HAL_Delay                                0x08000599   Thumb Code    34  stm32f4xx_hal.o(i.HAL_Delay)
    HAL_GPIO_Init                            0x080005c1   Thumb Code   538  stm32f4xx_hal_gpio.o(i.HAL_GPIO_Init)
    HAL_GetTick                              0x080007f1   Thumb Code     6  stm32f4xx_hal.o(i.HAL_GetTick)
    HAL_IncTick                              0x080007fd   Thumb Code    12  stm32f4xx_hal.o(i.HAL_IncTick)
    HAL_Init                                 0x0800080d   Thumb Code    48  stm32f4xx_hal.o(i.HAL_Init)
    HAL_InitTick                             0x08000841   Thumb Code    58  stm32f4xx_hal.o(i.HAL_InitTick)
    HAL_MspInit                              0x08000885   Thumb Code    42  stm32f4xx_hal_msp.o(i.HAL_MspInit)
    HAL_NVIC_EnableIRQ                       0x080008b5   Thumb Code    28  stm32f4xx_hal_cortex.o(i.HAL_NVIC_EnableIRQ)
    HAL_NVIC_SetPriority                     0x080008d1   Thumb Code    98  stm32f4xx_hal_cortex.o(i.HAL_NVIC_SetPriority)
    HAL_NVIC_SetPriorityGrouping             0x08000939   Thumb Code    30  stm32f4xx_hal_cortex.o(i.HAL_NVIC_SetPriorityGrouping)
    HAL_RCC_ClockConfig                      0x0800095d   Thumb Code   354  stm32f4xx_hal_rcc.o(i.HAL_RCC_ClockConfig)
    HAL_RCC_GetSysClockFreq                  0x08000ad9   Thumb Code    94  stm32f4xx_hal_rcc.o(i.HAL_RCC_GetSysClockFreq)
    HAL_RCC_OscConfig                        0x08000b49   Thumb Code  1154  stm32f4xx_hal_rcc.o(i.HAL_RCC_OscConfig)
    HAL_SYSTICK_Config                       0x08000fcd   Thumb Code    36  stm32f4xx_hal_cortex.o(i.HAL_SYSTICK_Config)
    HAL_TIMEx_BreakCallback                  0x08000ff5   Thumb Code     2  stm32f4xx_hal_tim_ex.o(i.HAL_TIMEx_BreakCallback)
    HAL_TIMEx_CommutCallback                 0x08000ff7   Thumb Code     2  stm32f4xx_hal_tim_ex.o(i.HAL_TIMEx_CommutCallback)
    HAL_TIMEx_ConfigBreakDeadTime            0x08000ff9   Thumb Code   102  stm32f4xx_hal_tim_ex.o(i.HAL_TIMEx_ConfigBreakDeadTime)
    HAL_TIMEx_MasterConfigSynchronization    0x0800105f   Thumb Code   154  stm32f4xx_hal_tim_ex.o(i.HAL_TIMEx_MasterConfigSynchronization)
    HAL_TIMEx_PWMN_Start                     0x080010f9   Thumb Code   210  stm32f4xx_hal_tim_ex.o(i.HAL_TIMEx_PWMN_Start)
    HAL_TIM_Base_Init                        0x080011cb   Thumb Code    92  stm32f4xx_hal_tim.o(i.HAL_TIM_Base_Init)
    HAL_TIM_Base_MspInit                     0x08001229   Thumb Code   224  stm32f4xx_hal_msp.o(i.HAL_TIM_Base_MspInit)
    HAL_TIM_Base_Start_IT                    0x08001321   Thumb Code   138  stm32f4xx_hal_tim.o(i.HAL_TIM_Base_Start_IT)
    HAL_TIM_Base_Stop_IT                     0x080013ab   Thumb Code    48  stm32f4xx_hal_tim.o(i.HAL_TIM_Base_Stop_IT)
    HAL_TIM_ConfigClockSource                0x080013db   Thumb Code   234  stm32f4xx_hal_tim.o(i.HAL_TIM_ConfigClockSource)
    HAL_TIM_IC_CaptureCallback               0x080014c5   Thumb Code     2  stm32f4xx_hal_tim.o(i.HAL_TIM_IC_CaptureCallback)
    HAL_TIM_IC_ConfigChannel                 0x080014c7   Thumb Code   192  stm32f4xx_hal_tim.o(i.HAL_TIM_IC_ConfigChannel)
    HAL_TIM_IC_Init                          0x08001587   Thumb Code    92  stm32f4xx_hal_tim.o(i.HAL_TIM_IC_Init)
    HAL_TIM_IC_MspInit                       0x080015e3   Thumb Code     2  stm32f4xx_hal_tim.o(i.HAL_TIM_IC_MspInit)
    HAL_TIM_IC_Start_IT                      0x080015e5   Thumb Code   338  stm32f4xx_hal_tim.o(i.HAL_TIM_IC_Start_IT)
    HAL_TIM_IRQHandler                       0x08001737   Thumb Code   372  stm32f4xx_hal_tim.o(i.HAL_TIM_IRQHandler)
    HAL_TIM_MspPostInit                      0x080018ad   Thumb Code   144  stm32f4xx_hal_msp.o(i.HAL_TIM_MspPostInit)
    HAL_TIM_OC_DelayElapsedCallback          0x08001951   Thumb Code     2  stm32f4xx_hal_tim.o(i.HAL_TIM_OC_DelayElapsedCallback)
    HAL_TIM_PWM_ConfigChannel                0x08001953   Thumb Code   216  stm32f4xx_hal_tim.o(i.HAL_TIM_PWM_ConfigChannel)
    HAL_TIM_PWM_Init                         0x08001a2b   Thumb Code    92  stm32f4xx_hal_tim.o(i.HAL_TIM_PWM_Init)
    HAL_TIM_PWM_MspInit                      0x08001a87   Thumb Code     2  stm32f4xx_hal_tim.o(i.HAL_TIM_PWM_MspInit)
    HAL_TIM_PWM_PulseFinishedCallback        0x08001a89   Thumb Code     2  stm32f4xx_hal_tim.o(i.HAL_TIM_PWM_PulseFinishedCallback)
    HAL_TIM_PWM_Start                        0x08001a8d   Thumb Code   210  stm32f4xx_hal_tim.o(i.HAL_TIM_PWM_Start)
    HAL_TIM_PeriodElapsedCallback            0x08001b69   Thumb Code     2  stm32f4xx_hal_tim.o(i.HAL_TIM_PeriodElapsedCallback)
    HAL_TIM_SlaveConfigSynchro               0x08001b6b   Thumb Code    82  stm32f4xx_hal_tim.o(i.HAL_TIM_SlaveConfigSynchro)
    HAL_TIM_TriggerCallback                  0x08001bbd   Thumb Code     2  stm32f4xx_hal_tim.o(i.HAL_TIM_TriggerCallback)
    HardFault_Handler                        0x08001bbf   Thumb Code     2  stm32f4xx_it.o(i.HardFault_Handler)
    InitPower                                0x08001bc1   Thumb Code    58  motor.o(i.InitPower)
    MemManage_Handler                        0x08001d95   Thumb Code     2  stm32f4xx_it.o(i.MemManage_Handler)
    NMI_Handler                              0x08001d97   Thumb Code     2  stm32f4xx_it.o(i.NMI_Handler)
    PendSV_Handler                           0x08001d99   Thumb Code     2  stm32f4xx_it.o(i.PendSV_Handler)
    SVC_Handler                              0x08001d9b   Thumb Code     2  stm32f4xx_it.o(i.SVC_Handler)
    SetDirection                             0x08001d9d   Thumb Code     6  motor.o(i.SetDirection)
    SetSpeed                                 0x08001da9   Thumb Code   554  motor.o(i.SetSpeed)
    StartOpenLoop                            0x08002011   Thumb Code    10  motor.o(i.StartOpenLoop)
    SysTick_Handler                          0x08002021   Thumb Code     4  stm32f4xx_it.o(i.SysTick_Handler)
    SystemClock_Config                       0x08002025   Thumb Code   120  main.o(i.SystemClock_Config)
    SystemInit                               0x080020a5   Thumb Code    22  system_stm32f4xx.o(i.SystemInit)
    TIM5_IRQHandler                          0x080020c1   Thumb Code    84  motor.o(i.TIM5_IRQHandler)
    TIM8_TRG_COM_TIM14_IRQHandler            0x0800212d   Thumb Code   270  motor.o(i.TIM8_TRG_COM_TIM14_IRQHandler)
    TIM8_UP_TIM13_IRQHandler                 0x08002251   Thumb Code    70  motor.o(i.TIM8_UP_TIM13_IRQHandler)
    TIM_Base_SetConfig                       0x080022a9   Thumb Code   182  stm32f4xx_hal_tim.o(i.TIM_Base_SetConfig)
    TIM_CCxChannelCmd                        0x08002375   Thumb Code    30  stm32f4xx_hal_tim.o(i.TIM_CCxChannelCmd)
    TIM_ETR_SetConfig                        0x080023b1   Thumb Code    22  stm32f4xx_hal_tim.o(i.TIM_ETR_SetConfig)
    TIM_OC2_SetConfig                        0x08002449   Thumb Code   112  stm32f4xx_hal_tim.o(i.TIM_OC2_SetConfig)
    TIM_TI1_SetConfig                        0x08002651   Thumb Code   142  stm32f4xx_hal_tim.o(i.TIM_TI1_SetConfig)
    UsageFault_Handler                       0x080027bf   Thumb Code     2  stm32f4xx_it.o(i.UsageFault_Handler)
    __ARM_fpclassify                         0x080027c1   Thumb Code    48  fpclassify.o(i.__ARM_fpclassify)
    __hardfp_fmax                            0x080027f1   Thumb Code   116  fmax.o(i.__hardfp_fmax)
    __hardfp_fmin                            0x08002865   Thumb Code   116  fmin.o(i.__hardfp_fmin)
    __hardfp_pow                             0x080028d9   Thumb Code  3072  pow.o(i.__hardfp_pow)
    __kernel_poly                            0x08003529   Thumb Code   248  poly.o(i.__kernel_poly)
    __mathlib_dbl_divzero                    0x08003621   Thumb Code    28  dunder.o(i.__mathlib_dbl_divzero)
    __mathlib_dbl_infnan2                    0x08003651   Thumb Code    20  dunder.o(i.__mathlib_dbl_infnan2)
    __mathlib_dbl_invalid                    0x08003669   Thumb Code    24  dunder.o(i.__mathlib_dbl_invalid)
    __mathlib_dbl_overflow                   0x08003689   Thumb Code    24  dunder.o(i.__mathlib_dbl_overflow)
    __mathlib_dbl_underflow                  0x080036a9   Thumb Code    24  dunder.o(i.__mathlib_dbl_underflow)
    fabs                                     0x080036c9   Thumb Code    24  fabs.o(i.fabs)
    main                                     0x080036e1   Thumb Code   238  main.o(i.main)
    motor_init                               0x080037e5   Thumb Code   138  motor.o(i.motor_init)
    sqrt                                     0x08003881   Thumb Code   110  sqrt.o(i.sqrt)
    __aeabi_dneg                             0x080038ef   Thumb Code     0  basic.o(x$fpl$basic)
    _dneg                                    0x080038ef   Thumb Code     6  basic.o(x$fpl$basic)
    __aeabi_fneg                             0x080038f5   Thumb Code     0  basic.o(x$fpl$basic)
    _fneg                                    0x080038f5   Thumb Code     6  basic.o(x$fpl$basic)
    _dabs                                    0x080038fb   Thumb Code     6  basic.o(x$fpl$basic)
    _fabs                                    0x08003901   Thumb Code     6  basic.o(x$fpl$basic)
    __aeabi_d2f                              0x08003909   Thumb Code     0  d2f.o(x$fpl$d2f)
    _d2f                                     0x08003909   Thumb Code    98  d2f.o(x$fpl$d2f)
    __aeabi_dadd                             0x0800396d   Thumb Code     0  daddsub_clz.o(x$fpl$dadd)
    _dadd                                    0x0800396d   Thumb Code   332  daddsub_clz.o(x$fpl$dadd)
    __fpl_dcheck_NaN1                        0x08003abd   Thumb Code    10  dcheck1.o(x$fpl$dcheck1)
    __dcmp4                                  0x08003acd   Thumb Code    98  dcmp4.o(x$fpl$dcmp4)
    __ARM_dcmp4                              0x08003b2f   Thumb Code     0  dcmp4.o(x$fpl$dcmp4)
    _dcmp4                                   0x08003b2f   Thumb Code    60  dcmp4.o(x$fpl$dcmp4)
    __dcmp4e                                 0x08003b6b   Thumb Code    98  dcmp4.o(x$fpl$dcmp4)
    __ARM_dcmp4e                             0x08003bcd   Thumb Code     0  dcmp4.o(x$fpl$dcmp4)
    _dcmp4e                                  0x08003bcd   Thumb Code    54  dcmp4.o(x$fpl$dcmp4)
    __fpl_dcmp_Inf                           0x08003c03   Thumb Code    24  dcmpi.o(x$fpl$dcmpinf)
    __aeabi_ddiv                             0x08003c1d   Thumb Code     0  ddiv.o(x$fpl$ddiv)
    _ddiv                                    0x08003c1d   Thumb Code   552  ddiv.o(x$fpl$ddiv)
    __aeabi_i2d                              0x08003ecd   Thumb Code     0  dflt_clz.o(x$fpl$dflt)
    _dflt                                    0x08003ecd   Thumb Code    46  dflt_clz.o(x$fpl$dflt)
    __aeabi_cdcmple                          0x08003efd   Thumb Code     0  dleqf.o(x$fpl$dleqf)
    _dcmple                                  0x08003efd   Thumb Code   120  dleqf.o(x$fpl$dleqf)
    __fpl_dcmple_InfNaN                      0x08003f5f   Thumb Code     0  dleqf.o(x$fpl$dleqf)
    __aeabi_dmul                             0x08003f75   Thumb Code     0  dmul.o(x$fpl$dmul)
    _dmul                                    0x08003f75   Thumb Code   332  dmul.o(x$fpl$dmul)
    __fpl_dnaninf                            0x080040c9   Thumb Code   156  dnaninf.o(x$fpl$dnaninf)
    __fpl_dretinf                            0x08004165   Thumb Code    12  dretinf.o(x$fpl$dretinf)
    __aeabi_cdrcmple                         0x08004171   Thumb Code     0  drleqf.o(x$fpl$drleqf)
    _drcmple                                 0x08004171   Thumb Code   108  drleqf.o(x$fpl$drleqf)
    __aeabi_drsub                            0x080041dd   Thumb Code     0  daddsub_clz.o(x$fpl$drsb)
    _drsb                                    0x080041dd   Thumb Code    22  daddsub_clz.o(x$fpl$drsb)
    _dsqrt                                   0x080041f5   Thumb Code   404  dsqrt_umaal.o(x$fpl$dsqrt)
    __aeabi_dsub                             0x0800438d   Thumb Code     0  daddsub_clz.o(x$fpl$dsub)
    _dsub                                    0x0800438d   Thumb Code   464  daddsub_clz.o(x$fpl$dsub)
    __aeabi_f2d                              0x08004561   Thumb Code     0  f2d.o(x$fpl$f2d)
    _f2d                                     0x08004561   Thumb Code    86  f2d.o(x$fpl$f2d)
    __fpl_fnaninf                            0x080045b7   Thumb Code   140  fnaninf.o(x$fpl$fnaninf)
    _fp_init                                 0x08004643   Thumb Code    10  fpinit.o(x$fpl$fpinit)
    __fplib_config_fpu_vfp                   0x0800464b   Thumb Code     0  fpinit.o(x$fpl$fpinit)
    __fplib_config_pureend_doubles           0x0800464b   Thumb Code     0  fpinit.o(x$fpl$fpinit)
    __fpl_fretinf                            0x0800464d   Thumb Code    10  fretinf.o(x$fpl$fretinf)
    __fpl_return_NaN                         0x08004657   Thumb Code   100  retnan.o(x$fpl$retnan)
    __ARM_scalbn                             0x080046bb   Thumb Code    92  scalbn.o(x$fpl$scalbn)
    __fpl_cmpreturn                          0x08004717   Thumb Code    48  trapv.o(x$fpl$trapveneer)
    AHBPrescTable                            0x08004746   Data          16  system_stm32f4xx.o(.constdata)
    __I$use$fp                               0x08004746   Number         0  usenofp.o(x$fpl$usenofp)
    __mathlib_zero                           0x080047e0   Data           8  qnan.o(.constdata)
    Region$$Table$$Base                      0x080047e8   Number         0  anon$$obj.o(Region$$Table)
    Region$$Table$$Limit                     0x08004808   Number         0  anon$$obj.o(Region$$Table)
    direction                                0x20000000   Data           1  motor.o(.data)
    PWM_min                                  0x20000001   Data           1  motor.o(.data)
    counter_step                             0x20000002   Data           1  motor.o(.data)
    i                                        0x20000003   Data           1  motor.o(.data)
    state                                    0x20000004   Data           1  motor.o(.data)
    middle_speed_index                       0x20000005   Data           1  motor.o(.data)
    median_filter_index                      0x20000006   Data           1  motor.o(.data)
    speed_impulse                            0x20000008   Data           2  motor.o(.data)
    offset                                   0x2000000a   Data           2  motor.o(.data)
    last_ccr1                                0x2000000c   Data           4  motor.o(.data)
    last_ccr1_index                          0x20000010   Data           4  motor.o(.data)
    newARR                                   0x20000014   Data           4  motor.o(.data)
    last_arr_index                           0x20000018   Data           4  motor.o(.data)
    speed                                    0x2000001c   Data           4  motor.o(.data)
    PWM_ARR                                  0x20000020   Data           4  motor.o(.data)
    targetARRf                               0x20000024   Data           4  motor.o(.data)
    actualARRf                               0x20000028   Data           4  motor.o(.data)
    step                                     0x2000002c   Data           4  motor.o(.data)
    deltaRPM                                 0x20000030   Data           4  motor.o(.data)
    H1t                                      0x20000034   Data           4  motor.o(.data)
    H2t                                      0x20000038   Data           4  motor.o(.data)
    H3t                                      0x2000003c   Data           4  motor.o(.data)
    H1t_prev                                 0x20000040   Data           4  motor.o(.data)
    H2t_prev                                 0x20000044   Data           4  motor.o(.data)
    H3t_prev                                 0x20000048   Data           4  motor.o(.data)
    rate                                     0x2000004c   Data           4  motor.o(.data)
    mean_rate                                0x20000050   Data           4  motor.o(.data)
    mean_arr                                 0x20000054   Data           4  motor.o(.data)
    median_filter_data                       0x20000058   Data           6  motor.o(.data)
    step_way                                 0x20000060   Data           8  motor.o(.data)
    PWM_SIN_Variable                         0x20000068   Data         160  motor.o(.data)
    velocity                                 0x20000108   Data           2  main.o(.data)
    c                                        0x2000010a   Data           1  main.o(.data)
    SystemCoreClock                          0x2000010c   Data           4  system_stm32f4xx.o(.data)
    uwTickFreq                               0x20000110   Data           1  stm32f4xx_hal.o(.data)
    uwTickPrio                               0x20000114   Data           4  stm32f4xx_hal.o(.data)
    uwTick                                   0x20000118   Data           4  stm32f4xx_hal.o(.data)
    middle_speed_array                       0x2000011c   Data         140  motor.o(.bss)
    ccr1                                     0x200001a8   Data         140  motor.o(.bss)
    arr_data                                 0x20000234   Data         256  motor.o(.bss)
    PWM_variable_10                          0x20000334   Data          40  motor.o(.bss)
    PWM_variable_20                          0x2000035c   Data          40  motor.o(.bss)
    PWM_variable_30                          0x20000384   Data          40  motor.o(.bss)
    PWM_variable_40                          0x200003ac   Data          40  motor.o(.bss)
    PWM_variable_50                          0x200003d4   Data          40  motor.o(.bss)
    PWM_variable_60                          0x200003fc   Data          40  motor.o(.bss)
    PWM_variable_70                          0x20000424   Data          40  motor.o(.bss)
    PWM_variable_80                          0x2000044c   Data          40  motor.o(.bss)
    PWM_variable_90                          0x20000474   Data          40  motor.o(.bss)
    PWM_variable_100                         0x2000049c   Data          40  motor.o(.bss)
    htim5                                    0x200004c4   Data          72  main.o(.bss)
    htim8                                    0x2000050c   Data          72  main.o(.bss)
    htim13                                   0x20000554   Data          72  main.o(.bss)
    htim14                                   0x2000059c   Data          72  main.o(.bss)
    __libspace_start                         0x200005e4   Data          96  libspace.o(.bss)
    __temporary_stack_top$libspace           0x20000644   Data           0  libspace.o(.bss)



==============================================================================

Memory Map of the image

  Image Entry point : 0x08000189

  Load Region LR_IROM1 (Base: 0x08000000, Size: 0x00004924, Max: 0x00100000, ABSOLUTE)

    Execution Region ER_IROM1 (Exec base: 0x08000000, Load base: 0x08000000, Size: 0x00004808, Max: 0x00100000, ABSOLUTE)

    Exec Addr    Load Addr    Size         Type   Attr      Idx    E Section Name        Object

    0x08000000   0x08000000   0x00000188   Data   RO            3    RESET               startup_stm32f405xx.o
    0x08000188   0x08000188   0x00000008   Code   RO         2635  * !!!main             c_w.l(__main.o)
    0x08000190   0x08000190   0x00000034   Code   RO         2923    !!!scatter          c_w.l(__scatter.o)
    0x080001c4   0x080001c4   0x0000001a   Code   RO         2925    !!handler_copy      c_w.l(__scatter_copy.o)
    0x080001de   0x080001de   0x00000002   PAD
    0x080001e0   0x080001e0   0x0000001c   Code   RO         2927    !!handler_zi        c_w.l(__scatter_zi.o)
    0x080001fc   0x080001fc   0x00000002   Code   RO         2790    .ARM.Collect$$libinit$$00000000  c_w.l(libinit.o)
    0x080001fe   0x080001fe   0x00000004   Code   RO         2801    .ARM.Collect$$libinit$$00000001  c_w.l(libinit2.o)
    0x08000202   0x08000202   0x00000000   Code   RO         2804    .ARM.Collect$$libinit$$00000004  c_w.l(libinit2.o)
    0x08000202   0x08000202   0x00000000   Code   RO         2807    .ARM.Collect$$libinit$$0000000A  c_w.l(libinit2.o)
    0x08000202   0x08000202   0x00000000   Code   RO         2809    .ARM.Collect$$libinit$$0000000C  c_w.l(libinit2.o)
    0x08000202   0x08000202   0x00000000   Code   RO         2811    .ARM.Collect$$libinit$$0000000E  c_w.l(libinit2.o)
    0x08000202   0x08000202   0x00000000   Code   RO         2814    .ARM.Collect$$libinit$$00000011  c_w.l(libinit2.o)
    0x08000202   0x08000202   0x00000000   Code   RO         2816    .ARM.Collect$$libinit$$00000013  c_w.l(libinit2.o)
    0x08000202   0x08000202   0x00000000   Code   RO         2818    .ARM.Collect$$libinit$$00000015  c_w.l(libinit2.o)
    0x08000202   0x08000202   0x00000000   Code   RO         2820    .ARM.Collect$$libinit$$00000017  c_w.l(libinit2.o)
    0x08000202   0x08000202   0x00000000   Code   RO         2822    .ARM.Collect$$libinit$$00000019  c_w.l(libinit2.o)
    0x08000202   0x08000202   0x00000000   Code   RO         2824    .ARM.Collect$$libinit$$0000001B  c_w.l(libinit2.o)
    0x08000202   0x08000202   0x00000000   Code   RO         2826    .ARM.Collect$$libinit$$0000001D  c_w.l(libinit2.o)
    0x08000202   0x08000202   0x00000000   Code   RO         2828    .ARM.Collect$$libinit$$0000001F  c_w.l(libinit2.o)
    0x08000202   0x08000202   0x00000000   Code   RO         2830    .ARM.Collect$$libinit$$00000021  c_w.l(libinit2.o)
    0x08000202   0x08000202   0x00000000   Code   RO         2832    .ARM.Collect$$libinit$$00000023  c_w.l(libinit2.o)
    0x08000202   0x08000202   0x00000000   Code   RO         2834    .ARM.Collect$$libinit$$00000025  c_w.l(libinit2.o)
    0x08000202   0x08000202   0x00000000   Code   RO         2838    .ARM.Collect$$libinit$$0000002C  c_w.l(libinit2.o)
    0x08000202   0x08000202   0x00000000   Code   RO         2840    .ARM.Collect$$libinit$$0000002E  c_w.l(libinit2.o)
    0x08000202   0x08000202   0x00000000   Code   RO         2842    .ARM.Collect$$libinit$$00000030  c_w.l(libinit2.o)
    0x08000202   0x08000202   0x00000000   Code   RO         2844    .ARM.Collect$$libinit$$00000032  c_w.l(libinit2.o)
    0x08000202   0x08000202   0x00000002   Code   RO         2845    .ARM.Collect$$libinit$$00000033  c_w.l(libinit2.o)
    0x08000204   0x08000204   0x00000002   Code   RO         2878    .ARM.Collect$$libshutdown$$00000000  c_w.l(libshutdown.o)
    0x08000206   0x08000206   0x00000000   Code   RO         2904    .ARM.Collect$$libshutdown$$00000002  c_w.l(libshutdown2.o)
    0x08000206   0x08000206   0x00000000   Code   RO         2906    .ARM.Collect$$libshutdown$$00000004  c_w.l(libshutdown2.o)
    0x08000206   0x08000206   0x00000000   Code   RO         2908    .ARM.Collect$$libshutdown$$00000006  c_w.l(libshutdown2.o)
    0x08000206   0x08000206   0x00000000   Code   RO         2911    .ARM.Collect$$libshutdown$$00000009  c_w.l(libshutdown2.o)
    0x08000206   0x08000206   0x00000000   Code   RO         2914    .ARM.Collect$$libshutdown$$0000000C  c_w.l(libshutdown2.o)
    0x08000206   0x08000206   0x00000000   Code   RO         2916    .ARM.Collect$$libshutdown$$0000000E  c_w.l(libshutdown2.o)
    0x08000206   0x08000206   0x00000000   Code   RO         2919    .ARM.Collect$$libshutdown$$00000011  c_w.l(libshutdown2.o)
    0x08000206   0x08000206   0x00000002   Code   RO         2920    .ARM.Collect$$libshutdown$$00000012  c_w.l(libshutdown2.o)
    0x08000208   0x08000208   0x00000000   Code   RO         2681    .ARM.Collect$$rtentry$$00000000  c_w.l(__rtentry.o)
    0x08000208   0x08000208   0x00000000   Code   RO         2745    .ARM.Collect$$rtentry$$00000002  c_w.l(__rtentry2.o)
    0x08000208   0x08000208   0x00000006   Code   RO         2757    .ARM.Collect$$rtentry$$00000004  c_w.l(__rtentry4.o)
    0x0800020e   0x0800020e   0x00000000   Code   RO         2747    .ARM.Collect$$rtentry$$00000009  c_w.l(__rtentry2.o)
    0x0800020e   0x0800020e   0x00000004   Code   RO         2748    .ARM.Collect$$rtentry$$0000000A  c_w.l(__rtentry2.o)
    0x08000212   0x08000212   0x00000000   Code   RO         2750    .ARM.Collect$$rtentry$$0000000C  c_w.l(__rtentry2.o)
    0x08000212   0x08000212   0x00000008   Code   RO         2751    .ARM.Collect$$rtentry$$0000000D  c_w.l(__rtentry2.o)
    0x0800021a   0x0800021a   0x00000002   Code   RO         2793    .ARM.Collect$$rtexit$$00000000  c_w.l(rtexit.o)
    0x0800021c   0x0800021c   0x00000000   Code   RO         2851    .ARM.Collect$$rtexit$$00000002  c_w.l(rtexit2.o)
    0x0800021c   0x0800021c   0x00000004   Code   RO         2852    .ARM.Collect$$rtexit$$00000003  c_w.l(rtexit2.o)
    0x08000220   0x08000220   0x00000006   Code   RO         2853    .ARM.Collect$$rtexit$$00000004  c_w.l(rtexit2.o)
    0x08000226   0x08000226   0x00000002   PAD
    0x08000228   0x08000228   0x00000040   Code   RO            4    .text               startup_stm32f405xx.o
    0x08000268   0x08000268   0x000000ee   Code   RO         2627    .text               c_w.l(lludivv7m.o)
    0x08000356   0x08000356   0x00000010   Code   RO         2629    .text               c_w.l(aeabi_memset.o)
    0x08000366   0x08000366   0x0000004e   Code   RO         2631    .text               c_w.l(rt_memclr_w.o)
    0x080003b4   0x080003b4   0x00000006   Code   RO         2633    .text               c_w.l(heapauxi.o)
    0x080003ba   0x080003ba   0x00000016   Code   RO         2686    .text               c_w.l(_rserrno.o)
    0x080003d0   0x080003d0   0x00000044   Code   RO         2688    .text               c_w.l(rt_memclr.o)
    0x08000414   0x08000414   0x00000008   Code   RO         2764    .text               c_w.l(rt_errno_addr_intlibspace.o)
    0x0800041c   0x0800041c   0x00000008   Code   RO         2774    .text               c_w.l(libspace.o)
    0x08000424   0x08000424   0x0000004a   Code   RO         2777    .text               c_w.l(sys_stackheap_outer.o)
    0x0800046e   0x0800046e   0x00000012   Code   RO         2779    .text               c_w.l(exit.o)
    0x08000480   0x08000480   0x0000000c   Code   RO         2848    .text               c_w.l(sys_exit.o)
    0x0800048c   0x0800048c   0x00000002   Code   RO         2867    .text               c_w.l(use_no_semi.o)
    0x0800048e   0x0800048e   0x00000000   Code   RO         2869    .text               c_w.l(indicate_semi.o)
    0x0800048e   0x0800048e   0x00000002   PAD
    0x08000490   0x08000490   0x00000030   Code   RO           13    i.ARR_GetCut        motor.o
    0x080004c0   0x080004c0   0x000000c0   Code   RO           14    i.ARR_GetStep       motor.o
    0x08000580   0x08000580   0x00000002   Code   RO          317    i.BusFault_Handler  stm32f4xx_it.o
    0x08000582   0x08000582   0x00000002   Code   RO          318    i.DebugMon_Handler  stm32f4xx_it.o
    0x08000584   0x08000584   0x00000014   Code   RO           15    i.Enable            motor.o
    0x08000598   0x08000598   0x00000028   Code   RO         2377    i.HAL_Delay         stm32f4xx_hal.o
    0x080005c0   0x080005c0   0x00000230   Code   RO         1856    i.HAL_GPIO_Init     stm32f4xx_hal_gpio.o
    0x080007f0   0x080007f0   0x0000000c   Code   RO         2383    i.HAL_GetTick       stm32f4xx_hal.o
    0x080007fc   0x080007fc   0x00000010   Code   RO         2389    i.HAL_IncTick       stm32f4xx_hal.o
    0x0800080c   0x0800080c   0x00000034   Code   RO         2390    i.HAL_Init          stm32f4xx_hal.o
    0x08000840   0x08000840   0x00000044   Code   RO         2391    i.HAL_InitTick      stm32f4xx_hal.o
    0x08000884   0x08000884   0x00000030   Code   RO          392    i.HAL_MspInit       stm32f4xx_hal_msp.o
    0x080008b4   0x080008b4   0x0000001c   Code   RO         2245    i.HAL_NVIC_EnableIRQ  stm32f4xx_hal_cortex.o
    0x080008d0   0x080008d0   0x00000068   Code   RO         2251    i.HAL_NVIC_SetPriority  stm32f4xx_hal_cortex.o
    0x08000938   0x08000938   0x00000024   Code   RO         2252    i.HAL_NVIC_SetPriorityGrouping  stm32f4xx_hal_cortex.o
    0x0800095c   0x0800095c   0x0000017c   Code   RO         1457    i.HAL_RCC_ClockConfig  stm32f4xx_hal_rcc.o
    0x08000ad8   0x08000ad8   0x00000070   Code   RO         1466    i.HAL_RCC_GetSysClockFreq  stm32f4xx_hal_rcc.o
    0x08000b48   0x08000b48   0x00000482   Code   RO         1469    i.HAL_RCC_OscConfig  stm32f4xx_hal_rcc.o
    0x08000fca   0x08000fca   0x00000002   PAD
    0x08000fcc   0x08000fcc   0x00000028   Code   RO         2256    i.HAL_SYSTICK_Config  stm32f4xx_hal_cortex.o
    0x08000ff4   0x08000ff4   0x00000002   Code   RO         1189    i.HAL_TIMEx_BreakCallback  stm32f4xx_hal_tim_ex.o
    0x08000ff6   0x08000ff6   0x00000002   Code   RO         1190    i.HAL_TIMEx_CommutCallback  stm32f4xx_hal_tim_ex.o
    0x08000ff8   0x08000ff8   0x00000066   Code   RO         1192    i.HAL_TIMEx_ConfigBreakDeadTime  stm32f4xx_hal_tim_ex.o
    0x0800105e   0x0800105e   0x0000009a   Code   RO         1208    i.HAL_TIMEx_MasterConfigSynchronization  stm32f4xx_hal_tim_ex.o
    0x080010f8   0x080010f8   0x000000d2   Code   RO         1219    i.HAL_TIMEx_PWMN_Start  stm32f4xx_hal_tim_ex.o
    0x080011ca   0x080011ca   0x0000005c   Code   RO          474    i.HAL_TIM_Base_Init  stm32f4xx_hal_tim.o
    0x08001226   0x08001226   0x00000002   PAD
    0x08001228   0x08001228   0x000000f8   Code   RO          394    i.HAL_TIM_Base_MspInit  stm32f4xx_hal_msp.o
    0x08001320   0x08001320   0x0000008a   Code   RO          479    i.HAL_TIM_Base_Start_IT  stm32f4xx_hal_tim.o
    0x080013aa   0x080013aa   0x00000030   Code   RO          482    i.HAL_TIM_Base_Stop_IT  stm32f4xx_hal_tim.o
    0x080013da   0x080013da   0x000000ea   Code   RO          483    i.HAL_TIM_ConfigClockSource  stm32f4xx_hal_tim.o
    0x080014c4   0x080014c4   0x00000002   Code   RO          508    i.HAL_TIM_IC_CaptureCallback  stm32f4xx_hal_tim.o
    0x080014c6   0x080014c6   0x000000c0   Code   RO          510    i.HAL_TIM_IC_ConfigChannel  stm32f4xx_hal_tim.o
    0x08001586   0x08001586   0x0000005c   Code   RO          513    i.HAL_TIM_IC_Init   stm32f4xx_hal_tim.o
    0x080015e2   0x080015e2   0x00000002   Code   RO          515    i.HAL_TIM_IC_MspInit  stm32f4xx_hal_tim.o
    0x080015e4   0x080015e4   0x00000152   Code   RO          518    i.HAL_TIM_IC_Start_IT  stm32f4xx_hal_tim.o
    0x08001736   0x08001736   0x00000174   Code   RO          522    i.HAL_TIM_IRQHandler  stm32f4xx_hal_tim.o
    0x080018aa   0x080018aa   0x00000002   PAD
    0x080018ac   0x080018ac   0x000000a4   Code   RO          395    i.HAL_TIM_MspPostInit  stm32f4xx_hal_msp.o
    0x08001950   0x08001950   0x00000002   Code   RO          525    i.HAL_TIM_OC_DelayElapsedCallback  stm32f4xx_hal_tim.o
    0x08001952   0x08001952   0x000000d8   Code   RO          546    i.HAL_TIM_PWM_ConfigChannel  stm32f4xx_hal_tim.o
    0x08001a2a   0x08001a2a   0x0000005c   Code   RO          549    i.HAL_TIM_PWM_Init  stm32f4xx_hal_tim.o
    0x08001a86   0x08001a86   0x00000002   Code   RO          551    i.HAL_TIM_PWM_MspInit  stm32f4xx_hal_tim.o
    0x08001a88   0x08001a88   0x00000002   Code   RO          552    i.HAL_TIM_PWM_PulseFinishedCallback  stm32f4xx_hal_tim.o
    0x08001a8a   0x08001a8a   0x00000002   PAD
    0x08001a8c   0x08001a8c   0x000000dc   Code   RO          554    i.HAL_TIM_PWM_Start  stm32f4xx_hal_tim.o
    0x08001b68   0x08001b68   0x00000002   Code   RO          560    i.HAL_TIM_PeriodElapsedCallback  stm32f4xx_hal_tim.o
    0x08001b6a   0x08001b6a   0x00000052   Code   RO          563    i.HAL_TIM_SlaveConfigSynchro  stm32f4xx_hal_tim.o
    0x08001bbc   0x08001bbc   0x00000002   Code   RO          565    i.HAL_TIM_TriggerCallback  stm32f4xx_hal_tim.o
    0x08001bbe   0x08001bbe   0x00000002   Code   RO          319    i.HardFault_Handler  stm32f4xx_it.o
    0x08001bc0   0x08001bc0   0x00000040   Code   RO           19    i.InitPower         motor.o
    0x08001c00   0x08001c00   0x0000004c   Code   RO          262    i.MX_GPIO_Init      main.o
    0x08001c4c   0x08001c4c   0x0000008c   Code   RO          263    i.MX_TIM5_Init      main.o
    0x08001cd8   0x08001cd8   0x000000bc   Code   RO          264    i.MX_TIM8_Init      main.o
    0x08001d94   0x08001d94   0x00000002   Code   RO          320    i.MemManage_Handler  stm32f4xx_it.o
    0x08001d96   0x08001d96   0x00000002   Code   RO          321    i.NMI_Handler       stm32f4xx_it.o
    0x08001d98   0x08001d98   0x00000002   Code   RO          322    i.PendSV_Handler    stm32f4xx_it.o
    0x08001d9a   0x08001d9a   0x00000002   Code   RO          323    i.SVC_Handler       stm32f4xx_it.o
    0x08001d9c   0x08001d9c   0x0000000c   Code   RO           22    i.SetDirection      motor.o
    0x08001da8   0x08001da8   0x00000268   Code   RO           23    i.SetSpeed          motor.o
    0x08002010   0x08002010   0x00000010   Code   RO           24    i.StartOpenLoop     motor.o
    0x08002020   0x08002020   0x00000004   Code   RO          324    i.SysTick_Handler   stm32f4xx_it.o
    0x08002024   0x08002024   0x00000080   Code   RO          265    i.SystemClock_Config  main.o
    0x080020a4   0x080020a4   0x0000001c   Code   RO          435    i.SystemInit        system_stm32f4xx.o
    0x080020c0   0x080020c0   0x0000006c   Code   RO           25    i.TIM5_IRQHandler   motor.o
    0x0800212c   0x0800212c   0x00000124   Code   RO           26    i.TIM8_TRG_COM_TIM14_IRQHandler  motor.o
    0x08002250   0x08002250   0x00000058   Code   RO           27    i.TIM8_UP_TIM13_IRQHandler  motor.o
    0x080022a8   0x080022a8   0x000000cc   Code   RO          567    i.TIM_Base_SetConfig  stm32f4xx_hal_tim.o
    0x08002374   0x08002374   0x0000001e   Code   RO          568    i.TIM_CCxChannelCmd  stm32f4xx_hal_tim.o
    0x08002392   0x08002392   0x0000001e   Code   RO         1228    i.TIM_CCxNChannelCmd  stm32f4xx_hal_tim_ex.o
    0x080023b0   0x080023b0   0x00000016   Code   RO          578    i.TIM_ETR_SetConfig  stm32f4xx_hal_tim.o
    0x080023c6   0x080023c6   0x00000010   Code   RO          579    i.TIM_ITRx_SetConfig  stm32f4xx_hal_tim.o
    0x080023d6   0x080023d6   0x00000002   PAD
    0x080023d8   0x080023d8   0x00000070   Code   RO          580    i.TIM_OC1_SetConfig  stm32f4xx_hal_tim.o
    0x08002448   0x08002448   0x00000078   Code   RO          581    i.TIM_OC2_SetConfig  stm32f4xx_hal_tim.o
    0x080024c0   0x080024c0   0x00000078   Code   RO          582    i.TIM_OC3_SetConfig  stm32f4xx_hal_tim.o
    0x08002538   0x08002538   0x00000058   Code   RO          583    i.TIM_OC4_SetConfig  stm32f4xx_hal_tim.o
    0x08002590   0x08002590   0x0000009a   Code   RO          584    i.TIM_SlaveTimer_SetConfig  stm32f4xx_hal_tim.o
    0x0800262a   0x0800262a   0x00000026   Code   RO          585    i.TIM_TI1_ConfigInputStage  stm32f4xx_hal_tim.o
    0x08002650   0x08002650   0x0000008e   Code   RO          586    i.TIM_TI1_SetConfig  stm32f4xx_hal_tim.o
    0x080026de   0x080026de   0x00000024   Code   RO          587    i.TIM_TI2_ConfigInputStage  stm32f4xx_hal_tim.o
    0x08002702   0x08002702   0x00000040   Code   RO          588    i.TIM_TI2_SetConfig  stm32f4xx_hal_tim.o
    0x08002742   0x08002742   0x0000003c   Code   RO          589    i.TIM_TI3_SetConfig  stm32f4xx_hal_tim.o
    0x0800277e   0x0800277e   0x00000040   Code   RO          590    i.TIM_TI4_SetConfig  stm32f4xx_hal_tim.o
    0x080027be   0x080027be   0x00000002   Code   RO          325    i.UsageFault_Handler  stm32f4xx_it.o
    0x080027c0   0x080027c0   0x00000030   Code   RO         2727    i.__ARM_fpclassify  m_wm.l(fpclassify.o)
    0x080027f0   0x080027f0   0x00000074   Code   RO         2659    i.__hardfp_fmax     m_wm.l(fmax.o)
    0x08002864   0x08002864   0x00000074   Code   RO         2677    i.__hardfp_fmin     m_wm.l(fmin.o)
    0x080028d8   0x080028d8   0x00000c50   Code   RO         2663    i.__hardfp_pow      m_wm.l(pow.o)
    0x08003528   0x08003528   0x000000f8   Code   RO         2729    i.__kernel_poly     m_wm.l(poly.o)
    0x08003620   0x08003620   0x00000030   Code   RO         2707    i.__mathlib_dbl_divzero  m_wm.l(dunder.o)
    0x08003650   0x08003650   0x00000014   Code   RO         2709    i.__mathlib_dbl_infnan2  m_wm.l(dunder.o)
    0x08003664   0x08003664   0x00000004   PAD
    0x08003668   0x08003668   0x00000020   Code   RO         2710    i.__mathlib_dbl_invalid  m_wm.l(dunder.o)
    0x08003688   0x08003688   0x00000020   Code   RO         2711    i.__mathlib_dbl_overflow  m_wm.l(dunder.o)
    0x080036a8   0x080036a8   0x00000020   Code   RO         2713    i.__mathlib_dbl_underflow  m_wm.l(dunder.o)
    0x080036c8   0x080036c8   0x00000018   Code   RO         2723    i.fabs              m_wm.l(fabs.o)
    0x080036e0   0x080036e0   0x00000104   Code   RO          266    i.main              main.o
    0x080037e4   0x080037e4   0x0000009c   Code   RO           29    i.motor_init        motor.o
    0x08003880   0x08003880   0x0000006e   Code   RO         2734    i.sqrt              m_wm.l(sqrt.o)
    0x080038ee   0x080038ee   0x00000018   Code   RO         2690    x$fpl$basic         fz_wm.l(basic.o)
    0x08003906   0x08003906   0x00000002   PAD
    0x08003908   0x08003908   0x00000062   Code   RO         2637    x$fpl$d2f           fz_wm.l(d2f.o)
    0x0800396a   0x0800396a   0x00000002   PAD
    0x0800396c   0x0800396c   0x00000150   Code   RO         2639    x$fpl$dadd          fz_wm.l(daddsub_clz.o)
    0x08003abc   0x08003abc   0x00000010   Code   RO         2766    x$fpl$dcheck1       fz_wm.l(dcheck1.o)
    0x08003acc   0x08003acc   0x00000136   Code   RO         2692    x$fpl$dcmp4         fz_wm.l(dcmp4.o)
    0x08003c02   0x08003c02   0x00000018   Code   RO         2768    x$fpl$dcmpinf       fz_wm.l(dcmpi.o)
    0x08003c1a   0x08003c1a   0x00000002   PAD
    0x08003c1c   0x08003c1c   0x000002b0   Code   RO         2646    x$fpl$ddiv          fz_wm.l(ddiv.o)
    0x08003ecc   0x08003ecc   0x0000002e   Code   RO         2650    x$fpl$dflt          fz_wm.l(dflt_clz.o)
    0x08003efa   0x08003efa   0x00000002   PAD
    0x08003efc   0x08003efc   0x00000078   Code   RO         2770    x$fpl$dleqf         fz_wm.l(dleqf.o)
    0x08003f74   0x08003f74   0x00000154   Code   RO         2655    x$fpl$dmul          fz_wm.l(dmul.o)
    0x080040c8   0x080040c8   0x0000009c   Code   RO         2694    x$fpl$dnaninf       fz_wm.l(dnaninf.o)
    0x08004164   0x08004164   0x0000000c   Code   RO         2696    x$fpl$dretinf       fz_wm.l(dretinf.o)
    0x08004170   0x08004170   0x0000006c   Code   RO         2698    x$fpl$drleqf        fz_wm.l(drleqf.o)
    0x080041dc   0x080041dc   0x00000016   Code   RO         2640    x$fpl$drsb          fz_wm.l(daddsub_clz.o)
    0x080041f2   0x080041f2   0x00000002   PAD
    0x080041f4   0x080041f4   0x00000198   Code   RO         2772    x$fpl$dsqrt         fz_wm.l(dsqrt_umaal.o)
    0x0800438c   0x0800438c   0x000001d4   Code   RO         2641    x$fpl$dsub          fz_wm.l(daddsub_clz.o)
    0x08004560   0x08004560   0x00000056   Code   RO         2657    x$fpl$f2d           fz_wm.l(f2d.o)
    0x080045b6   0x080045b6   0x0000008c   Code   RO         2700    x$fpl$fnaninf       fz_wm.l(fnaninf.o)
    0x08004642   0x08004642   0x0000000a   Code   RO         2863    x$fpl$fpinit        fz_wm.l(fpinit.o)
    0x0800464c   0x0800464c   0x0000000a   Code   RO         2702    x$fpl$fretinf       fz_wm.l(fretinf.o)
    0x08004656   0x08004656   0x00000064   Code   RO         2791    x$fpl$retnan        fz_wm.l(retnan.o)
    0x080046ba   0x080046ba   0x0000005c   Code   RO         2704    x$fpl$scalbn        fz_wm.l(scalbn.o)
    0x08004716   0x08004716   0x00000030   Code   RO         2846    x$fpl$trapveneer    fz_wm.l(trapv.o)
    0x08004746   0x08004746   0x00000000   Code   RO         2706    x$fpl$usenofp       fz_wm.l(usenofp.o)
    0x08004746   0x08004746   0x00000010   Data   RO          436    .constdata          system_stm32f4xx.o
    0x08004756   0x08004756   0x00000002   PAD
    0x08004758   0x08004758   0x00000088   Data   RO         2666    .constdata          m_wm.l(pow.o)
    0x080047e0   0x080047e0   0x00000008   Data   RO         2731    .constdata          m_wm.l(qnan.o)
    0x080047e8   0x080047e8   0x00000020   Data   RO         2921    Region$$Table       anon$$obj.o


    Execution Region RW_IRAM1 (Exec base: 0x20000000, Load base: 0x08004808, Size: 0x00000c48, Max: 0x00020000, ABSOLUTE)

    Exec Addr    Load Addr    Size         Type   Attr      Idx    E Section Name        Object

    0x20000000   0x08004808   0x00000108   Data   RW           31    .data               motor.o
    0x20000108   0x08004910   0x00000002   Data   RW          268    .data               main.o
    0x2000010a   0x08004912   0x00000001   Data   RW          269    .data               main.o
    0x2000010b   0x08004913   0x00000001   PAD
    0x2000010c   0x08004914   0x00000004   Data   RW          438    .data               system_stm32f4xx.o
    0x20000110   0x08004918   0x0000000c   Data   RW         2397    .data               stm32f4xx_hal.o
    0x2000011c        -       0x000003a8   Zero   RW           30    .bss                motor.o
    0x200004c4        -       0x00000120   Zero   RW          267    .bss                main.o
    0x200005e4        -       0x00000060   Zero   RW         2775    .bss                c_w.l(libspace.o)
    0x20000644   0x08004924   0x00000004   PAD
    0x20000648        -       0x00000200   Zero   RW            2    HEAP                startup_stm32f405xx.o
    0x20000848        -       0x00000400   Zero   RW            1    STACK               startup_stm32f405xx.o


==============================================================================

Image component sizes


      Code (inc. data)   RO Data    RW Data    ZI Data      Debug   Object Name

       792         52          0          3        288       4115   main.o
      1612        230          0        264        936     642931   motor.o
        64         26        392          0       1536        864   startup_stm32f405xx.o
       188         30          0         12          0       9577   stm32f4xx_hal.o
       208         16          0          0          0      33771   stm32f4xx_hal_cortex.o
       560         22          0          0          0       1736   stm32f4xx_hal_gpio.o
       460         50          0          0          0       2635   stm32f4xx_hal_msp.o
      1646         78          0          0          0       4884   stm32f4xx_hal_rcc.o
      3400         64          0          0          0      27528   stm32f4xx_hal_tim.o
       500          0          0          0          0       5196   stm32f4xx_hal_tim_ex.o
        20          0          0          0          0       4274   stm32f4xx_it.o
        28          6         16          4          0       1191   system_stm32f4xx.o

    ----------------------------------------------------------------------
      9488        574        442        284       2760     738702   Object Totals
         0          0         32          0          0          0   (incl. Generated)
        10          0          2          1          0          0   (incl. Padding)

    ----------------------------------------------------------------------

      Code (inc. data)   RO Data    RW Data    ZI Data      Debug   Library Member Name

         8          0          0          0          0         68   __main.o
         0          0          0          0          0          0   __rtentry.o
        12          0          0          0          0          0   __rtentry2.o
         6          0          0          0          0          0   __rtentry4.o
        52          8          0          0          0          0   __scatter.o
        26          0          0          0          0          0   __scatter_copy.o
        28          0          0          0          0          0   __scatter_zi.o
        22          0          0          0          0        100   _rserrno.o
        16          0          0          0          0         68   aeabi_memset.o
        18          0          0          0          0         80   exit.o
         6          0          0          0          0        152   heapauxi.o
         0          0          0          0          0          0   indicate_semi.o
         2          0          0          0          0          0   libinit.o
         6          0          0          0          0          0   libinit2.o
         2          0          0          0          0          0   libshutdown.o
         2          0          0          0          0          0   libshutdown2.o
         8          4          0          0         96         68   libspace.o
       238          0          0          0          0        100   lludivv7m.o
         8          4          0          0          0         68   rt_errno_addr_intlibspace.o
        68          0          0          0          0         68   rt_memclr.o
        78          0          0          0          0         80   rt_memclr_w.o
         2          0          0          0          0          0   rtexit.o
        10          0          0          0          0          0   rtexit2.o
        12          4          0          0          0         68   sys_exit.o
        74          0          0          0          0         80   sys_stackheap_outer.o
         2          0          0          0          0         68   use_no_semi.o
        24          0          0          0          0        164   basic.o
        98          4          0          0          0        140   d2f.o
       826         16          0          0          0        492   daddsub_clz.o
        16          4          0          0          0        116   dcheck1.o
       310          8          0          0          0        228   dcmp4.o
        24          0          0          0          0        116   dcmpi.o
       688        140          0          0          0        256   ddiv.o
        46          0          0          0          0        116   dflt_clz.o
       120          4          0          0          0        140   dleqf.o
       340         12          0          0          0        152   dmul.o
       156          4          0          0          0        140   dnaninf.o
        12          0          0          0          0        116   dretinf.o
       108          0          0          0          0        128   drleqf.o
       408         56          0          0          0        168   dsqrt_umaal.o
        86          4          0          0          0        132   f2d.o
       140          4          0          0          0        132   fnaninf.o
        10          0          0          0          0        116   fpinit.o
        10          0          0          0          0        116   fretinf.o
       100          0          0          0          0        116   retnan.o
        92          0          0          0          0        116   scalbn.o
        48          0          0          0          0        116   trapv.o
         0          0          0          0          0          0   usenofp.o
       164         44          0          0          0        620   dunder.o
        24          0          0          0          0        124   fabs.o
       116          0          0          0          0        164   fmax.o
       116          0          0          0          0        164   fmin.o
        48          0          0          0          0        124   fpclassify.o
       248          0          0          0          0        152   poly.o
      3152        296        136          0          0        352   pow.o
         0          0          8          0          0          0   qnan.o
       110          0          0          0          0        148   sqrt.o

    ----------------------------------------------------------------------
      8366        616        144          0        100       6232   Library Totals
        20          0          0          0          4          0   (incl. Padding)

    ----------------------------------------------------------------------

      Code (inc. data)   RO Data    RW Data    ZI Data      Debug   Library Name

       706         20          0          0         96       1068   c_w.l
      3662        256          0          0          0       3316   fz_wm.l
      3978        340        144          0          0       1848   m_wm.l

    ----------------------------------------------------------------------
      8366        616        144          0        100       6232   Library Totals

    ----------------------------------------------------------------------

==============================================================================


      Code (inc. data)   RO Data    RW Data    ZI Data      Debug   

     17854       1190        586        284       2860     733666   Grand Totals
     17854       1190        586        284       2860     733666   ELF Image Totals
     17854       1190        586        284          0          0   ROM Totals

==============================================================================

    Total RO  Size (Code + RO Data)                18440 (  18.01kB)
    Total RW  Size (RW Data + ZI Data)              3144 (   3.07kB)
    Total ROM Size (Code + RO Data + RW Data)      18724 (  18.29kB)

==============================================================================

